[0.008s] Invoking command in '/home/hein/dev/rens-fleetmanager/build/fleetmanager_interfaces': CMAKE_PREFIX_PATH=${CMAKE_PREFIX_PATH}:/opt/ros/jazzy DEBUGINFOD_URLS=https://debuginfod.ubuntu.com /usr/bin/cmake --build /home/hein/dev/rens-fleetmanager/build/fleetmanager_interfaces -- -j16 -l16
[0.030s] -- Found rosidl_default_generators: 1.6.0 (/opt/ros/jazzy/share/rosidl_default_generators/cmake)
[0.104s] -- Using all available rosidl_typesupport_c: rosidl_typesupport_fastrtps_c;rosidl_typesupport_introspection_c
[0.133s] -- Using all available rosidl_typesupport_cpp: rosidl_typesupport_fastrtps_cpp;rosidl_typesupport_introspection_cpp
[0.151s] -- Found rosidl_adapter: 4.6.6 (/opt/ros/jazzy/share/rosidl_adapter/cmake)
[0.345s] -- Found ament_cmake_ros: 0.12.0 (/opt/ros/jazzy/share/ament_cmake_ros/cmake)
[0.420s] -- Using all available rosidl_typesupport_c: rosidl_typesupport_fastrtps_c;rosidl_typesupport_introspection_c
[0.518s] -- Using all available rosidl_typesupport_cpp: rosidl_typesupport_fastrtps_cpp;rosidl_typesupport_introspection_cpp
[0.519s] -- Found python_cmake_module: 0.11.1 (/opt/ros/jazzy/share/python_cmake_module/cmake)
[0.722s] -- Found Python3: /usr/bin/python3 (found version "3.12.3") found components: Interpreter Development NumPy Development.Module Development.Embed 
[0.731s] -- Configuring done (0.7s)
[0.757s] -- Generating done (0.0s)
[0.765s] -- Build files have been written to: /home/hein/dev/rens-fleetmanager/build/fleetmanager_interfaces
[0.797s] [  1%] [34m[1mGenerating type hashes for ROS interfaces[0m
[0.806s] [  1%] Built target ament_cmake_python_copy_fleetmanager_interfaces
[0.945s] running egg_info
[0.957s] writing fleetmanager_interfaces.egg-info/PKG-INFO
[0.957s] writing dependency_links to fleetmanager_interfaces.egg-info/dependency_links.txt
[0.958s] writing top-level names to fleetmanager_interfaces.egg-info/top_level.txt
[0.966s] [  1%] Built target fleetmanager_interfaces__rosidl_generator_type_description
[0.977s] [  2%] [34m[1mGenerating C code for ROS interfaces[0m
[0.981s] [  3%] [34m[1mGenerating C++ code for ROS interfaces[0m
[0.994s] reading manifest file 'fleetmanager_interfaces.egg-info/SOURCES.txt'
[0.995s] writing manifest file 'fleetmanager_interfaces.egg-info/SOURCES.txt'
[1.015s] [  3%] Built target ament_cmake_python_build_fleetmanager_interfaces_egg
[1.257s] [  3%] Built target fleetmanager_interfaces__cpp
[1.346s] [  7%] [32mBuilding C object CMakeFiles/fleetmanager_interfaces__rosidl_generator_c.dir/rosidl_generator_c/fleetmanager_interfaces/msg/detail/map_request__type_support.c.o[0m
[1.346s] [  7%] [32mBuilding C object CMakeFiles/fleetmanager_interfaces__rosidl_generator_c.dir/rosidl_generator_c/fleetmanager_interfaces/msg/detail/error__functions.c.o[0m
[1.346s] [  9%] [32mBuilding C object CMakeFiles/fleetmanager_interfaces__rosidl_generator_c.dir/rosidl_generator_c/fleetmanager_interfaces/msg/detail/location__functions.c.o[0m
[1.346s] [  9%] [32mBuilding C object CMakeFiles/fleetmanager_interfaces__rosidl_generator_c.dir/rosidl_generator_c/fleetmanager_interfaces/msg/detail/error__description.c.o[0m
[1.346s] [  7%] [32mBuilding C object CMakeFiles/fleetmanager_interfaces__rosidl_generator_c.dir/rosidl_generator_c/fleetmanager_interfaces/msg/detail/route__description.c.o[0m
[1.346s] [ 10%] [32mBuilding C object CMakeFiles/fleetmanager_interfaces__rosidl_generator_c.dir/rosidl_generator_c/fleetmanager_interfaces/msg/detail/map_request__description.c.o[0m
[1.347s] [ 11%] [32mBuilding C object CMakeFiles/fleetmanager_interfaces__rosidl_generator_c.dir/rosidl_generator_c/fleetmanager_interfaces/msg/detail/map_request__functions.c.o[0m
[1.347s] [ 16%] [32mBuilding C object CMakeFiles/fleetmanager_interfaces__rosidl_generator_c.dir/rosidl_generator_c/fleetmanager_interfaces/msg/detail/status__description.c.o[0m
[1.347s] [ 16%] [32mBuilding C object CMakeFiles/fleetmanager_interfaces__rosidl_generator_c.dir/rosidl_generator_c/fleetmanager_interfaces/msg/detail/route__type_support.c.o[0m
[1.347s] [ 13%] [32mBuilding C object CMakeFiles/fleetmanager_interfaces__rosidl_generator_c.dir/rosidl_generator_c/fleetmanager_interfaces/msg/detail/location__type_support.c.o[0m
[1.348s] [ 17%] [32mBuilding C object CMakeFiles/fleetmanager_interfaces__rosidl_generator_c.dir/rosidl_generator_c/fleetmanager_interfaces/msg/detail/error__type_support.c.o[0m
[1.348s] [ 14%] [32mBuilding C object CMakeFiles/fleetmanager_interfaces__rosidl_generator_c.dir/rosidl_generator_c/fleetmanager_interfaces/msg/detail/route__functions.c.o[0m
[1.348s] [ 19%] [32mBuilding C object CMakeFiles/fleetmanager_interfaces__rosidl_generator_c.dir/rosidl_generator_c/fleetmanager_interfaces/msg/detail/location__description.c.o[0m
[1.351s] [ 20%] [32mBuilding C object CMakeFiles/fleetmanager_interfaces__rosidl_generator_c.dir/rosidl_generator_c/fleetmanager_interfaces/msg/detail/task__description.c.o[0m
[1.351s] [ 21%] [32mBuilding C object CMakeFiles/fleetmanager_interfaces__rosidl_generator_c.dir/rosidl_generator_c/fleetmanager_interfaces/msg/detail/status__functions.c.o[0m
[1.355s] [ 22%] [32mBuilding C object CMakeFiles/fleetmanager_interfaces__rosidl_generator_c.dir/rosidl_generator_c/fleetmanager_interfaces/msg/detail/status__type_support.c.o[0m
[1.376s] [ 23%] [32mBuilding C object CMakeFiles/fleetmanager_interfaces__rosidl_generator_c.dir/rosidl_generator_c/fleetmanager_interfaces/msg/detail/task__functions.c.o[0m
[1.385s] [ 25%] [32mBuilding C object CMakeFiles/fleetmanager_interfaces__rosidl_generator_c.dir/rosidl_generator_c/fleetmanager_interfaces/msg/detail/task__type_support.c.o[0m
[1.420s] [ 26%] [32m[1mLinking C shared library libfleetmanager_interfaces__rosidl_generator_c.so[0m
[1.456s] [ 26%] Built target fleetmanager_interfaces__rosidl_generator_c
[1.463s] [ 27%] [34m[1mGenerating C type support dispatch for ROS interfaces[0m
[1.463s] [ 28%] [34m[1mGenerating C++ introspection for ROS interfaces[0m
[1.464s] [ 29%] [34m[1mGenerating C introspection for ROS interfaces[0m
[1.466s] [ 32%] [34m[1mGenerating C type support for eProsima Fast-RTPS[0m
[1.466s] [ 32%] [34m[1mGenerating C++ type support dispatch for ROS interfaces[0m
[1.467s] [ 33%] [34m[1mGenerating C++ type support for eProsima Fast-RTPS[0m
[1.666s] [ 34%] [32mBuilding CXX object CMakeFiles/fleetmanager_interfaces__rosidl_typesupport_c.dir/rosidl_typesupport_c/fleetmanager_interfaces/msg/error__type_support.cpp.o[0m
[1.666s] [ 36%] [32mBuilding CXX object CMakeFiles/fleetmanager_interfaces__rosidl_typesupport_c.dir/rosidl_typesupport_c/fleetmanager_interfaces/msg/location__type_support.cpp.o[0m
[1.666s] [ 38%] [32mBuilding CXX object CMakeFiles/fleetmanager_interfaces__rosidl_typesupport_c.dir/rosidl_typesupport_c/fleetmanager_interfaces/msg/route__type_support.cpp.o[0m
[1.666s] [ 38%] [32mBuilding CXX object CMakeFiles/fleetmanager_interfaces__rosidl_typesupport_c.dir/rosidl_typesupport_c/fleetmanager_interfaces/msg/map_request__type_support.cpp.o[0m
[1.666s] [ 39%] [32mBuilding CXX object CMakeFiles/fleetmanager_interfaces__rosidl_typesupport_c.dir/rosidl_typesupport_c/fleetmanager_interfaces/msg/task__type_support.cpp.o[0m
[1.666s] [ 40%] [32mBuilding CXX object CMakeFiles/fleetmanager_interfaces__rosidl_typesupport_c.dir/rosidl_typesupport_c/fleetmanager_interfaces/msg/status__type_support.cpp.o[0m
[1.707s] [ 41%] [32m[1mLinking CXX shared library libfleetmanager_interfaces__rosidl_typesupport_c.so[0m
[1.721s] [ 42%] [32mBuilding CXX object CMakeFiles/fleetmanager_interfaces__rosidl_typesupport_introspection_cpp.dir/rosidl_typesupport_introspection_cpp/fleetmanager_interfaces/msg/detail/map_request__type_support.cpp.o[0m
[1.721s] [ 45%] [32mBuilding CXX object CMakeFiles/fleetmanager_interfaces__rosidl_typesupport_introspection_cpp.dir/rosidl_typesupport_introspection_cpp/fleetmanager_interfaces/msg/detail/location__type_support.cpp.o[0m
[1.721s] [ 45%] [32mBuilding CXX object CMakeFiles/fleetmanager_interfaces__rosidl_typesupport_introspection_cpp.dir/rosidl_typesupport_introspection_cpp/fleetmanager_interfaces/msg/detail/error__type_support.cpp.o[0m
[1.721s] [ 46%] [32mBuilding CXX object CMakeFiles/fleetmanager_interfaces__rosidl_typesupport_introspection_cpp.dir/rosidl_typesupport_introspection_cpp/fleetmanager_interfaces/msg/detail/route__type_support.cpp.o[0m
[1.721s] [ 47%] [32mBuilding CXX object CMakeFiles/fleetmanager_interfaces__rosidl_typesupport_introspection_cpp.dir/rosidl_typesupport_introspection_cpp/fleetmanager_interfaces/msg/detail/status__type_support.cpp.o[0m
[1.721s] [ 48%] [32mBuilding CXX object CMakeFiles/fleetmanager_interfaces__rosidl_typesupport_introspection_cpp.dir/rosidl_typesupport_introspection_cpp/fleetmanager_interfaces/msg/detail/task__type_support.cpp.o[0m
[1.743s] [ 48%] Built target fleetmanager_interfaces__rosidl_typesupport_c
[1.856s] [ 50%] [32mBuilding CXX object CMakeFiles/fleetmanager_interfaces__rosidl_typesupport_cpp.dir/rosidl_typesupport_cpp/fleetmanager_interfaces/msg/error__type_support.cpp.o[0m
[1.857s] [ 51%] [32mBuilding CXX object CMakeFiles/fleetmanager_interfaces__rosidl_typesupport_cpp.dir/rosidl_typesupport_cpp/fleetmanager_interfaces/msg/location__type_support.cpp.o[0m
[1.865s] [ 52%] [32mBuilding CXX object CMakeFiles/fleetmanager_interfaces__rosidl_typesupport_cpp.dir/rosidl_typesupport_cpp/fleetmanager_interfaces/msg/status__type_support.cpp.o[0m
[1.865s] [ 53%] [32mBuilding CXX object CMakeFiles/fleetmanager_interfaces__rosidl_typesupport_cpp.dir/rosidl_typesupport_cpp/fleetmanager_interfaces/msg/map_request__type_support.cpp.o[0m
[1.871s] [ 54%] [32mBuilding CXX object CMakeFiles/fleetmanager_interfaces__rosidl_typesupport_cpp.dir/rosidl_typesupport_cpp/fleetmanager_interfaces/msg/route__type_support.cpp.o[0m
[1.871s] [ 55%] [32mBuilding CXX object CMakeFiles/fleetmanager_interfaces__rosidl_typesupport_cpp.dir/rosidl_typesupport_cpp/fleetmanager_interfaces/msg/task__type_support.cpp.o[0m
[1.999s] [ 57%] [32mBuilding C object CMakeFiles/fleetmanager_interfaces__rosidl_typesupport_introspection_c.dir/rosidl_typesupport_introspection_c/fleetmanager_interfaces/msg/detail/error__type_support.c.o[0m
[2.007s] [ 58%] [32mBuilding C object CMakeFiles/fleetmanager_interfaces__rosidl_typesupport_introspection_c.dir/rosidl_typesupport_introspection_c/fleetmanager_interfaces/msg/detail/location__type_support.c.o[0m
[2.023s] [ 59%] [32mBuilding C object CMakeFiles/fleetmanager_interfaces__rosidl_typesupport_introspection_c.dir/rosidl_typesupport_introspection_c/fleetmanager_interfaces/msg/detail/map_request__type_support.c.o[0m
[2.037s] [ 60%] [32mBuilding C object CMakeFiles/fleetmanager_interfaces__rosidl_typesupport_introspection_c.dir/rosidl_typesupport_introspection_c/fleetmanager_interfaces/msg/detail/route__type_support.c.o[0m
[2.047s] [ 61%] [32mBuilding C object CMakeFiles/fleetmanager_interfaces__rosidl_typesupport_introspection_c.dir/rosidl_typesupport_introspection_c/fleetmanager_interfaces/msg/detail/status__type_support.c.o[0m
[2.048s] [ 63%] [32mBuilding C object CMakeFiles/fleetmanager_interfaces__rosidl_typesupport_introspection_c.dir/rosidl_typesupport_introspection_c/fleetmanager_interfaces/msg/detail/task__type_support.c.o[0m
[2.074s] [ 64%] [32mBuilding CXX object CMakeFiles/fleetmanager_interfaces__rosidl_typesupport_fastrtps_c.dir/rosidl_typesupport_fastrtps_c/fleetmanager_interfaces/msg/detail/error__type_support_c.cpp.o[0m
[2.076s] [ 65%] [32mBuilding CXX object CMakeFiles/fleetmanager_interfaces__rosidl_typesupport_fastrtps_c.dir/rosidl_typesupport_fastrtps_c/fleetmanager_interfaces/msg/detail/location__type_support_c.cpp.o[0m
[2.076s] [ 66%] [32mBuilding CXX object CMakeFiles/fleetmanager_interfaces__rosidl_typesupport_fastrtps_c.dir/rosidl_typesupport_fastrtps_c/fleetmanager_interfaces/msg/detail/map_request__type_support_c.cpp.o[0m
[2.080s] [ 67%] [32mBuilding CXX object CMakeFiles/fleetmanager_interfaces__rosidl_typesupport_fastrtps_cpp.dir/rosidl_typesupport_fastrtps_cpp/fleetmanager_interfaces/msg/detail/dds_fastrtps/error__type_support.cpp.o[0m
[2.080s] [ 69%] [32mBuilding CXX object CMakeFiles/fleetmanager_interfaces__rosidl_typesupport_fastrtps_c.dir/rosidl_typesupport_fastrtps_c/fleetmanager_interfaces/msg/detail/route__type_support_c.cpp.o[0m
[2.081s] [ 70%] [32mBuilding CXX object CMakeFiles/fleetmanager_interfaces__rosidl_typesupport_fastrtps_c.dir/rosidl_typesupport_fastrtps_c/fleetmanager_interfaces/msg/detail/status__type_support_c.cpp.o[0m
[2.088s] [ 71%] [32mBuilding CXX object CMakeFiles/fleetmanager_interfaces__rosidl_typesupport_fastrtps_cpp.dir/rosidl_typesupport_fastrtps_cpp/fleetmanager_interfaces/msg/detail/dds_fastrtps/location__type_support.cpp.o[0m
[2.089s] [ 72%] [32mBuilding CXX object CMakeFiles/fleetmanager_interfaces__rosidl_typesupport_fastrtps_c.dir/rosidl_typesupport_fastrtps_c/fleetmanager_interfaces/msg/detail/task__type_support_c.cpp.o[0m
[2.099s] [ 73%] [32m[1mLinking C shared library libfleetmanager_interfaces__rosidl_typesupport_introspection_c.so[0m
[2.105s] [ 75%] [32m[1mLinking CXX shared library libfleetmanager_interfaces__rosidl_typesupport_introspection_cpp.so[0m
[2.166s] [ 75%] Built target fleetmanager_interfaces__rosidl_typesupport_introspection_c
[2.190s] [ 76%] [32mBuilding CXX object CMakeFiles/fleetmanager_interfaces__rosidl_typesupport_fastrtps_cpp.dir/rosidl_typesupport_fastrtps_cpp/fleetmanager_interfaces/msg/detail/dds_fastrtps/map_request__type_support.cpp.o[0m
[2.202s] [ 77%] [32mBuilding CXX object CMakeFiles/fleetmanager_interfaces__rosidl_typesupport_fastrtps_cpp.dir/rosidl_typesupport_fastrtps_cpp/fleetmanager_interfaces/msg/detail/dds_fastrtps/route__type_support.cpp.o[0m
[2.246s] [ 78%] [32mBuilding CXX object CMakeFiles/fleetmanager_interfaces__rosidl_typesupport_fastrtps_cpp.dir/rosidl_typesupport_fastrtps_cpp/fleetmanager_interfaces/msg/detail/dds_fastrtps/status__type_support.cpp.o[0m
[2.246s] [ 78%] Built target fleetmanager_interfaces__rosidl_typesupport_introspection_cpp
[2.266s] [ 79%] [32mBuilding CXX object CMakeFiles/fleetmanager_interfaces__rosidl_typesupport_fastrtps_cpp.dir/rosidl_typesupport_fastrtps_cpp/fleetmanager_interfaces/msg/detail/dds_fastrtps/task__type_support.cpp.o[0m
[2.422s] [ 80%] [32m[1mLinking CXX shared library libfleetmanager_interfaces__rosidl_typesupport_cpp.so[0m
[2.526s] [ 80%] Built target fleetmanager_interfaces__rosidl_typesupport_cpp
[2.783s] [ 82%] [32m[1mLinking CXX shared library libfleetmanager_interfaces__rosidl_typesupport_fastrtps_cpp.so[0m
[2.796s] [ 83%] [32m[1mLinking CXX shared library libfleetmanager_interfaces__rosidl_typesupport_fastrtps_c.so[0m
[2.844s] [ 83%] Built target fleetmanager_interfaces__rosidl_typesupport_fastrtps_cpp
[2.850s] [ 83%] Built target fleetmanager_interfaces__rosidl_typesupport_fastrtps_c
[2.867s] [ 83%] Built target fleetmanager_interfaces
[2.887s] [ 84%] [34m[1mGenerating Python code for ROS interfaces[0m
[3.249s] [ 84%] Built target fleetmanager_interfaces__py
[3.273s] [ 85%] [32mBuilding C object CMakeFiles/fleetmanager_interfaces__rosidl_generator_py.dir/rosidl_generator_py/fleetmanager_interfaces/msg/_location_s.c.o[0m
[3.274s] [ 86%] [32mBuilding C object CMakeFiles/fleetmanager_interfaces__rosidl_generator_py.dir/rosidl_generator_py/fleetmanager_interfaces/msg/_error_s.c.o[0m
[3.276s] [ 89%] [32mBuilding C object CMakeFiles/fleetmanager_interfaces__rosidl_generator_py.dir/rosidl_generator_py/fleetmanager_interfaces/msg/_route_s.c.o[0m
[3.276s] [ 89%] [32mBuilding C object CMakeFiles/fleetmanager_interfaces__rosidl_generator_py.dir/rosidl_generator_py/fleetmanager_interfaces/msg/_status_s.c.o[0m
[3.277s] [ 90%] [32mBuilding C object CMakeFiles/fleetmanager_interfaces__rosidl_generator_py.dir/rosidl_generator_py/fleetmanager_interfaces/msg/_map_request_s.c.o[0m
[3.277s] [ 91%] [32mBuilding C object CMakeFiles/fleetmanager_interfaces__rosidl_generator_py.dir/rosidl_generator_py/fleetmanager_interfaces/msg/_task_s.c.o[0m
[3.401s] [ 92%] [32m[1mLinking C shared library libfleetmanager_interfaces__rosidl_generator_py.so[0m
[3.438s] [ 92%] Built target fleetmanager_interfaces__rosidl_generator_py
[3.455s] [ 94%] [32mBuilding C object CMakeFiles/fleetmanager_interfaces_s__rosidl_typesupport_introspection_c.dir/rosidl_generator_py/fleetmanager_interfaces/_fleetmanager_interfaces_s.ep.rosidl_typesupport_introspection_c.c.o[0m
[3.458s] [ 95%] [32mBuilding C object CMakeFiles/fleetmanager_interfaces_s__rosidl_typesupport_c.dir/rosidl_generator_py/fleetmanager_interfaces/_fleetmanager_interfaces_s.ep.rosidl_typesupport_c.c.o[0m
[3.461s] [ 96%] [32mBuilding C object CMakeFiles/fleetmanager_interfaces_s__rosidl_typesupport_fastrtps_c.dir/rosidl_generator_py/fleetmanager_interfaces/_fleetmanager_interfaces_s.ep.rosidl_typesupport_fastrtps_c.c.o[0m
[3.526s] [ 97%] [32m[1mLinking C shared module rosidl_generator_py/fleetmanager_interfaces/fleetmanager_interfaces_s__rosidl_typesupport_introspection_c.so[0m
[3.531s] [ 98%] [32m[1mLinking C shared module rosidl_generator_py/fleetmanager_interfaces/fleetmanager_interfaces_s__rosidl_typesupport_c.so[0m
[3.553s] [ 98%] Built target fleetmanager_interfaces_s__rosidl_typesupport_introspection_c
[3.564s] [ 98%] Built target fleetmanager_interfaces_s__rosidl_typesupport_c
[3.569s] [100%] [32m[1mLinking C shared module rosidl_generator_py/fleetmanager_interfaces/fleetmanager_interfaces_s__rosidl_typesupport_fastrtps_c.so[0m
[3.595s] [100%] Built target fleetmanager_interfaces_s__rosidl_typesupport_fastrtps_c
[3.604s] Invoked command in '/home/hein/dev/rens-fleetmanager/build/fleetmanager_interfaces' returned '0': CMAKE_PREFIX_PATH=${CMAKE_PREFIX_PATH}:/opt/ros/jazzy DEBUGINFOD_URLS=https://debuginfod.ubuntu.com /usr/bin/cmake --build /home/hein/dev/rens-fleetmanager/build/fleetmanager_interfaces -- -j16 -l16
[3.612s] Invoking command in '/home/hein/dev/rens-fleetmanager/build/fleetmanager_interfaces': CMAKE_PREFIX_PATH=${CMAKE_PREFIX_PATH}:/opt/ros/jazzy DEBUGINFOD_URLS=https://debuginfod.ubuntu.com /usr/bin/cmake --install /home/hein/dev/rens-fleetmanager/build/fleetmanager_interfaces
[3.618s] -- Install configuration: ""
[3.618s] -- Installing: /home/hein/dev/rens-fleetmanager/install/fleetmanager_interfaces/share/ament_index/resource_index/rosidl_interfaces/fleetmanager_interfaces
[3.618s] -- Installing: /home/hein/dev/rens-fleetmanager/install/fleetmanager_interfaces/share/fleetmanager_interfaces/msg/Error.json
[3.618s] -- Installing: /home/hein/dev/rens-fleetmanager/install/fleetmanager_interfaces/share/fleetmanager_interfaces/msg/Location.json
[3.619s] -- Installing: /home/hein/dev/rens-fleetmanager/install/fleetmanager_interfaces/share/fleetmanager_interfaces/msg/MapRequest.json
[3.619s] -- Installing: /home/hein/dev/rens-fleetmanager/install/fleetmanager_interfaces/share/fleetmanager_interfaces/msg/Route.json
[3.619s] -- Installing: /home/hein/dev/rens-fleetmanager/install/fleetmanager_interfaces/share/fleetmanager_interfaces/msg/Status.json
[3.619s] -- Installing: /home/hein/dev/rens-fleetmanager/install/fleetmanager_interfaces/share/fleetmanager_interfaces/msg/Task.json
[3.619s] -- Up-to-date: /home/hein/dev/rens-fleetmanager/install/fleetmanager_interfaces/include/fleetmanager_interfaces/fleetmanager_interfaces
[3.619s] -- Up-to-date: /home/hein/dev/rens-fleetmanager/install/fleetmanager_interfaces/include/fleetmanager_interfaces/fleetmanager_interfaces/msg
[3.619s] -- Installing: /home/hein/dev/rens-fleetmanager/install/fleetmanager_interfaces/include/fleetmanager_interfaces/fleetmanager_interfaces/msg/status.h
[3.619s] -- Installing: /home/hein/dev/rens-fleetmanager/install/fleetmanager_interfaces/include/fleetmanager_interfaces/fleetmanager_interfaces/msg/location.h
[3.619s] -- Up-to-date: /home/hein/dev/rens-fleetmanager/install/fleetmanager_interfaces/include/fleetmanager_interfaces/fleetmanager_interfaces/msg/rosidl_generator_c__visibility_control.h
[3.619s] -- Up-to-date: /home/hein/dev/rens-fleetmanager/install/fleetmanager_interfaces/include/fleetmanager_interfaces/fleetmanager_interfaces/msg/detail
[3.619s] -- Installing: /home/hein/dev/rens-fleetmanager/install/fleetmanager_interfaces/include/fleetmanager_interfaces/fleetmanager_interfaces/msg/detail/task__functions.c
[3.619s] -- Up-to-date: /home/hein/dev/rens-fleetmanager/install/fleetmanager_interfaces/include/fleetmanager_interfaces/fleetmanager_interfaces/msg/detail/task_move_to__type_support.c
[3.620s] -- Installing: /home/hein/dev/rens-fleetmanager/install/fleetmanager_interfaces/include/fleetmanager_interfaces/fleetmanager_interfaces/msg/detail/task__description.c
[3.620s] -- Installing: /home/hein/dev/rens-fleetmanager/install/fleetmanager_interfaces/include/fleetmanager_interfaces/fleetmanager_interfaces/msg/detail/route__functions.c
[3.620s] -- Up-to-date: /home/hein/dev/rens-fleetmanager/install/fleetmanager_interfaces/include/fleetmanager_interfaces/fleetmanager_interfaces/msg/detail/task_move_to__description.c
[3.620s] -- Installing: /home/hein/dev/rens-fleetmanager/install/fleetmanager_interfaces/include/fleetmanager_interfaces/fleetmanager_interfaces/msg/detail/error__description.c
[3.620s] -- Installing: /home/hein/dev/rens-fleetmanager/install/fleetmanager_interfaces/include/fleetmanager_interfaces/fleetmanager_interfaces/msg/detail/location__description.c
[3.620s] -- Installing: /home/hein/dev/rens-fleetmanager/install/fleetmanager_interfaces/include/fleetmanager_interfaces/fleetmanager_interfaces/msg/detail/task__type_support.h
[3.620s] -- Installing: /home/hein/dev/rens-fleetmanager/install/fleetmanager_interfaces/include/fleetmanager_interfaces/fleetmanager_interfaces/msg/detail/error__type_support.c
[3.620s] -- Installing: /home/hein/dev/rens-fleetmanager/install/fleetmanager_interfaces/include/fleetmanager_interfaces/fleetmanager_interfaces/msg/detail/route__functions.h
[3.620s] -- Installing: /home/hein/dev/rens-fleetmanager/install/fleetmanager_interfaces/include/fleetmanager_interfaces/fleetmanager_interfaces/msg/detail/route__struct.h
[3.620s] -- Installing: /home/hein/dev/rens-fleetmanager/install/fleetmanager_interfaces/include/fleetmanager_interfaces/fleetmanager_interfaces/msg/detail/map_request__description.c
[3.620s] -- Installing: /home/hein/dev/rens-fleetmanager/install/fleetmanager_interfaces/include/fleetmanager_interfaces/fleetmanager_interfaces/msg/detail/status__type_support.h
[3.620s] -- Up-to-date: /home/hein/dev/rens-fleetmanager/install/fleetmanager_interfaces/include/fleetmanager_interfaces/fleetmanager_interfaces/msg/detail/task_move_to__struct.h
[3.620s] -- Installing: /home/hein/dev/rens-fleetmanager/install/fleetmanager_interfaces/include/fleetmanager_interfaces/fleetmanager_interfaces/msg/detail/location__type_support.c
[3.621s] -- Installing: /home/hein/dev/rens-fleetmanager/install/fleetmanager_interfaces/include/fleetmanager_interfaces/fleetmanager_interfaces/msg/detail/map_request__struct.h
[3.621s] -- Installing: /home/hein/dev/rens-fleetmanager/install/fleetmanager_interfaces/include/fleetmanager_interfaces/fleetmanager_interfaces/msg/detail/task__functions.h
[3.621s] -- Installing: /home/hein/dev/rens-fleetmanager/install/fleetmanager_interfaces/include/fleetmanager_interfaces/fleetmanager_interfaces/msg/detail/location__type_support.h
[3.621s] -- Installing: /home/hein/dev/rens-fleetmanager/install/fleetmanager_interfaces/include/fleetmanager_interfaces/fleetmanager_interfaces/msg/detail/status__type_support.c
[3.621s] -- Installing: /home/hein/dev/rens-fleetmanager/install/fleetmanager_interfaces/include/fleetmanager_interfaces/fleetmanager_interfaces/msg/detail/route__type_support.h
[3.621s] -- Up-to-date: /home/hein/dev/rens-fleetmanager/install/fleetmanager_interfaces/include/fleetmanager_interfaces/fleetmanager_interfaces/msg/detail/task_move_to__functions.h
[3.621s] -- Installing: /home/hein/dev/rens-fleetmanager/install/fleetmanager_interfaces/include/fleetmanager_interfaces/fleetmanager_interfaces/msg/detail/status__functions.h
[3.621s] -- Installing: /home/hein/dev/rens-fleetmanager/install/fleetmanager_interfaces/include/fleetmanager_interfaces/fleetmanager_interfaces/msg/detail/map_request__functions.h
[3.621s] -- Installing: /home/hein/dev/rens-fleetmanager/install/fleetmanager_interfaces/include/fleetmanager_interfaces/fleetmanager_interfaces/msg/detail/route__type_support.c
[3.621s] -- Installing: /home/hein/dev/rens-fleetmanager/install/fleetmanager_interfaces/include/fleetmanager_interfaces/fleetmanager_interfaces/msg/detail/task__type_support.c
[3.621s] -- Installing: /home/hein/dev/rens-fleetmanager/install/fleetmanager_interfaces/include/fleetmanager_interfaces/fleetmanager_interfaces/msg/detail/error__functions.h
[3.621s] -- Up-to-date: /home/hein/dev/rens-fleetmanager/install/fleetmanager_interfaces/include/fleetmanager_interfaces/fleetmanager_interfaces/msg/detail/task_move_to__type_support.h
[3.621s] -- Installing: /home/hein/dev/rens-fleetmanager/install/fleetmanager_interfaces/include/fleetmanager_interfaces/fleetmanager_interfaces/msg/detail/map_request__functions.c
[3.621s] -- Installing: /home/hein/dev/rens-fleetmanager/install/fleetmanager_interfaces/include/fleetmanager_interfaces/fleetmanager_interfaces/msg/detail/map_request__type_support.c
[3.622s] -- Up-to-date: /home/hein/dev/rens-fleetmanager/install/fleetmanager_interfaces/include/fleetmanager_interfaces/fleetmanager_interfaces/msg/detail/task_move_to__functions.c
[3.622s] -- Installing: /home/hein/dev/rens-fleetmanager/install/fleetmanager_interfaces/include/fleetmanager_interfaces/fleetmanager_interfaces/msg/detail/route__description.c
[3.622s] -- Installing: /home/hein/dev/rens-fleetmanager/install/fleetmanager_interfaces/include/fleetmanager_interfaces/fleetmanager_interfaces/msg/detail/location__functions.c
[3.622s] -- Installing: /home/hein/dev/rens-fleetmanager/install/fleetmanager_interfaces/include/fleetmanager_interfaces/fleetmanager_interfaces/msg/detail/location__functions.h
[3.622s] -- Installing: /home/hein/dev/rens-fleetmanager/install/fleetmanager_interfaces/include/fleetmanager_interfaces/fleetmanager_interfaces/msg/detail/location__struct.h
[3.622s] -- Installing: /home/hein/dev/rens-fleetmanager/install/fleetmanager_interfaces/include/fleetmanager_interfaces/fleetmanager_interfaces/msg/detail/map_request__type_support.h
[3.622s] -- Installing: /home/hein/dev/rens-fleetmanager/install/fleetmanager_interfaces/include/fleetmanager_interfaces/fleetmanager_interfaces/msg/detail/error__type_support.h
[3.622s] -- Installing: /home/hein/dev/rens-fleetmanager/install/fleetmanager_interfaces/include/fleetmanager_interfaces/fleetmanager_interfaces/msg/detail/error__struct.h
[3.622s] -- Installing: /home/hein/dev/rens-fleetmanager/install/fleetmanager_interfaces/include/fleetmanager_interfaces/fleetmanager_interfaces/msg/detail/status__functions.c
[3.622s] -- Installing: /home/hein/dev/rens-fleetmanager/install/fleetmanager_interfaces/include/fleetmanager_interfaces/fleetmanager_interfaces/msg/detail/error__functions.c
[3.622s] -- Installing: /home/hein/dev/rens-fleetmanager/install/fleetmanager_interfaces/include/fleetmanager_interfaces/fleetmanager_interfaces/msg/detail/status__struct.h
[3.622s] -- Installing: /home/hein/dev/rens-fleetmanager/install/fleetmanager_interfaces/include/fleetmanager_interfaces/fleetmanager_interfaces/msg/detail/task__struct.h
[3.622s] -- Installing: /home/hein/dev/rens-fleetmanager/install/fleetmanager_interfaces/include/fleetmanager_interfaces/fleetmanager_interfaces/msg/detail/status__description.c
[3.623s] -- Installing: /home/hein/dev/rens-fleetmanager/install/fleetmanager_interfaces/include/fleetmanager_interfaces/fleetmanager_interfaces/msg/route.h
[3.623s] -- Installing: /home/hein/dev/rens-fleetmanager/install/fleetmanager_interfaces/include/fleetmanager_interfaces/fleetmanager_interfaces/msg/task.h
[3.623s] -- Installing: /home/hein/dev/rens-fleetmanager/install/fleetmanager_interfaces/include/fleetmanager_interfaces/fleetmanager_interfaces/msg/error.h
[3.623s] -- Installing: /home/hein/dev/rens-fleetmanager/install/fleetmanager_interfaces/include/fleetmanager_interfaces/fleetmanager_interfaces/msg/map_request.h
[3.623s] -- Up-to-date: /home/hein/dev/rens-fleetmanager/install/fleetmanager_interfaces/include/fleetmanager_interfaces/fleetmanager_interfaces/msg/task_move_to.h
[3.623s] -- Up-to-date: /home/hein/dev/rens-fleetmanager/install/fleetmanager_interfaces/share/fleetmanager_interfaces/environment/library_path.sh
[3.623s] -- Up-to-date: /home/hein/dev/rens-fleetmanager/install/fleetmanager_interfaces/share/fleetmanager_interfaces/environment/library_path.dsv
[3.623s] -- Installing: /home/hein/dev/rens-fleetmanager/install/fleetmanager_interfaces/lib/libfleetmanager_interfaces__rosidl_generator_c.so
[3.623s] -- Set non-toolchain portion of runtime path of "/home/hein/dev/rens-fleetmanager/install/fleetmanager_interfaces/lib/libfleetmanager_interfaces__rosidl_generator_c.so" to ""
[3.623s] -- Up-to-date: /home/hein/dev/rens-fleetmanager/install/fleetmanager_interfaces/include/fleetmanager_interfaces/fleetmanager_interfaces
[3.624s] -- Up-to-date: /home/hein/dev/rens-fleetmanager/install/fleetmanager_interfaces/include/fleetmanager_interfaces/fleetmanager_interfaces/msg
[3.624s] -- Up-to-date: /home/hein/dev/rens-fleetmanager/install/fleetmanager_interfaces/include/fleetmanager_interfaces/fleetmanager_interfaces/msg/rosidl_typesupport_fastrtps_c__visibility_control.h
[3.624s] -- Up-to-date: /home/hein/dev/rens-fleetmanager/install/fleetmanager_interfaces/include/fleetmanager_interfaces/fleetmanager_interfaces/msg/detail
[3.624s] -- Up-to-date: /home/hein/dev/rens-fleetmanager/install/fleetmanager_interfaces/include/fleetmanager_interfaces/fleetmanager_interfaces/msg/detail/task_move_to__rosidl_typesupport_fastrtps_c.h
[3.624s] -- Installing: /home/hein/dev/rens-fleetmanager/install/fleetmanager_interfaces/include/fleetmanager_interfaces/fleetmanager_interfaces/msg/detail/status__rosidl_typesupport_fastrtps_c.h
[3.624s] -- Installing: /home/hein/dev/rens-fleetmanager/install/fleetmanager_interfaces/include/fleetmanager_interfaces/fleetmanager_interfaces/msg/detail/map_request__rosidl_typesupport_fastrtps_c.h
[3.624s] -- Installing: /home/hein/dev/rens-fleetmanager/install/fleetmanager_interfaces/include/fleetmanager_interfaces/fleetmanager_interfaces/msg/detail/location__rosidl_typesupport_fastrtps_c.h
[3.624s] -- Installing: /home/hein/dev/rens-fleetmanager/install/fleetmanager_interfaces/include/fleetmanager_interfaces/fleetmanager_interfaces/msg/detail/task__rosidl_typesupport_fastrtps_c.h
[3.624s] -- Installing: /home/hein/dev/rens-fleetmanager/install/fleetmanager_interfaces/include/fleetmanager_interfaces/fleetmanager_interfaces/msg/detail/route__rosidl_typesupport_fastrtps_c.h
[3.624s] -- Installing: /home/hein/dev/rens-fleetmanager/install/fleetmanager_interfaces/include/fleetmanager_interfaces/fleetmanager_interfaces/msg/detail/error__rosidl_typesupport_fastrtps_c.h
[3.624s] -- Installing: /home/hein/dev/rens-fleetmanager/install/fleetmanager_interfaces/lib/libfleetmanager_interfaces__rosidl_typesupport_fastrtps_c.so
[3.624s] -- Set non-toolchain portion of runtime path of "/home/hein/dev/rens-fleetmanager/install/fleetmanager_interfaces/lib/libfleetmanager_interfaces__rosidl_typesupport_fastrtps_c.so" to ""
[3.625s] -- Up-to-date: /home/hein/dev/rens-fleetmanager/install/fleetmanager_interfaces/include/fleetmanager_interfaces/fleetmanager_interfaces
[3.625s] -- Up-to-date: /home/hein/dev/rens-fleetmanager/install/fleetmanager_interfaces/include/fleetmanager_interfaces/fleetmanager_interfaces/msg
[3.625s] -- Up-to-date: /home/hein/dev/rens-fleetmanager/install/fleetmanager_interfaces/include/fleetmanager_interfaces/fleetmanager_interfaces/msg/detail
[3.625s] -- Installing: /home/hein/dev/rens-fleetmanager/install/fleetmanager_interfaces/include/fleetmanager_interfaces/fleetmanager_interfaces/msg/detail/route__rosidl_typesupport_introspection_c.h
[3.625s] -- Up-to-date: /home/hein/dev/rens-fleetmanager/install/fleetmanager_interfaces/include/fleetmanager_interfaces/fleetmanager_interfaces/msg/detail/task_move_to__type_support.c
[3.625s] -- Installing: /home/hein/dev/rens-fleetmanager/install/fleetmanager_interfaces/include/fleetmanager_interfaces/fleetmanager_interfaces/msg/detail/error__type_support.c
[3.625s] -- Up-to-date: /home/hein/dev/rens-fleetmanager/install/fleetmanager_interfaces/include/fleetmanager_interfaces/fleetmanager_interfaces/msg/detail/task_move_to__rosidl_typesupport_introspection_c.h
[3.625s] -- Installing: /home/hein/dev/rens-fleetmanager/install/fleetmanager_interfaces/include/fleetmanager_interfaces/fleetmanager_interfaces/msg/detail/location__type_support.c
[3.625s] -- Installing: /home/hein/dev/rens-fleetmanager/install/fleetmanager_interfaces/include/fleetmanager_interfaces/fleetmanager_interfaces/msg/detail/map_request__rosidl_typesupport_introspection_c.h
[3.625s] -- Installing: /home/hein/dev/rens-fleetmanager/install/fleetmanager_interfaces/include/fleetmanager_interfaces/fleetmanager_interfaces/msg/detail/status__type_support.c
[3.625s] -- Installing: /home/hein/dev/rens-fleetmanager/install/fleetmanager_interfaces/include/fleetmanager_interfaces/fleetmanager_interfaces/msg/detail/error__rosidl_typesupport_introspection_c.h
[3.625s] -- Installing: /home/hein/dev/rens-fleetmanager/install/fleetmanager_interfaces/include/fleetmanager_interfaces/fleetmanager_interfaces/msg/detail/route__type_support.c
[3.625s] -- Installing: /home/hein/dev/rens-fleetmanager/install/fleetmanager_interfaces/include/fleetmanager_interfaces/fleetmanager_interfaces/msg/detail/task__type_support.c
[3.626s] -- Installing: /home/hein/dev/rens-fleetmanager/install/fleetmanager_interfaces/include/fleetmanager_interfaces/fleetmanager_interfaces/msg/detail/status__rosidl_typesupport_introspection_c.h
[3.626s] -- Installing: /home/hein/dev/rens-fleetmanager/install/fleetmanager_interfaces/include/fleetmanager_interfaces/fleetmanager_interfaces/msg/detail/map_request__type_support.c
[3.626s] -- Installing: /home/hein/dev/rens-fleetmanager/install/fleetmanager_interfaces/include/fleetmanager_interfaces/fleetmanager_interfaces/msg/detail/task__rosidl_typesupport_introspection_c.h
[3.626s] -- Installing: /home/hein/dev/rens-fleetmanager/install/fleetmanager_interfaces/include/fleetmanager_interfaces/fleetmanager_interfaces/msg/detail/location__rosidl_typesupport_introspection_c.h
[3.626s] -- Up-to-date: /home/hein/dev/rens-fleetmanager/install/fleetmanager_interfaces/include/fleetmanager_interfaces/fleetmanager_interfaces/msg/rosidl_typesupport_introspection_c__visibility_control.h
[3.626s] -- Installing: /home/hein/dev/rens-fleetmanager/install/fleetmanager_interfaces/lib/libfleetmanager_interfaces__rosidl_typesupport_introspection_c.so
[3.626s] -- Set non-toolchain portion of runtime path of "/home/hein/dev/rens-fleetmanager/install/fleetmanager_interfaces/lib/libfleetmanager_interfaces__rosidl_typesupport_introspection_c.so" to ""
[3.626s] -- Installing: /home/hein/dev/rens-fleetmanager/install/fleetmanager_interfaces/lib/libfleetmanager_interfaces__rosidl_typesupport_c.so
[3.626s] -- Set non-toolchain portion of runtime path of "/home/hein/dev/rens-fleetmanager/install/fleetmanager_interfaces/lib/libfleetmanager_interfaces__rosidl_typesupport_c.so" to ""
[3.626s] -- Up-to-date: /home/hein/dev/rens-fleetmanager/install/fleetmanager_interfaces/include/fleetmanager_interfaces/fleetmanager_interfaces
[3.627s] -- Up-to-date: /home/hein/dev/rens-fleetmanager/install/fleetmanager_interfaces/include/fleetmanager_interfaces/fleetmanager_interfaces/msg
[3.627s] -- Installing: /home/hein/dev/rens-fleetmanager/install/fleetmanager_interfaces/include/fleetmanager_interfaces/fleetmanager_interfaces/msg/location.hpp
[3.627s] -- Installing: /home/hein/dev/rens-fleetmanager/install/fleetmanager_interfaces/include/fleetmanager_interfaces/fleetmanager_interfaces/msg/status.hpp
[3.627s] -- Installing: /home/hein/dev/rens-fleetmanager/install/fleetmanager_interfaces/include/fleetmanager_interfaces/fleetmanager_interfaces/msg/error.hpp
[3.627s] -- Up-to-date: /home/hein/dev/rens-fleetmanager/install/fleetmanager_interfaces/include/fleetmanager_interfaces/fleetmanager_interfaces/msg/task_move_to.hpp
[3.627s] -- Up-to-date: /home/hein/dev/rens-fleetmanager/install/fleetmanager_interfaces/include/fleetmanager_interfaces/fleetmanager_interfaces/msg/detail
[3.627s] -- Installing: /home/hein/dev/rens-fleetmanager/install/fleetmanager_interfaces/include/fleetmanager_interfaces/fleetmanager_interfaces/msg/detail/location__struct.hpp
[3.627s] -- Up-to-date: /home/hein/dev/rens-fleetmanager/install/fleetmanager_interfaces/include/fleetmanager_interfaces/fleetmanager_interfaces/msg/detail/task_move_to__type_support.hpp
[3.627s] -- Installing: /home/hein/dev/rens-fleetmanager/install/fleetmanager_interfaces/include/fleetmanager_interfaces/fleetmanager_interfaces/msg/detail/route__traits.hpp
[3.627s] -- Up-to-date: /home/hein/dev/rens-fleetmanager/install/fleetmanager_interfaces/include/fleetmanager_interfaces/fleetmanager_interfaces/msg/detail/task_move_to__traits.hpp
[3.627s] -- Installing: /home/hein/dev/rens-fleetmanager/install/fleetmanager_interfaces/include/fleetmanager_interfaces/fleetmanager_interfaces/msg/detail/status__struct.hpp
[3.627s] -- Installing: /home/hein/dev/rens-fleetmanager/install/fleetmanager_interfaces/include/fleetmanager_interfaces/fleetmanager_interfaces/msg/detail/error__type_support.hpp
[3.627s] -- Installing: /home/hein/dev/rens-fleetmanager/install/fleetmanager_interfaces/include/fleetmanager_interfaces/fleetmanager_interfaces/msg/detail/task__type_support.hpp
[3.627s] -- Installing: /home/hein/dev/rens-fleetmanager/install/fleetmanager_interfaces/include/fleetmanager_interfaces/fleetmanager_interfaces/msg/detail/status__builder.hpp
[3.628s] -- Installing: /home/hein/dev/rens-fleetmanager/install/fleetmanager_interfaces/include/fleetmanager_interfaces/fleetmanager_interfaces/msg/detail/error__struct.hpp
[3.628s] -- Installing: /home/hein/dev/rens-fleetmanager/install/fleetmanager_interfaces/include/fleetmanager_interfaces/fleetmanager_interfaces/msg/detail/status__type_support.hpp
[3.628s] -- Installing: /home/hein/dev/rens-fleetmanager/install/fleetmanager_interfaces/include/fleetmanager_interfaces/fleetmanager_interfaces/msg/detail/location__type_support.hpp
[3.628s] -- Installing: /home/hein/dev/rens-fleetmanager/install/fleetmanager_interfaces/include/fleetmanager_interfaces/fleetmanager_interfaces/msg/detail/location__builder.hpp
[3.628s] -- Installing: /home/hein/dev/rens-fleetmanager/install/fleetmanager_interfaces/include/fleetmanager_interfaces/fleetmanager_interfaces/msg/detail/task__builder.hpp
[3.628s] -- Installing: /home/hein/dev/rens-fleetmanager/install/fleetmanager_interfaces/include/fleetmanager_interfaces/fleetmanager_interfaces/msg/detail/task__traits.hpp
[3.628s] -- Installing: /home/hein/dev/rens-fleetmanager/install/fleetmanager_interfaces/include/fleetmanager_interfaces/fleetmanager_interfaces/msg/detail/route__builder.hpp
[3.628s] -- Installing: /home/hein/dev/rens-fleetmanager/install/fleetmanager_interfaces/include/fleetmanager_interfaces/fleetmanager_interfaces/msg/detail/status__traits.hpp
[3.628s] -- Installing: /home/hein/dev/rens-fleetmanager/install/fleetmanager_interfaces/include/fleetmanager_interfaces/fleetmanager_interfaces/msg/detail/task__struct.hpp
[3.628s] -- Installing: /home/hein/dev/rens-fleetmanager/install/fleetmanager_interfaces/include/fleetmanager_interfaces/fleetmanager_interfaces/msg/detail/error__builder.hpp
[3.628s] -- Up-to-date: /home/hein/dev/rens-fleetmanager/install/fleetmanager_interfaces/include/fleetmanager_interfaces/fleetmanager_interfaces/msg/detail/task_move_to__builder.hpp
[3.628s] -- Installing: /home/hein/dev/rens-fleetmanager/install/fleetmanager_interfaces/include/fleetmanager_interfaces/fleetmanager_interfaces/msg/detail/route__struct.hpp
[3.628s] -- Installing: /home/hein/dev/rens-fleetmanager/install/fleetmanager_interfaces/include/fleetmanager_interfaces/fleetmanager_interfaces/msg/detail/route__type_support.hpp
[3.628s] -- Installing: /home/hein/dev/rens-fleetmanager/install/fleetmanager_interfaces/include/fleetmanager_interfaces/fleetmanager_interfaces/msg/detail/map_request__builder.hpp
[3.629s] -- Installing: /home/hein/dev/rens-fleetmanager/install/fleetmanager_interfaces/include/fleetmanager_interfaces/fleetmanager_interfaces/msg/detail/map_request__traits.hpp
[3.629s] -- Installing: /home/hein/dev/rens-fleetmanager/install/fleetmanager_interfaces/include/fleetmanager_interfaces/fleetmanager_interfaces/msg/detail/map_request__struct.hpp
[3.629s] -- Installing: /home/hein/dev/rens-fleetmanager/install/fleetmanager_interfaces/include/fleetmanager_interfaces/fleetmanager_interfaces/msg/detail/error__traits.hpp
[3.629s] -- Installing: /home/hein/dev/rens-fleetmanager/install/fleetmanager_interfaces/include/fleetmanager_interfaces/fleetmanager_interfaces/msg/detail/map_request__type_support.hpp
[3.629s] -- Up-to-date: /home/hein/dev/rens-fleetmanager/install/fleetmanager_interfaces/include/fleetmanager_interfaces/fleetmanager_interfaces/msg/detail/task_move_to__struct.hpp
[3.629s] -- Installing: /home/hein/dev/rens-fleetmanager/install/fleetmanager_interfaces/include/fleetmanager_interfaces/fleetmanager_interfaces/msg/detail/location__traits.hpp
[3.629s] -- Installing: /home/hein/dev/rens-fleetmanager/install/fleetmanager_interfaces/include/fleetmanager_interfaces/fleetmanager_interfaces/msg/rosidl_generator_cpp__visibility_control.hpp
[3.629s] -- Installing: /home/hein/dev/rens-fleetmanager/install/fleetmanager_interfaces/include/fleetmanager_interfaces/fleetmanager_interfaces/msg/route.hpp
[3.629s] -- Installing: /home/hein/dev/rens-fleetmanager/install/fleetmanager_interfaces/include/fleetmanager_interfaces/fleetmanager_interfaces/msg/map_request.hpp
[3.629s] -- Installing: /home/hein/dev/rens-fleetmanager/install/fleetmanager_interfaces/include/fleetmanager_interfaces/fleetmanager_interfaces/msg/task.hpp
[3.629s] -- Up-to-date: /home/hein/dev/rens-fleetmanager/install/fleetmanager_interfaces/include/fleetmanager_interfaces/fleetmanager_interfaces
[3.629s] -- Up-to-date: /home/hein/dev/rens-fleetmanager/install/fleetmanager_interfaces/include/fleetmanager_interfaces/fleetmanager_interfaces/msg
[3.629s] -- Up-to-date: /home/hein/dev/rens-fleetmanager/install/fleetmanager_interfaces/include/fleetmanager_interfaces/fleetmanager_interfaces/msg/detail
[3.630s] -- Installing: /home/hein/dev/rens-fleetmanager/install/fleetmanager_interfaces/include/fleetmanager_interfaces/fleetmanager_interfaces/msg/detail/status__rosidl_typesupport_fastrtps_cpp.hpp
[3.630s] -- Installing: /home/hein/dev/rens-fleetmanager/install/fleetmanager_interfaces/include/fleetmanager_interfaces/fleetmanager_interfaces/msg/detail/route__rosidl_typesupport_fastrtps_cpp.hpp
[3.630s] -- Installing: /home/hein/dev/rens-fleetmanager/install/fleetmanager_interfaces/include/fleetmanager_interfaces/fleetmanager_interfaces/msg/detail/task__rosidl_typesupport_fastrtps_cpp.hpp
[3.630s] -- Up-to-date: /home/hein/dev/rens-fleetmanager/install/fleetmanager_interfaces/include/fleetmanager_interfaces/fleetmanager_interfaces/msg/detail/dds_fastrtps
[3.630s] -- Up-to-date: /home/hein/dev/rens-fleetmanager/install/fleetmanager_interfaces/include/fleetmanager_interfaces/fleetmanager_interfaces/msg/detail/task_move_to__rosidl_typesupport_fastrtps_cpp.hpp
[3.630s] -- Installing: /home/hein/dev/rens-fleetmanager/install/fleetmanager_interfaces/include/fleetmanager_interfaces/fleetmanager_interfaces/msg/detail/error__rosidl_typesupport_fastrtps_cpp.hpp
[3.630s] -- Installing: /home/hein/dev/rens-fleetmanager/install/fleetmanager_interfaces/include/fleetmanager_interfaces/fleetmanager_interfaces/msg/detail/location__rosidl_typesupport_fastrtps_cpp.hpp
[3.630s] -- Installing: /home/hein/dev/rens-fleetmanager/install/fleetmanager_interfaces/include/fleetmanager_interfaces/fleetmanager_interfaces/msg/detail/map_request__rosidl_typesupport_fastrtps_cpp.hpp
[3.630s] -- Up-to-date: /home/hein/dev/rens-fleetmanager/install/fleetmanager_interfaces/include/fleetmanager_interfaces/fleetmanager_interfaces/msg/rosidl_typesupport_fastrtps_cpp__visibility_control.h
[3.630s] -- Installing: /home/hein/dev/rens-fleetmanager/install/fleetmanager_interfaces/lib/libfleetmanager_interfaces__rosidl_typesupport_fastrtps_cpp.so
[3.630s] -- Set non-toolchain portion of runtime path of "/home/hein/dev/rens-fleetmanager/install/fleetmanager_interfaces/lib/libfleetmanager_interfaces__rosidl_typesupport_fastrtps_cpp.so" to ""
[3.631s] -- Up-to-date: /home/hein/dev/rens-fleetmanager/install/fleetmanager_interfaces/include/fleetmanager_interfaces/fleetmanager_interfaces
[3.631s] -- Up-to-date: /home/hein/dev/rens-fleetmanager/install/fleetmanager_interfaces/include/fleetmanager_interfaces/fleetmanager_interfaces/msg
[3.631s] -- Up-to-date: /home/hein/dev/rens-fleetmanager/install/fleetmanager_interfaces/include/fleetmanager_interfaces/fleetmanager_interfaces/msg/detail
[3.631s] -- Installing: /home/hein/dev/rens-fleetmanager/install/fleetmanager_interfaces/include/fleetmanager_interfaces/fleetmanager_interfaces/msg/detail/status__rosidl_typesupport_introspection_cpp.hpp
[3.631s] -- Installing: /home/hein/dev/rens-fleetmanager/install/fleetmanager_interfaces/include/fleetmanager_interfaces/fleetmanager_interfaces/msg/detail/status__type_support.cpp
[3.631s] -- Installing: /home/hein/dev/rens-fleetmanager/install/fleetmanager_interfaces/include/fleetmanager_interfaces/fleetmanager_interfaces/msg/detail/error__type_support.cpp
[3.631s] -- Installing: /home/hein/dev/rens-fleetmanager/install/fleetmanager_interfaces/include/fleetmanager_interfaces/fleetmanager_interfaces/msg/detail/route__type_support.cpp
[3.631s] -- Installing: /home/hein/dev/rens-fleetmanager/install/fleetmanager_interfaces/include/fleetmanager_interfaces/fleetmanager_interfaces/msg/detail/map_request__type_support.cpp
[3.631s] -- Installing: /home/hein/dev/rens-fleetmanager/install/fleetmanager_interfaces/include/fleetmanager_interfaces/fleetmanager_interfaces/msg/detail/map_request__rosidl_typesupport_introspection_cpp.hpp
[3.631s] -- Up-to-date: /home/hein/dev/rens-fleetmanager/install/fleetmanager_interfaces/include/fleetmanager_interfaces/fleetmanager_interfaces/msg/detail/task_move_to__rosidl_typesupport_introspection_cpp.hpp
[3.631s] -- Installing: /home/hein/dev/rens-fleetmanager/install/fleetmanager_interfaces/include/fleetmanager_interfaces/fleetmanager_interfaces/msg/detail/task__rosidl_typesupport_introspection_cpp.hpp
[3.631s] -- Installing: /home/hein/dev/rens-fleetmanager/install/fleetmanager_interfaces/include/fleetmanager_interfaces/fleetmanager_interfaces/msg/detail/task__type_support.cpp
[3.631s] -- Installing: /home/hein/dev/rens-fleetmanager/install/fleetmanager_interfaces/include/fleetmanager_interfaces/fleetmanager_interfaces/msg/detail/error__rosidl_typesupport_introspection_cpp.hpp
[3.631s] -- Installing: /home/hein/dev/rens-fleetmanager/install/fleetmanager_interfaces/include/fleetmanager_interfaces/fleetmanager_interfaces/msg/detail/location__rosidl_typesupport_introspection_cpp.hpp
[3.632s] -- Installing: /home/hein/dev/rens-fleetmanager/install/fleetmanager_interfaces/include/fleetmanager_interfaces/fleetmanager_interfaces/msg/detail/route__rosidl_typesupport_introspection_cpp.hpp
[3.632s] -- Installing: /home/hein/dev/rens-fleetmanager/install/fleetmanager_interfaces/include/fleetmanager_interfaces/fleetmanager_interfaces/msg/detail/location__type_support.cpp
[3.632s] -- Up-to-date: /home/hein/dev/rens-fleetmanager/install/fleetmanager_interfaces/include/fleetmanager_interfaces/fleetmanager_interfaces/msg/detail/task_move_to__type_support.cpp
[3.632s] -- Installing: /home/hein/dev/rens-fleetmanager/install/fleetmanager_interfaces/lib/libfleetmanager_interfaces__rosidl_typesupport_introspection_cpp.so
[3.632s] -- Set non-toolchain portion of runtime path of "/home/hein/dev/rens-fleetmanager/install/fleetmanager_interfaces/lib/libfleetmanager_interfaces__rosidl_typesupport_introspection_cpp.so" to ""
[3.632s] -- Installing: /home/hein/dev/rens-fleetmanager/install/fleetmanager_interfaces/lib/libfleetmanager_interfaces__rosidl_typesupport_cpp.so
[3.632s] -- Set non-toolchain portion of runtime path of "/home/hein/dev/rens-fleetmanager/install/fleetmanager_interfaces/lib/libfleetmanager_interfaces__rosidl_typesupport_cpp.so" to ""
[3.632s] -- Up-to-date: /home/hein/dev/rens-fleetmanager/install/fleetmanager_interfaces/share/fleetmanager_interfaces/environment/pythonpath.sh
[3.632s] -- Up-to-date: /home/hein/dev/rens-fleetmanager/install/fleetmanager_interfaces/share/fleetmanager_interfaces/environment/pythonpath.dsv
[3.633s] -- Up-to-date: /home/hein/dev/rens-fleetmanager/install/fleetmanager_interfaces/lib/python3.12/site-packages/fleetmanager_interfaces-0.0.0-py3.12.egg-info
[3.633s] -- Installing: /home/hein/dev/rens-fleetmanager/install/fleetmanager_interfaces/lib/python3.12/site-packages/fleetmanager_interfaces-0.0.0-py3.12.egg-info/PKG-INFO
[3.633s] -- Installing: /home/hein/dev/rens-fleetmanager/install/fleetmanager_interfaces/lib/python3.12/site-packages/fleetmanager_interfaces-0.0.0-py3.12.egg-info/SOURCES.txt
[3.633s] -- Installing: /home/hein/dev/rens-fleetmanager/install/fleetmanager_interfaces/lib/python3.12/site-packages/fleetmanager_interfaces-0.0.0-py3.12.egg-info/top_level.txt
[3.633s] -- Installing: /home/hein/dev/rens-fleetmanager/install/fleetmanager_interfaces/lib/python3.12/site-packages/fleetmanager_interfaces-0.0.0-py3.12.egg-info/dependency_links.txt
[3.633s] -- Up-to-date: /home/hein/dev/rens-fleetmanager/install/fleetmanager_interfaces/lib/python3.12/site-packages/fleetmanager_interfaces
[3.633s] -- Installing: /home/hein/dev/rens-fleetmanager/install/fleetmanager_interfaces/lib/python3.12/site-packages/fleetmanager_interfaces/_fleetmanager_interfaces_s.ep.rosidl_typesupport_fastrtps_c.c
[3.633s] -- Installing: /home/hein/dev/rens-fleetmanager/install/fleetmanager_interfaces/lib/python3.12/site-packages/fleetmanager_interfaces/fleetmanager_interfaces_s__rosidl_typesupport_c.so
[3.633s] -- Installing: /home/hein/dev/rens-fleetmanager/install/fleetmanager_interfaces/lib/python3.12/site-packages/fleetmanager_interfaces/_fleetmanager_interfaces_s.ep.rosidl_typesupport_introspection_c.c
[3.633s] -- Installing: /home/hein/dev/rens-fleetmanager/install/fleetmanager_interfaces/lib/python3.12/site-packages/fleetmanager_interfaces/__init__.py
[3.633s] -- Up-to-date: /home/hein/dev/rens-fleetmanager/install/fleetmanager_interfaces/lib/python3.12/site-packages/fleetmanager_interfaces/msg
[3.633s] -- Installing: /home/hein/dev/rens-fleetmanager/install/fleetmanager_interfaces/lib/python3.12/site-packages/fleetmanager_interfaces/msg/_location_s.c
[3.633s] -- Installing: /home/hein/dev/rens-fleetmanager/install/fleetmanager_interfaces/lib/python3.12/site-packages/fleetmanager_interfaces/msg/_error_s.c
[3.634s] -- Up-to-date: /home/hein/dev/rens-fleetmanager/install/fleetmanager_interfaces/lib/python3.12/site-packages/fleetmanager_interfaces/msg/_task_move_to.py
[3.634s] -- Installing: /home/hein/dev/rens-fleetmanager/install/fleetmanager_interfaces/lib/python3.12/site-packages/fleetmanager_interfaces/msg/_map_request.py
[3.634s] -- Installing: /home/hein/dev/rens-fleetmanager/install/fleetmanager_interfaces/lib/python3.12/site-packages/fleetmanager_interfaces/msg/_route.py
[3.634s] -- Installing: /home/hein/dev/rens-fleetmanager/install/fleetmanager_interfaces/lib/python3.12/site-packages/fleetmanager_interfaces/msg/_route_s.c
[3.634s] -- Installing: /home/hein/dev/rens-fleetmanager/install/fleetmanager_interfaces/lib/python3.12/site-packages/fleetmanager_interfaces/msg/_status_s.c
[3.634s] -- Installing: /home/hein/dev/rens-fleetmanager/install/fleetmanager_interfaces/lib/python3.12/site-packages/fleetmanager_interfaces/msg/_task.py
[3.634s] -- Installing: /home/hein/dev/rens-fleetmanager/install/fleetmanager_interfaces/lib/python3.12/site-packages/fleetmanager_interfaces/msg/_error.py
[3.634s] -- Installing: /home/hein/dev/rens-fleetmanager/install/fleetmanager_interfaces/lib/python3.12/site-packages/fleetmanager_interfaces/msg/_task_s.c
[3.634s] -- Installing: /home/hein/dev/rens-fleetmanager/install/fleetmanager_interfaces/lib/python3.12/site-packages/fleetmanager_interfaces/msg/__init__.py
[3.634s] -- Up-to-date: /home/hein/dev/rens-fleetmanager/install/fleetmanager_interfaces/lib/python3.12/site-packages/fleetmanager_interfaces/msg/_task_move_to_s.c
[3.634s] -- Installing: /home/hein/dev/rens-fleetmanager/install/fleetmanager_interfaces/lib/python3.12/site-packages/fleetmanager_interfaces/msg/_map_request_s.c
[3.634s] -- Installing: /home/hein/dev/rens-fleetmanager/install/fleetmanager_interfaces/lib/python3.12/site-packages/fleetmanager_interfaces/msg/_location.py
[3.635s] -- Installing: /home/hein/dev/rens-fleetmanager/install/fleetmanager_interfaces/lib/python3.12/site-packages/fleetmanager_interfaces/msg/_status.py
[3.635s] -- Installing: /home/hein/dev/rens-fleetmanager/install/fleetmanager_interfaces/lib/python3.12/site-packages/fleetmanager_interfaces/fleetmanager_interfaces_s__rosidl_typesupport_introspection_c.so
[3.635s] -- Installing: /home/hein/dev/rens-fleetmanager/install/fleetmanager_interfaces/lib/python3.12/site-packages/fleetmanager_interfaces/fleetmanager_interfaces_s__rosidl_typesupport_fastrtps_c.so
[3.635s] -- Installing: /home/hein/dev/rens-fleetmanager/install/fleetmanager_interfaces/lib/python3.12/site-packages/fleetmanager_interfaces/_fleetmanager_interfaces_s.ep.rosidl_typesupport_c.c
[3.668s] Listing '/home/hein/dev/rens-fleetmanager/install/fleetmanager_interfaces/lib/python3.12/site-packages/fleetmanager_interfaces'...
[3.668s] Compiling '/home/hein/dev/rens-fleetmanager/install/fleetmanager_interfaces/lib/python3.12/site-packages/fleetmanager_interfaces/__init__.py'...
[3.668s] Listing '/home/hein/dev/rens-fleetmanager/install/fleetmanager_interfaces/lib/python3.12/site-packages/fleetmanager_interfaces/msg'...
[3.668s] Compiling '/home/hein/dev/rens-fleetmanager/install/fleetmanager_interfaces/lib/python3.12/site-packages/fleetmanager_interfaces/msg/__init__.py'...
[3.668s] Compiling '/home/hein/dev/rens-fleetmanager/install/fleetmanager_interfaces/lib/python3.12/site-packages/fleetmanager_interfaces/msg/_error.py'...
[3.668s] Compiling '/home/hein/dev/rens-fleetmanager/install/fleetmanager_interfaces/lib/python3.12/site-packages/fleetmanager_interfaces/msg/_location.py'...
[3.668s] Compiling '/home/hein/dev/rens-fleetmanager/install/fleetmanager_interfaces/lib/python3.12/site-packages/fleetmanager_interfaces/msg/_map_request.py'...
[3.668s] Compiling '/home/hein/dev/rens-fleetmanager/install/fleetmanager_interfaces/lib/python3.12/site-packages/fleetmanager_interfaces/msg/_route.py'...
[3.668s] Compiling '/home/hein/dev/rens-fleetmanager/install/fleetmanager_interfaces/lib/python3.12/site-packages/fleetmanager_interfaces/msg/_status.py'...
[3.668s] Compiling '/home/hein/dev/rens-fleetmanager/install/fleetmanager_interfaces/lib/python3.12/site-packages/fleetmanager_interfaces/msg/_task.py'...
[3.672s] -- Installing: /home/hein/dev/rens-fleetmanager/install/fleetmanager_interfaces/lib/python3.12/site-packages/fleetmanager_interfaces/fleetmanager_interfaces_s__rosidl_typesupport_fastrtps_c.so
[3.672s] -- Set non-toolchain portion of runtime path of "/home/hein/dev/rens-fleetmanager/install/fleetmanager_interfaces/lib/python3.12/site-packages/fleetmanager_interfaces/fleetmanager_interfaces_s__rosidl_typesupport_fastrtps_c.so" to ""
[3.672s] -- Installing: /home/hein/dev/rens-fleetmanager/install/fleetmanager_interfaces/lib/python3.12/site-packages/fleetmanager_interfaces/fleetmanager_interfaces_s__rosidl_typesupport_introspection_c.so
[3.672s] -- Set non-toolchain portion of runtime path of "/home/hein/dev/rens-fleetmanager/install/fleetmanager_interfaces/lib/python3.12/site-packages/fleetmanager_interfaces/fleetmanager_interfaces_s__rosidl_typesupport_introspection_c.so" to ""
[3.672s] -- Installing: /home/hein/dev/rens-fleetmanager/install/fleetmanager_interfaces/lib/python3.12/site-packages/fleetmanager_interfaces/fleetmanager_interfaces_s__rosidl_typesupport_c.so
[3.672s] -- Set non-toolchain portion of runtime path of "/home/hein/dev/rens-fleetmanager/install/fleetmanager_interfaces/lib/python3.12/site-packages/fleetmanager_interfaces/fleetmanager_interfaces_s__rosidl_typesupport_c.so" to ""
[3.673s] -- Installing: /home/hein/dev/rens-fleetmanager/install/fleetmanager_interfaces/lib/libfleetmanager_interfaces__rosidl_generator_py.so
[3.673s] -- Set non-toolchain portion of runtime path of "/home/hein/dev/rens-fleetmanager/install/fleetmanager_interfaces/lib/libfleetmanager_interfaces__rosidl_generator_py.so" to ""
[3.673s] -- Installing: /home/hein/dev/rens-fleetmanager/install/fleetmanager_interfaces/share/fleetmanager_interfaces/msg/Error.idl
[3.673s] -- Installing: /home/hein/dev/rens-fleetmanager/install/fleetmanager_interfaces/share/fleetmanager_interfaces/msg/Location.idl
[3.673s] -- Installing: /home/hein/dev/rens-fleetmanager/install/fleetmanager_interfaces/share/fleetmanager_interfaces/msg/MapRequest.idl
[3.673s] -- Installing: /home/hein/dev/rens-fleetmanager/install/fleetmanager_interfaces/share/fleetmanager_interfaces/msg/Route.idl
[3.673s] -- Installing: /home/hein/dev/rens-fleetmanager/install/fleetmanager_interfaces/share/fleetmanager_interfaces/msg/Status.idl
[3.673s] -- Installing: /home/hein/dev/rens-fleetmanager/install/fleetmanager_interfaces/share/fleetmanager_interfaces/msg/Task.idl
[3.673s] -- Installing: /home/hein/dev/rens-fleetmanager/install/fleetmanager_interfaces/share/fleetmanager_interfaces/msg/Error.msg
[3.673s] -- Installing: /home/hein/dev/rens-fleetmanager/install/fleetmanager_interfaces/share/fleetmanager_interfaces/msg/Location.msg
[3.673s] -- Installing: /home/hein/dev/rens-fleetmanager/install/fleetmanager_interfaces/share/fleetmanager_interfaces/msg/MapRequest.msg
[3.673s] -- Installing: /home/hein/dev/rens-fleetmanager/install/fleetmanager_interfaces/share/fleetmanager_interfaces/msg/Route.msg
[3.673s] -- Installing: /home/hein/dev/rens-fleetmanager/install/fleetmanager_interfaces/share/fleetmanager_interfaces/msg/Status.msg
[3.673s] -- Installing: /home/hein/dev/rens-fleetmanager/install/fleetmanager_interfaces/share/fleetmanager_interfaces/msg/Task.msg
[3.673s] -- Up-to-date: /home/hein/dev/rens-fleetmanager/install/fleetmanager_interfaces/share/ament_index/resource_index/package_run_dependencies/fleetmanager_interfaces
[3.673s] -- Up-to-date: /home/hein/dev/rens-fleetmanager/install/fleetmanager_interfaces/share/ament_index/resource_index/parent_prefix_path/fleetmanager_interfaces
[3.673s] -- Up-to-date: /home/hein/dev/rens-fleetmanager/install/fleetmanager_interfaces/share/fleetmanager_interfaces/environment/ament_prefix_path.sh
[3.674s] -- Up-to-date: /home/hein/dev/rens-fleetmanager/install/fleetmanager_interfaces/share/fleetmanager_interfaces/environment/ament_prefix_path.dsv
[3.674s] -- Up-to-date: /home/hein/dev/rens-fleetmanager/install/fleetmanager_interfaces/share/fleetmanager_interfaces/environment/path.sh
[3.674s] -- Up-to-date: /home/hein/dev/rens-fleetmanager/install/fleetmanager_interfaces/share/fleetmanager_interfaces/environment/path.dsv
[3.674s] -- Up-to-date: /home/hein/dev/rens-fleetmanager/install/fleetmanager_interfaces/share/fleetmanager_interfaces/local_setup.bash
[3.674s] -- Up-to-date: /home/hein/dev/rens-fleetmanager/install/fleetmanager_interfaces/share/fleetmanager_interfaces/local_setup.sh
[3.674s] -- Up-to-date: /home/hein/dev/rens-fleetmanager/install/fleetmanager_interfaces/share/fleetmanager_interfaces/local_setup.zsh
[3.674s] -- Up-to-date: /home/hein/dev/rens-fleetmanager/install/fleetmanager_interfaces/share/fleetmanager_interfaces/local_setup.dsv
[3.674s] -- Installing: /home/hein/dev/rens-fleetmanager/install/fleetmanager_interfaces/share/fleetmanager_interfaces/package.dsv
[3.674s] -- Up-to-date: /home/hein/dev/rens-fleetmanager/install/fleetmanager_interfaces/share/ament_index/resource_index/packages/fleetmanager_interfaces
[3.674s] -- Up-to-date: /home/hein/dev/rens-fleetmanager/install/fleetmanager_interfaces/share/fleetmanager_interfaces/cmake/export_fleetmanager_interfaces__rosidl_generator_cExport.cmake
[3.674s] -- Up-to-date: /home/hein/dev/rens-fleetmanager/install/fleetmanager_interfaces/share/fleetmanager_interfaces/cmake/export_fleetmanager_interfaces__rosidl_generator_cExport-noconfig.cmake
[3.674s] -- Up-to-date: /home/hein/dev/rens-fleetmanager/install/fleetmanager_interfaces/share/fleetmanager_interfaces/cmake/export_fleetmanager_interfaces__rosidl_typesupport_fastrtps_cExport.cmake
[3.674s] -- Up-to-date: /home/hein/dev/rens-fleetmanager/install/fleetmanager_interfaces/share/fleetmanager_interfaces/cmake/export_fleetmanager_interfaces__rosidl_typesupport_fastrtps_cExport-noconfig.cmake
[3.674s] -- Up-to-date: /home/hein/dev/rens-fleetmanager/install/fleetmanager_interfaces/share/fleetmanager_interfaces/cmake/fleetmanager_interfaces__rosidl_typesupport_introspection_cExport.cmake
[3.674s] -- Up-to-date: /home/hein/dev/rens-fleetmanager/install/fleetmanager_interfaces/share/fleetmanager_interfaces/cmake/fleetmanager_interfaces__rosidl_typesupport_introspection_cExport-noconfig.cmake
[3.674s] -- Up-to-date: /home/hein/dev/rens-fleetmanager/install/fleetmanager_interfaces/share/fleetmanager_interfaces/cmake/fleetmanager_interfaces__rosidl_typesupport_cExport.cmake
[3.674s] -- Up-to-date: /home/hein/dev/rens-fleetmanager/install/fleetmanager_interfaces/share/fleetmanager_interfaces/cmake/fleetmanager_interfaces__rosidl_typesupport_cExport-noconfig.cmake
[3.674s] -- Up-to-date: /home/hein/dev/rens-fleetmanager/install/fleetmanager_interfaces/share/fleetmanager_interfaces/cmake/export_fleetmanager_interfaces__rosidl_generator_cppExport.cmake
[3.674s] -- Up-to-date: /home/hein/dev/rens-fleetmanager/install/fleetmanager_interfaces/share/fleetmanager_interfaces/cmake/export_fleetmanager_interfaces__rosidl_typesupport_fastrtps_cppExport.cmake
[3.674s] -- Up-to-date: /home/hein/dev/rens-fleetmanager/install/fleetmanager_interfaces/share/fleetmanager_interfaces/cmake/export_fleetmanager_interfaces__rosidl_typesupport_fastrtps_cppExport-noconfig.cmake
[3.674s] -- Up-to-date: /home/hein/dev/rens-fleetmanager/install/fleetmanager_interfaces/share/fleetmanager_interfaces/cmake/fleetmanager_interfaces__rosidl_typesupport_introspection_cppExport.cmake
[3.674s] -- Up-to-date: /home/hein/dev/rens-fleetmanager/install/fleetmanager_interfaces/share/fleetmanager_interfaces/cmake/fleetmanager_interfaces__rosidl_typesupport_introspection_cppExport-noconfig.cmake
[3.674s] -- Up-to-date: /home/hein/dev/rens-fleetmanager/install/fleetmanager_interfaces/share/fleetmanager_interfaces/cmake/fleetmanager_interfaces__rosidl_typesupport_cppExport.cmake
[3.674s] -- Up-to-date: /home/hein/dev/rens-fleetmanager/install/fleetmanager_interfaces/share/fleetmanager_interfaces/cmake/fleetmanager_interfaces__rosidl_typesupport_cppExport-noconfig.cmake
[3.675s] -- Up-to-date: /home/hein/dev/rens-fleetmanager/install/fleetmanager_interfaces/share/fleetmanager_interfaces/cmake/export_fleetmanager_interfaces__rosidl_generator_pyExport.cmake
[3.675s] -- Up-to-date: /home/hein/dev/rens-fleetmanager/install/fleetmanager_interfaces/share/fleetmanager_interfaces/cmake/export_fleetmanager_interfaces__rosidl_generator_pyExport-noconfig.cmake
[3.675s] -- Installing: /home/hein/dev/rens-fleetmanager/install/fleetmanager_interfaces/share/fleetmanager_interfaces/cmake/rosidl_cmake-extras.cmake
[3.675s] -- Up-to-date: /home/hein/dev/rens-fleetmanager/install/fleetmanager_interfaces/share/fleetmanager_interfaces/cmake/ament_cmake_export_include_directories-extras.cmake
[3.675s] -- Up-to-date: /home/hein/dev/rens-fleetmanager/install/fleetmanager_interfaces/share/fleetmanager_interfaces/cmake/ament_cmake_export_libraries-extras.cmake
[3.675s] -- Up-to-date: /home/hein/dev/rens-fleetmanager/install/fleetmanager_interfaces/share/fleetmanager_interfaces/cmake/ament_cmake_export_targets-extras.cmake
[3.675s] -- Up-to-date: /home/hein/dev/rens-fleetmanager/install/fleetmanager_interfaces/share/fleetmanager_interfaces/cmake/rosidl_cmake_export_typesupport_targets-extras.cmake
[3.675s] -- Up-to-date: /home/hein/dev/rens-fleetmanager/install/fleetmanager_interfaces/share/fleetmanager_interfaces/cmake/ament_cmake_export_dependencies-extras.cmake
[3.675s] -- Up-to-date: /home/hein/dev/rens-fleetmanager/install/fleetmanager_interfaces/share/fleetmanager_interfaces/cmake/rosidl_cmake_export_typesupport_libraries-extras.cmake
[3.675s] -- Up-to-date: /home/hein/dev/rens-fleetmanager/install/fleetmanager_interfaces/share/fleetmanager_interfaces/cmake/fleetmanager_interfacesConfig.cmake
[3.675s] -- Up-to-date: /home/hein/dev/rens-fleetmanager/install/fleetmanager_interfaces/share/fleetmanager_interfaces/cmake/fleetmanager_interfacesConfig-version.cmake
[3.675s] -- Up-to-date: /home/hein/dev/rens-fleetmanager/install/fleetmanager_interfaces/share/fleetmanager_interfaces/package.xml
[3.676s] Invoked command in '/home/hein/dev/rens-fleetmanager/build/fleetmanager_interfaces' returned '0': CMAKE_PREFIX_PATH=${CMAKE_PREFIX_PATH}:/opt/ros/jazzy DEBUGINFOD_URLS=https://debuginfod.ubuntu.com /usr/bin/cmake --install /home/hein/dev/rens-fleetmanager/build/fleetmanager_interfaces
