[0.008s] Invoking command in '/home/hein/dev/rens-fleetmanager/build/fleetmanager': CMAKE_PREFIX_PATH=/home/hein/dev/rens-fleetmanager/install/fleetmanager_interfaces:/home/hein/dev/rens-fleetmanager/install/fleetmanager:/opt/ros/jazzy/opt/sdformat_vendor:/opt/ros/jazzy/opt/gz_math_vendor:/opt/ros/jazzy/opt/gz_utils_vendor:/opt/ros/jazzy/opt/gz_tools_vendor:/opt/ros/jazzy/opt/gz_cmake_vendor:/opt/ros/jazzy DEBUGINFOD_URLS=https://debuginfod.ubuntu.com /usr/bin/cmake --build /home/hein/dev/rens-fleetmanager/build/fleetmanager -- -j16 -l16
[0.056s] [ 33%] [32mBuilding CXX object CMakeFiles/rens_fleetmanager.dir/src/main.cpp.o[0m
[1.426s] [ 66%] [32m[1mLinking CXX executable rens_fleetmanager[0m
[1.512s] [100%] Built target rens_fleetmanager
[1.520s] Invoked command in '/home/hein/dev/rens-fleetmanager/build/fleetmanager' returned '0': CMAKE_PREFIX_PATH=/home/hein/dev/rens-fleetmanager/install/fleetmanager_interfaces:/home/hein/dev/rens-fleetmanager/install/fleetmanager:/opt/ros/jazzy/opt/sdformat_vendor:/opt/ros/jazzy/opt/gz_math_vendor:/opt/ros/jazzy/opt/gz_utils_vendor:/opt/ros/jazzy/opt/gz_tools_vendor:/opt/ros/jazzy/opt/gz_cmake_vendor:/opt/ros/jazzy DEBUGINFOD_URLS=https://debuginfod.ubuntu.com /usr/bin/cmake --build /home/hein/dev/rens-fleetmanager/build/fleetmanager -- -j16 -l16
[1.527s] Invoking command in '/home/hein/dev/rens-fleetmanager/build/fleetmanager': CMAKE_PREFIX_PATH=/home/hein/dev/rens-fleetmanager/install/fleetmanager_interfaces:/home/hein/dev/rens-fleetmanager/install/fleetmanager:/opt/ros/jazzy/opt/sdformat_vendor:/opt/ros/jazzy/opt/gz_math_vendor:/opt/ros/jazzy/opt/gz_utils_vendor:/opt/ros/jazzy/opt/gz_tools_vendor:/opt/ros/jazzy/opt/gz_cmake_vendor:/opt/ros/jazzy DEBUGINFOD_URLS=https://debuginfod.ubuntu.com /usr/bin/cmake --install /home/hein/dev/rens-fleetmanager/build/fleetmanager
[1.532s] -- Install configuration: ""
[1.532s] -- Installing: /home/hein/dev/rens-fleetmanager/install/fleetmanager/lib/fleetmanager/rens_fleetmanager
[1.533s] -- Set non-toolchain portion of runtime path of "/home/hein/dev/rens-fleetmanager/install/fleetmanager/lib/fleetmanager/rens_fleetmanager" to ""
[1.533s] -- Up-to-date: /home/hein/dev/rens-fleetmanager/install/fleetmanager/share/ament_index/resource_index/package_run_dependencies/fleetmanager
[1.533s] -- Up-to-date: /home/hein/dev/rens-fleetmanager/install/fleetmanager/share/ament_index/resource_index/parent_prefix_path/fleetmanager
[1.533s] -- Up-to-date: /home/hein/dev/rens-fleetmanager/install/fleetmanager/share/fleetmanager/environment/ament_prefix_path.sh
[1.533s] -- Up-to-date: /home/hein/dev/rens-fleetmanager/install/fleetmanager/share/fleetmanager/environment/ament_prefix_path.dsv
[1.533s] -- Up-to-date: /home/hein/dev/rens-fleetmanager/install/fleetmanager/share/fleetmanager/environment/path.sh
[1.533s] -- Up-to-date: /home/hein/dev/rens-fleetmanager/install/fleetmanager/share/fleetmanager/environment/path.dsv
[1.533s] -- Up-to-date: /home/hein/dev/rens-fleetmanager/install/fleetmanager/share/fleetmanager/local_setup.bash
[1.534s] -- Up-to-date: /home/hein/dev/rens-fleetmanager/install/fleetmanager/share/fleetmanager/local_setup.sh
[1.534s] -- Up-to-date: /home/hein/dev/rens-fleetmanager/install/fleetmanager/share/fleetmanager/local_setup.zsh
[1.534s] -- Up-to-date: /home/hein/dev/rens-fleetmanager/install/fleetmanager/share/fleetmanager/local_setup.dsv
[1.534s] -- Installing: /home/hein/dev/rens-fleetmanager/install/fleetmanager/share/fleetmanager/package.dsv
[1.534s] -- Up-to-date: /home/hein/dev/rens-fleetmanager/install/fleetmanager/share/ament_index/resource_index/packages/fleetmanager
[1.534s] -- Up-to-date: /home/hein/dev/rens-fleetmanager/install/fleetmanager/share/fleetmanager/cmake/fleetmanagerConfig.cmake
[1.534s] -- Up-to-date: /home/hein/dev/rens-fleetmanager/install/fleetmanager/share/fleetmanager/cmake/fleetmanagerConfig-version.cmake
[1.534s] -- Up-to-date: /home/hein/dev/rens-fleetmanager/install/fleetmanager/share/fleetmanager/package.xml
[1.535s] Invoked command in '/home/hein/dev/rens-fleetmanager/build/fleetmanager' returned '0': CMAKE_PREFIX_PATH=/home/hein/dev/rens-fleetmanager/install/fleetmanager_interfaces:/home/hein/dev/rens-fleetmanager/install/fleetmanager:/opt/ros/jazzy/opt/sdformat_vendor:/opt/ros/jazzy/opt/gz_math_vendor:/opt/ros/jazzy/opt/gz_utils_vendor:/opt/ros/jazzy/opt/gz_tools_vendor:/opt/ros/jazzy/opt/gz_cmake_vendor:/opt/ros/jazzy DEBUGINFOD_URLS=https://debuginfod.ubuntu.com /usr/bin/cmake --install /home/hein/dev/rens-fleetmanager/build/fleetmanager
