[0.005s] Invoking command in '/home/hein/dev/rens-fleetmanager/build/fleetmanager_interfaces': CMAKE_PREFIX_PATH=${CMAKE_PREFIX_PATH}:/opt/ros/jazzy DEBUGINFOD_URLS=https://debuginfod.ubuntu.com /usr/bin/cmake /home/hein/dev/rens-fleetmanager/packages/fleetmanager_interfaces -DCMAKE_INSTALL_PREFIX=/home/hein/dev/rens-fleetmanager/install/fleetmanager_interfaces
[0.042s] -- The C compiler identification is GNU 13.3.0
[0.078s] -- The CXX compiler identification is GNU 13.3.0
[0.089s] -- Detecting C compiler ABI info
[0.148s] -- Detecting C compiler ABI info - done
[0.158s] -- Check for working C compiler: /usr/bin/cc - skipped
[0.159s] -- Detecting C compile features
[0.159s] -- Detecting C compile features - done
[0.165s] -- Detecting CXX compiler ABI info
[0.228s] -- Detecting CXX compiler ABI info - done
[0.234s] -- Check for working CXX compiler: /usr/bin/c++ - skipped
[0.234s] -- Detecting CXX compile features
[0.234s] -- Detecting CXX compile features - done
[0.235s] -- Found rosidl_default_generators: 1.6.0 (/opt/ros/jazzy/share/rosidl_default_generators/cmake)
[0.324s] -- Found Python3: /usr/bin/python3 (found version "3.12.3") found components: Interpreter 
[0.369s] -- Using all available rosidl_typesupport_c: rosidl_typesupport_fastrtps_c;rosidl_typesupport_introspection_c
[0.410s] -- Using all available rosidl_typesupport_cpp: rosidl_typesupport_fastrtps_cpp;rosidl_typesupport_introspection_cpp
[0.432s] -- Found rosidl_adapter: 4.6.6 (/opt/ros/jazzy/share/rosidl_adapter/cmake)
[0.775s] -- Found ament_cmake_ros: 0.12.0 (/opt/ros/jazzy/share/ament_cmake_ros/cmake)
[1.030s] -- Using all available rosidl_typesupport_c: rosidl_typesupport_fastrtps_c;rosidl_typesupport_introspection_c
[1.388s] -- Using all available rosidl_typesupport_cpp: rosidl_typesupport_fastrtps_cpp;rosidl_typesupport_introspection_cpp
[1.390s] -- Found python_cmake_module: 0.11.1 (/opt/ros/jazzy/share/python_cmake_module/cmake)
[1.473s] -- Found PythonExtra: /usr/bin/python3  
[1.724s] -- Found Python3: /usr/bin/python3 (found version "3.12.3") found components: Interpreter Development NumPy Development.Module Development.Embed 
[1.745s] -- Configuring done (1.7s)
[1.763s] -- Generating done (0.0s)
[1.769s] -- Build files have been written to: /home/hein/dev/rens-fleetmanager/build/fleetmanager_interfaces
[1.773s] Invoked command in '/home/hein/dev/rens-fleetmanager/build/fleetmanager_interfaces' returned '0': CMAKE_PREFIX_PATH=${CMAKE_PREFIX_PATH}:/opt/ros/jazzy DEBUGINFOD_URLS=https://debuginfod.ubuntu.com /usr/bin/cmake /home/hein/dev/rens-fleetmanager/packages/fleetmanager_interfaces -DCMAKE_INSTALL_PREFIX=/home/hein/dev/rens-fleetmanager/install/fleetmanager_interfaces
[1.774s] Invoking command in '/home/hein/dev/rens-fleetmanager/build/fleetmanager_interfaces': CMAKE_PREFIX_PATH=${CMAKE_PREFIX_PATH}:/opt/ros/jazzy DEBUGINFOD_URLS=https://debuginfod.ubuntu.com /usr/bin/cmake --build /home/hein/dev/rens-fleetmanager/build/fleetmanager_interfaces -- -j16 -l16
[1.806s] [  1%] [34m[1mGenerating type hashes for ROS interfaces[0m
[1.810s] [  1%] Built target ament_cmake_python_copy_fleetmanager_interfaces
[1.926s] running egg_info
[1.926s] creating fleetmanager_interfaces.egg-info
[1.933s] [  1%] Built target fleetmanager_interfaces__rosidl_generator_type_description
[1.936s] writing fleetmanager_interfaces.egg-info/PKG-INFO
[1.936s] writing dependency_links to fleetmanager_interfaces.egg-info/dependency_links.txt
[1.936s] writing top-level names to fleetmanager_interfaces.egg-info/top_level.txt
[1.936s] writing manifest file 'fleetmanager_interfaces.egg-info/SOURCES.txt'
[1.940s] [  2%] [34m[1mGenerating C code for ROS interfaces[0m
[1.948s] [  4%] [34m[1mGenerating C++ code for ROS interfaces[0m
[1.965s] reading manifest file 'fleetmanager_interfaces.egg-info/SOURCES.txt'
[1.966s] writing manifest file 'fleetmanager_interfaces.egg-info/SOURCES.txt'
[1.984s] [  4%] Built target ament_cmake_python_build_fleetmanager_interfaces_egg
[2.137s] [  4%] Built target fleetmanager_interfaces__cpp
[2.182s] [  5%] [32mBuilding C object CMakeFiles/fleetmanager_interfaces__rosidl_generator_c.dir/rosidl_generator_c/fleetmanager_interfaces/msg/detail/location__description.c.o[0m
[2.183s] [  9%] [32mBuilding C object CMakeFiles/fleetmanager_interfaces__rosidl_generator_c.dir/rosidl_generator_c/fleetmanager_interfaces/msg/detail/error__description.c.o[0m
[2.183s] [  9%] [32mBuilding C object CMakeFiles/fleetmanager_interfaces__rosidl_generator_c.dir/rosidl_generator_c/fleetmanager_interfaces/msg/detail/error__type_support.c.o[0m
[2.183s] [  9%] [32mBuilding C object CMakeFiles/fleetmanager_interfaces__rosidl_generator_c.dir/rosidl_generator_c/fleetmanager_interfaces/msg/detail/error__functions.c.o[0m
[2.184s] [ 10%] [32mBuilding C object CMakeFiles/fleetmanager_interfaces__rosidl_generator_c.dir/rosidl_generator_c/fleetmanager_interfaces/msg/detail/map_request__description.c.o[0m
[2.185s] [ 12%] [32mBuilding C object CMakeFiles/fleetmanager_interfaces__rosidl_generator_c.dir/rosidl_generator_c/fleetmanager_interfaces/msg/detail/map_request__functions.c.o[0m
[2.185s] [ 13%] [32mBuilding C object CMakeFiles/fleetmanager_interfaces__rosidl_generator_c.dir/rosidl_generator_c/fleetmanager_interfaces/msg/detail/status__description.c.o[0m
[2.185s] [ 14%] [32mBuilding C object CMakeFiles/fleetmanager_interfaces__rosidl_generator_c.dir/rosidl_generator_c/fleetmanager_interfaces/msg/detail/status__functions.c.o[0m
[2.185s] [ 16%] [32mBuilding C object CMakeFiles/fleetmanager_interfaces__rosidl_generator_c.dir/rosidl_generator_c/fleetmanager_interfaces/msg/detail/location__functions.c.o[0m
[2.185s] [ 17%] [32mBuilding C object CMakeFiles/fleetmanager_interfaces__rosidl_generator_c.dir/rosidl_generator_c/fleetmanager_interfaces/msg/detail/status__type_support.c.o[0m
[2.185s] [ 18%] [32mBuilding C object CMakeFiles/fleetmanager_interfaces__rosidl_generator_c.dir/rosidl_generator_c/fleetmanager_interfaces/msg/detail/task_move_to__functions.c.o[0m
[2.185s] [ 20%] [32mBuilding C object CMakeFiles/fleetmanager_interfaces__rosidl_generator_c.dir/rosidl_generator_c/fleetmanager_interfaces/msg/detail/task_move_to__type_support.c.o[0m
[2.186s] [ 21%] [32mBuilding C object CMakeFiles/fleetmanager_interfaces__rosidl_generator_c.dir/rosidl_generator_c/fleetmanager_interfaces/msg/detail/location__type_support.c.o[0m
[2.186s] [ 22%] [32mBuilding C object CMakeFiles/fleetmanager_interfaces__rosidl_generator_c.dir/rosidl_generator_c/fleetmanager_interfaces/msg/detail/map_request__type_support.c.o[0m
[2.186s] [ 24%] [32mBuilding C object CMakeFiles/fleetmanager_interfaces__rosidl_generator_c.dir/rosidl_generator_c/fleetmanager_interfaces/msg/detail/task_move_to__description.c.o[0m
[2.228s] [ 25%] [32m[1mLinking C shared library libfleetmanager_interfaces__rosidl_generator_c.so[0m
[2.251s] [ 25%] Built target fleetmanager_interfaces__rosidl_generator_c
[2.258s] [ 31%] [34m[1mGenerating C++ type support for eProsima Fast-RTPS[0m
[2.258s] [ 31%] [34m[1mGenerating C++ introspection for ROS interfaces[0m
[2.258s] [ 31%] [34m[1mGenerating C type support for eProsima Fast-RTPS[0m
[2.258s] [ 31%] [34m[1mGenerating C++ type support dispatch for ROS interfaces[0m
[2.259s] [ 32%] [34m[1mGenerating C type support dispatch for ROS interfaces[0m
[2.260s] [ 33%] [34m[1mGenerating C introspection for ROS interfaces[0m
[2.430s] [ 41%] [32mBuilding CXX object CMakeFiles/fleetmanager_interfaces__rosidl_typesupport_c.dir/rosidl_typesupport_c/fleetmanager_interfaces/msg/status__type_support.cpp.o[0m
[2.430s] [ 41%] [32mBuilding CXX object CMakeFiles/fleetmanager_interfaces__rosidl_typesupport_cpp.dir/rosidl_typesupport_cpp/fleetmanager_interfaces/msg/map_request__type_support.cpp.o[0m
[2.431s] [ 41%] [32mBuilding CXX object CMakeFiles/fleetmanager_interfaces__rosidl_typesupport_cpp.dir/rosidl_typesupport_cpp/fleetmanager_interfaces/msg/status__type_support.cpp.o[0m
[2.431s] [ 41%] [32mBuilding CXX object CMakeFiles/fleetmanager_interfaces__rosidl_typesupport_c.dir/rosidl_typesupport_c/fleetmanager_interfaces/msg/location__type_support.cpp.o[0m
[2.431s] [ 41%] [32mBuilding CXX object CMakeFiles/fleetmanager_interfaces__rosidl_typesupport_cpp.dir/rosidl_typesupport_cpp/fleetmanager_interfaces/msg/task_move_to__type_support.cpp.o[0m
[2.431s] [ 41%] [32mBuilding CXX object CMakeFiles/fleetmanager_interfaces__rosidl_typesupport_cpp.dir/rosidl_typesupport_cpp/fleetmanager_interfaces/msg/location__type_support.cpp.o[0m
[2.431s] [ 44%] [32mBuilding CXX object CMakeFiles/fleetmanager_interfaces__rosidl_typesupport_cpp.dir/rosidl_typesupport_cpp/fleetmanager_interfaces/msg/error__type_support.cpp.o[0m
[2.431s] [ 44%] [32mBuilding CXX object CMakeFiles/fleetmanager_interfaces__rosidl_typesupport_c.dir/rosidl_typesupport_c/fleetmanager_interfaces/msg/error__type_support.cpp.o[0m
[2.431s] [ 45%] [32mBuilding CXX object CMakeFiles/fleetmanager_interfaces__rosidl_typesupport_c.dir/rosidl_typesupport_c/fleetmanager_interfaces/msg/map_request__type_support.cpp.o[0m
[2.440s] [ 47%] [32mBuilding CXX object CMakeFiles/fleetmanager_interfaces__rosidl_typesupport_c.dir/rosidl_typesupport_c/fleetmanager_interfaces/msg/task_move_to__type_support.cpp.o[0m
[2.466s] [ 48%] [32mBuilding CXX object CMakeFiles/fleetmanager_interfaces__rosidl_typesupport_introspection_cpp.dir/rosidl_typesupport_introspection_cpp/fleetmanager_interfaces/msg/detail/error__type_support.cpp.o[0m
[2.467s] [ 50%] [32mBuilding CXX object CMakeFiles/fleetmanager_interfaces__rosidl_typesupport_introspection_cpp.dir/rosidl_typesupport_introspection_cpp/fleetmanager_interfaces/msg/detail/status__type_support.cpp.o[0m
[2.468s] [ 52%] [32mBuilding CXX object CMakeFiles/fleetmanager_interfaces__rosidl_typesupport_introspection_cpp.dir/rosidl_typesupport_introspection_cpp/fleetmanager_interfaces/msg/detail/location__type_support.cpp.o[0m
[2.468s] [ 52%] [32mBuilding CXX object CMakeFiles/fleetmanager_interfaces__rosidl_typesupport_introspection_cpp.dir/rosidl_typesupport_introspection_cpp/fleetmanager_interfaces/msg/detail/map_request__type_support.cpp.o[0m
[2.471s] [ 54%] [32mBuilding CXX object CMakeFiles/fleetmanager_interfaces__rosidl_typesupport_introspection_cpp.dir/rosidl_typesupport_introspection_cpp/fleetmanager_interfaces/msg/detail/task_move_to__type_support.cpp.o[0m
[2.482s] [ 59%] [32mBuilding C object CMakeFiles/fleetmanager_interfaces__rosidl_typesupport_introspection_c.dir/rosidl_typesupport_introspection_c/fleetmanager_interfaces/msg/detail/location__type_support.c.o[0m
[2.482s] [ 59%] [32m[1mLinking CXX shared library libfleetmanager_interfaces__rosidl_typesupport_c.so[0m
[2.482s] [ 59%] [32mBuilding C object CMakeFiles/fleetmanager_interfaces__rosidl_typesupport_introspection_c.dir/rosidl_typesupport_introspection_c/fleetmanager_interfaces/msg/detail/error__type_support.c.o[0m
[2.483s] [ 59%] [32mBuilding C object CMakeFiles/fleetmanager_interfaces__rosidl_typesupport_introspection_c.dir/rosidl_typesupport_introspection_c/fleetmanager_interfaces/msg/detail/map_request__type_support.c.o[0m
[2.519s] [ 60%] [32mBuilding C object CMakeFiles/fleetmanager_interfaces__rosidl_typesupport_introspection_c.dir/rosidl_typesupport_introspection_c/fleetmanager_interfaces/msg/detail/task_move_to__type_support.c.o[0m
[2.520s] [ 62%] [32mBuilding C object CMakeFiles/fleetmanager_interfaces__rosidl_typesupport_introspection_c.dir/rosidl_typesupport_introspection_c/fleetmanager_interfaces/msg/detail/status__type_support.c.o[0m
[2.527s] [ 62%] Built target fleetmanager_interfaces__rosidl_typesupport_c
[2.568s] [ 66%] [32mBuilding CXX object CMakeFiles/fleetmanager_interfaces__rosidl_typesupport_fastrtps_cpp.dir/rosidl_typesupport_fastrtps_cpp/fleetmanager_interfaces/msg/detail/dds_fastrtps/location__type_support.cpp.o[0m
[2.569s] [ 66%] [32mBuilding CXX object CMakeFiles/fleetmanager_interfaces__rosidl_typesupport_fastrtps_cpp.dir/rosidl_typesupport_fastrtps_cpp/fleetmanager_interfaces/msg/detail/dds_fastrtps/map_request__type_support.cpp.o[0m
[2.569s] [ 66%] [32mBuilding CXX object CMakeFiles/fleetmanager_interfaces__rosidl_typesupport_fastrtps_cpp.dir/rosidl_typesupport_fastrtps_cpp/fleetmanager_interfaces/msg/detail/dds_fastrtps/error__type_support.cpp.o[0m
[2.570s] [ 68%] [32mBuilding CXX object CMakeFiles/fleetmanager_interfaces__rosidl_typesupport_fastrtps_cpp.dir/rosidl_typesupport_fastrtps_cpp/fleetmanager_interfaces/msg/detail/dds_fastrtps/status__type_support.cpp.o[0m
[2.570s] [ 68%] [32m[1mLinking C shared library libfleetmanager_interfaces__rosidl_typesupport_introspection_c.so[0m
[2.587s] [ 70%] [32mBuilding CXX object CMakeFiles/fleetmanager_interfaces__rosidl_typesupport_fastrtps_c.dir/rosidl_typesupport_fastrtps_c/fleetmanager_interfaces/msg/detail/error__type_support_c.cpp.o[0m
[2.604s] [ 70%] Built target fleetmanager_interfaces__rosidl_typesupport_introspection_c
[2.615s] [ 71%] [32mBuilding CXX object CMakeFiles/fleetmanager_interfaces__rosidl_typesupport_fastrtps_c.dir/rosidl_typesupport_fastrtps_c/fleetmanager_interfaces/msg/detail/location__type_support_c.cpp.o[0m
[2.764s] [ 74%] [32mBuilding CXX object CMakeFiles/fleetmanager_interfaces__rosidl_typesupport_fastrtps_c.dir/rosidl_typesupport_fastrtps_c/fleetmanager_interfaces/msg/detail/map_request__type_support_c.cpp.o[0m
[2.764s] [ 74%] [32mBuilding CXX object CMakeFiles/fleetmanager_interfaces__rosidl_typesupport_fastrtps_cpp.dir/rosidl_typesupport_fastrtps_cpp/fleetmanager_interfaces/msg/detail/dds_fastrtps/task_move_to__type_support.cpp.o[0m
[2.798s] [ 75%] [32mBuilding CXX object CMakeFiles/fleetmanager_interfaces__rosidl_typesupport_fastrtps_c.dir/rosidl_typesupport_fastrtps_c/fleetmanager_interfaces/msg/detail/status__type_support_c.cpp.o[0m
[2.801s] [ 77%] [32mBuilding CXX object CMakeFiles/fleetmanager_interfaces__rosidl_typesupport_fastrtps_c.dir/rosidl_typesupport_fastrtps_c/fleetmanager_interfaces/msg/detail/task_move_to__type_support_c.cpp.o[0m
[2.810s] [ 78%] [32m[1mLinking CXX shared library libfleetmanager_interfaces__rosidl_typesupport_introspection_cpp.so[0m
[2.818s] [ 79%] [32m[1mLinking CXX shared library libfleetmanager_interfaces__rosidl_typesupport_cpp.so[0m
[2.871s] [ 79%] Built target fleetmanager_interfaces__rosidl_typesupport_cpp
[2.892s] [ 79%] Built target fleetmanager_interfaces__rosidl_typesupport_introspection_cpp
[3.136s] [ 81%] [32m[1mLinking CXX shared library libfleetmanager_interfaces__rosidl_typesupport_fastrtps_c.so[0m
[3.158s] [ 82%] [32m[1mLinking CXX shared library libfleetmanager_interfaces__rosidl_typesupport_fastrtps_cpp.so[0m
[3.181s] [ 82%] Built target fleetmanager_interfaces__rosidl_typesupport_fastrtps_c
[3.203s] [ 82%] Built target fleetmanager_interfaces__rosidl_typesupport_fastrtps_cpp
[3.216s] [ 82%] Built target fleetmanager_interfaces
[3.230s] [ 83%] [34m[1mGenerating Python code for ROS interfaces[0m
[3.471s] [ 83%] Built target fleetmanager_interfaces__py
[3.483s] [ 86%] [32mBuilding C object CMakeFiles/fleetmanager_interfaces__rosidl_generator_py.dir/rosidl_generator_py/fleetmanager_interfaces/msg/_error_s.c.o[0m
[3.483s] [ 86%] [32mBuilding C object CMakeFiles/fleetmanager_interfaces__rosidl_generator_py.dir/rosidl_generator_py/fleetmanager_interfaces/msg/_map_request_s.c.o[0m
[3.484s] [ 87%] [32mBuilding C object CMakeFiles/fleetmanager_interfaces__rosidl_generator_py.dir/rosidl_generator_py/fleetmanager_interfaces/msg/_location_s.c.o[0m
[3.484s] [ 89%] [32mBuilding C object CMakeFiles/fleetmanager_interfaces__rosidl_generator_py.dir/rosidl_generator_py/fleetmanager_interfaces/msg/_status_s.c.o[0m
[3.484s] [ 90%] [32mBuilding C object CMakeFiles/fleetmanager_interfaces__rosidl_generator_py.dir/rosidl_generator_py/fleetmanager_interfaces/msg/_task_move_to_s.c.o[0m
[3.553s] [ 91%] [32m[1mLinking C shared library libfleetmanager_interfaces__rosidl_generator_py.so[0m
[3.577s] [ 91%] Built target fleetmanager_interfaces__rosidl_generator_py
[3.590s] [ 93%] [32mBuilding C object CMakeFiles/fleetmanager_interfaces_s__rosidl_typesupport_fastrtps_c.dir/rosidl_generator_py/fleetmanager_interfaces/_fleetmanager_interfaces_s.ep.rosidl_typesupport_fastrtps_c.c.o[0m
[3.590s] [ 94%] [32mBuilding C object CMakeFiles/fleetmanager_interfaces_s__rosidl_typesupport_c.dir/rosidl_generator_py/fleetmanager_interfaces/_fleetmanager_interfaces_s.ep.rosidl_typesupport_c.c.o[0m
[3.591s] [ 95%] [32mBuilding C object CMakeFiles/fleetmanager_interfaces_s__rosidl_typesupport_introspection_c.dir/rosidl_generator_py/fleetmanager_interfaces/_fleetmanager_interfaces_s.ep.rosidl_typesupport_introspection_c.c.o[0m
[3.653s] [ 97%] [32m[1mLinking C shared module rosidl_generator_py/fleetmanager_interfaces/fleetmanager_interfaces_s__rosidl_typesupport_c.so[0m
[3.654s] [ 98%] [32m[1mLinking C shared module rosidl_generator_py/fleetmanager_interfaces/fleetmanager_interfaces_s__rosidl_typesupport_fastrtps_c.so[0m
[3.654s] [100%] [32m[1mLinking C shared module rosidl_generator_py/fleetmanager_interfaces/fleetmanager_interfaces_s__rosidl_typesupport_introspection_c.so[0m
[3.671s] [100%] Built target fleetmanager_interfaces_s__rosidl_typesupport_c
[3.673s] [100%] Built target fleetmanager_interfaces_s__rosidl_typesupport_fastrtps_c
[3.674s] [100%] Built target fleetmanager_interfaces_s__rosidl_typesupport_introspection_c
[3.682s] Invoked command in '/home/hein/dev/rens-fleetmanager/build/fleetmanager_interfaces' returned '0': CMAKE_PREFIX_PATH=${CMAKE_PREFIX_PATH}:/opt/ros/jazzy DEBUGINFOD_URLS=https://debuginfod.ubuntu.com /usr/bin/cmake --build /home/hein/dev/rens-fleetmanager/build/fleetmanager_interfaces -- -j16 -l16
[3.688s] Invoking command in '/home/hein/dev/rens-fleetmanager/build/fleetmanager_interfaces': CMAKE_PREFIX_PATH=${CMAKE_PREFIX_PATH}:/opt/ros/jazzy DEBUGINFOD_URLS=https://debuginfod.ubuntu.com /usr/bin/cmake --install /home/hein/dev/rens-fleetmanager/build/fleetmanager_interfaces
[3.693s] -- Install configuration: ""
[3.693s] -- Installing: /home/hein/dev/rens-fleetmanager/install/fleetmanager_interfaces/share/ament_index/resource_index/rosidl_interfaces/fleetmanager_interfaces
[3.693s] -- Installing: /home/hein/dev/rens-fleetmanager/install/fleetmanager_interfaces/share/fleetmanager_interfaces/msg/Error.json
[3.693s] -- Installing: /home/hein/dev/rens-fleetmanager/install/fleetmanager_interfaces/share/fleetmanager_interfaces/msg/Location.json
[3.693s] -- Installing: /home/hein/dev/rens-fleetmanager/install/fleetmanager_interfaces/share/fleetmanager_interfaces/msg/MapRequest.json
[3.693s] -- Installing: /home/hein/dev/rens-fleetmanager/install/fleetmanager_interfaces/share/fleetmanager_interfaces/msg/Status.json
[3.693s] -- Installing: /home/hein/dev/rens-fleetmanager/install/fleetmanager_interfaces/share/fleetmanager_interfaces/msg/TaskMoveTo.json
[3.693s] -- Installing: /home/hein/dev/rens-fleetmanager/install/fleetmanager_interfaces/include/fleetmanager_interfaces/fleetmanager_interfaces
[3.693s] -- Installing: /home/hein/dev/rens-fleetmanager/install/fleetmanager_interfaces/include/fleetmanager_interfaces/fleetmanager_interfaces/msg
[3.693s] -- Installing: /home/hein/dev/rens-fleetmanager/install/fleetmanager_interfaces/include/fleetmanager_interfaces/fleetmanager_interfaces/msg/status.h
[3.693s] -- Installing: /home/hein/dev/rens-fleetmanager/install/fleetmanager_interfaces/include/fleetmanager_interfaces/fleetmanager_interfaces/msg/location.h
[3.693s] -- Installing: /home/hein/dev/rens-fleetmanager/install/fleetmanager_interfaces/include/fleetmanager_interfaces/fleetmanager_interfaces/msg/rosidl_generator_c__visibility_control.h
[3.693s] -- Installing: /home/hein/dev/rens-fleetmanager/install/fleetmanager_interfaces/include/fleetmanager_interfaces/fleetmanager_interfaces/msg/detail
[3.693s] -- Installing: /home/hein/dev/rens-fleetmanager/install/fleetmanager_interfaces/include/fleetmanager_interfaces/fleetmanager_interfaces/msg/detail/task_move_to__type_support.c
[3.693s] -- Installing: /home/hein/dev/rens-fleetmanager/install/fleetmanager_interfaces/include/fleetmanager_interfaces/fleetmanager_interfaces/msg/detail/task_move_to__description.c
[3.693s] -- Installing: /home/hein/dev/rens-fleetmanager/install/fleetmanager_interfaces/include/fleetmanager_interfaces/fleetmanager_interfaces/msg/detail/error__description.c
[3.693s] -- Installing: /home/hein/dev/rens-fleetmanager/install/fleetmanager_interfaces/include/fleetmanager_interfaces/fleetmanager_interfaces/msg/detail/location__description.c
[3.694s] -- Installing: /home/hein/dev/rens-fleetmanager/install/fleetmanager_interfaces/include/fleetmanager_interfaces/fleetmanager_interfaces/msg/detail/error__type_support.c
[3.694s] -- Installing: /home/hein/dev/rens-fleetmanager/install/fleetmanager_interfaces/include/fleetmanager_interfaces/fleetmanager_interfaces/msg/detail/map_request__description.c
[3.694s] -- Installing: /home/hein/dev/rens-fleetmanager/install/fleetmanager_interfaces/include/fleetmanager_interfaces/fleetmanager_interfaces/msg/detail/status__type_support.h
[3.694s] -- Installing: /home/hein/dev/rens-fleetmanager/install/fleetmanager_interfaces/include/fleetmanager_interfaces/fleetmanager_interfaces/msg/detail/task_move_to__struct.h
[3.694s] -- Installing: /home/hein/dev/rens-fleetmanager/install/fleetmanager_interfaces/include/fleetmanager_interfaces/fleetmanager_interfaces/msg/detail/location__type_support.c
[3.694s] -- Installing: /home/hein/dev/rens-fleetmanager/install/fleetmanager_interfaces/include/fleetmanager_interfaces/fleetmanager_interfaces/msg/detail/map_request__struct.h
[3.694s] -- Installing: /home/hein/dev/rens-fleetmanager/install/fleetmanager_interfaces/include/fleetmanager_interfaces/fleetmanager_interfaces/msg/detail/location__type_support.h
[3.694s] -- Installing: /home/hein/dev/rens-fleetmanager/install/fleetmanager_interfaces/include/fleetmanager_interfaces/fleetmanager_interfaces/msg/detail/status__type_support.c
[3.694s] -- Installing: /home/hein/dev/rens-fleetmanager/install/fleetmanager_interfaces/include/fleetmanager_interfaces/fleetmanager_interfaces/msg/detail/task_move_to__functions.h
[3.694s] -- Installing: /home/hein/dev/rens-fleetmanager/install/fleetmanager_interfaces/include/fleetmanager_interfaces/fleetmanager_interfaces/msg/detail/status__functions.h
[3.694s] -- Installing: /home/hein/dev/rens-fleetmanager/install/fleetmanager_interfaces/include/fleetmanager_interfaces/fleetmanager_interfaces/msg/detail/map_request__functions.h
[3.694s] -- Installing: /home/hein/dev/rens-fleetmanager/install/fleetmanager_interfaces/include/fleetmanager_interfaces/fleetmanager_interfaces/msg/detail/error__functions.h
[3.694s] -- Installing: /home/hein/dev/rens-fleetmanager/install/fleetmanager_interfaces/include/fleetmanager_interfaces/fleetmanager_interfaces/msg/detail/task_move_to__type_support.h
[3.694s] -- Installing: /home/hein/dev/rens-fleetmanager/install/fleetmanager_interfaces/include/fleetmanager_interfaces/fleetmanager_interfaces/msg/detail/map_request__functions.c
[3.694s] -- Installing: /home/hein/dev/rens-fleetmanager/install/fleetmanager_interfaces/include/fleetmanager_interfaces/fleetmanager_interfaces/msg/detail/map_request__type_support.c
[3.694s] -- Installing: /home/hein/dev/rens-fleetmanager/install/fleetmanager_interfaces/include/fleetmanager_interfaces/fleetmanager_interfaces/msg/detail/task_move_to__functions.c
[3.694s] -- Installing: /home/hein/dev/rens-fleetmanager/install/fleetmanager_interfaces/include/fleetmanager_interfaces/fleetmanager_interfaces/msg/detail/location__functions.c
[3.694s] -- Installing: /home/hein/dev/rens-fleetmanager/install/fleetmanager_interfaces/include/fleetmanager_interfaces/fleetmanager_interfaces/msg/detail/location__functions.h
[3.694s] -- Installing: /home/hein/dev/rens-fleetmanager/install/fleetmanager_interfaces/include/fleetmanager_interfaces/fleetmanager_interfaces/msg/detail/location__struct.h
[3.694s] -- Installing: /home/hein/dev/rens-fleetmanager/install/fleetmanager_interfaces/include/fleetmanager_interfaces/fleetmanager_interfaces/msg/detail/map_request__type_support.h
[3.694s] -- Installing: /home/hein/dev/rens-fleetmanager/install/fleetmanager_interfaces/include/fleetmanager_interfaces/fleetmanager_interfaces/msg/detail/error__type_support.h
[3.694s] -- Installing: /home/hein/dev/rens-fleetmanager/install/fleetmanager_interfaces/include/fleetmanager_interfaces/fleetmanager_interfaces/msg/detail/error__struct.h
[3.694s] -- Installing: /home/hein/dev/rens-fleetmanager/install/fleetmanager_interfaces/include/fleetmanager_interfaces/fleetmanager_interfaces/msg/detail/status__functions.c
[3.694s] -- Installing: /home/hein/dev/rens-fleetmanager/install/fleetmanager_interfaces/include/fleetmanager_interfaces/fleetmanager_interfaces/msg/detail/error__functions.c
[3.694s] -- Installing: /home/hein/dev/rens-fleetmanager/install/fleetmanager_interfaces/include/fleetmanager_interfaces/fleetmanager_interfaces/msg/detail/status__struct.h
[3.694s] -- Installing: /home/hein/dev/rens-fleetmanager/install/fleetmanager_interfaces/include/fleetmanager_interfaces/fleetmanager_interfaces/msg/detail/status__description.c
[3.695s] -- Installing: /home/hein/dev/rens-fleetmanager/install/fleetmanager_interfaces/include/fleetmanager_interfaces/fleetmanager_interfaces/msg/error.h
[3.695s] -- Installing: /home/hein/dev/rens-fleetmanager/install/fleetmanager_interfaces/include/fleetmanager_interfaces/fleetmanager_interfaces/msg/map_request.h
[3.695s] -- Installing: /home/hein/dev/rens-fleetmanager/install/fleetmanager_interfaces/include/fleetmanager_interfaces/fleetmanager_interfaces/msg/task_move_to.h
[3.695s] -- Installing: /home/hein/dev/rens-fleetmanager/install/fleetmanager_interfaces/share/fleetmanager_interfaces/environment/library_path.sh
[3.695s] -- Installing: /home/hein/dev/rens-fleetmanager/install/fleetmanager_interfaces/share/fleetmanager_interfaces/environment/library_path.dsv
[3.695s] -- Installing: /home/hein/dev/rens-fleetmanager/install/fleetmanager_interfaces/lib/libfleetmanager_interfaces__rosidl_generator_c.so
[3.695s] -- Set non-toolchain portion of runtime path of "/home/hein/dev/rens-fleetmanager/install/fleetmanager_interfaces/lib/libfleetmanager_interfaces__rosidl_generator_c.so" to ""
[3.695s] -- Up-to-date: /home/hein/dev/rens-fleetmanager/install/fleetmanager_interfaces/include/fleetmanager_interfaces/fleetmanager_interfaces
[3.695s] -- Up-to-date: /home/hein/dev/rens-fleetmanager/install/fleetmanager_interfaces/include/fleetmanager_interfaces/fleetmanager_interfaces/msg
[3.695s] -- Installing: /home/hein/dev/rens-fleetmanager/install/fleetmanager_interfaces/include/fleetmanager_interfaces/fleetmanager_interfaces/msg/rosidl_typesupport_fastrtps_c__visibility_control.h
[3.695s] -- Up-to-date: /home/hein/dev/rens-fleetmanager/install/fleetmanager_interfaces/include/fleetmanager_interfaces/fleetmanager_interfaces/msg/detail
[3.695s] -- Installing: /home/hein/dev/rens-fleetmanager/install/fleetmanager_interfaces/include/fleetmanager_interfaces/fleetmanager_interfaces/msg/detail/task_move_to__rosidl_typesupport_fastrtps_c.h
[3.695s] -- Installing: /home/hein/dev/rens-fleetmanager/install/fleetmanager_interfaces/include/fleetmanager_interfaces/fleetmanager_interfaces/msg/detail/status__rosidl_typesupport_fastrtps_c.h
[3.695s] -- Installing: /home/hein/dev/rens-fleetmanager/install/fleetmanager_interfaces/include/fleetmanager_interfaces/fleetmanager_interfaces/msg/detail/map_request__rosidl_typesupport_fastrtps_c.h
[3.695s] -- Installing: /home/hein/dev/rens-fleetmanager/install/fleetmanager_interfaces/include/fleetmanager_interfaces/fleetmanager_interfaces/msg/detail/location__rosidl_typesupport_fastrtps_c.h
[3.695s] -- Installing: /home/hein/dev/rens-fleetmanager/install/fleetmanager_interfaces/include/fleetmanager_interfaces/fleetmanager_interfaces/msg/detail/error__rosidl_typesupport_fastrtps_c.h
[3.695s] -- Installing: /home/hein/dev/rens-fleetmanager/install/fleetmanager_interfaces/lib/libfleetmanager_interfaces__rosidl_typesupport_fastrtps_c.so
[3.695s] -- Set non-toolchain portion of runtime path of "/home/hein/dev/rens-fleetmanager/install/fleetmanager_interfaces/lib/libfleetmanager_interfaces__rosidl_typesupport_fastrtps_c.so" to ""
[3.695s] -- Up-to-date: /home/hein/dev/rens-fleetmanager/install/fleetmanager_interfaces/include/fleetmanager_interfaces/fleetmanager_interfaces
[3.695s] -- Up-to-date: /home/hein/dev/rens-fleetmanager/install/fleetmanager_interfaces/include/fleetmanager_interfaces/fleetmanager_interfaces/msg
[3.695s] -- Up-to-date: /home/hein/dev/rens-fleetmanager/install/fleetmanager_interfaces/include/fleetmanager_interfaces/fleetmanager_interfaces/msg/detail
[3.695s] -- Up-to-date: /home/hein/dev/rens-fleetmanager/install/fleetmanager_interfaces/include/fleetmanager_interfaces/fleetmanager_interfaces/msg/detail/task_move_to__type_support.c
[3.695s] -- Up-to-date: /home/hein/dev/rens-fleetmanager/install/fleetmanager_interfaces/include/fleetmanager_interfaces/fleetmanager_interfaces/msg/detail/error__type_support.c
[3.696s] -- Installing: /home/hein/dev/rens-fleetmanager/install/fleetmanager_interfaces/include/fleetmanager_interfaces/fleetmanager_interfaces/msg/detail/task_move_to__rosidl_typesupport_introspection_c.h
[3.696s] -- Up-to-date: /home/hein/dev/rens-fleetmanager/install/fleetmanager_interfaces/include/fleetmanager_interfaces/fleetmanager_interfaces/msg/detail/location__type_support.c
[3.696s] -- Installing: /home/hein/dev/rens-fleetmanager/install/fleetmanager_interfaces/include/fleetmanager_interfaces/fleetmanager_interfaces/msg/detail/map_request__rosidl_typesupport_introspection_c.h
[3.696s] -- Up-to-date: /home/hein/dev/rens-fleetmanager/install/fleetmanager_interfaces/include/fleetmanager_interfaces/fleetmanager_interfaces/msg/detail/status__type_support.c
[3.696s] -- Installing: /home/hein/dev/rens-fleetmanager/install/fleetmanager_interfaces/include/fleetmanager_interfaces/fleetmanager_interfaces/msg/detail/error__rosidl_typesupport_introspection_c.h
[3.696s] -- Installing: /home/hein/dev/rens-fleetmanager/install/fleetmanager_interfaces/include/fleetmanager_interfaces/fleetmanager_interfaces/msg/detail/status__rosidl_typesupport_introspection_c.h
[3.696s] -- Up-to-date: /home/hein/dev/rens-fleetmanager/install/fleetmanager_interfaces/include/fleetmanager_interfaces/fleetmanager_interfaces/msg/detail/map_request__type_support.c
[3.696s] -- Installing: /home/hein/dev/rens-fleetmanager/install/fleetmanager_interfaces/include/fleetmanager_interfaces/fleetmanager_interfaces/msg/detail/location__rosidl_typesupport_introspection_c.h
[3.696s] -- Installing: /home/hein/dev/rens-fleetmanager/install/fleetmanager_interfaces/include/fleetmanager_interfaces/fleetmanager_interfaces/msg/rosidl_typesupport_introspection_c__visibility_control.h
[3.696s] -- Installing: /home/hein/dev/rens-fleetmanager/install/fleetmanager_interfaces/lib/libfleetmanager_interfaces__rosidl_typesupport_introspection_c.so
[3.696s] -- Set non-toolchain portion of runtime path of "/home/hein/dev/rens-fleetmanager/install/fleetmanager_interfaces/lib/libfleetmanager_interfaces__rosidl_typesupport_introspection_c.so" to ""
[3.696s] -- Installing: /home/hein/dev/rens-fleetmanager/install/fleetmanager_interfaces/lib/libfleetmanager_interfaces__rosidl_typesupport_c.so
[3.696s] -- Set non-toolchain portion of runtime path of "/home/hein/dev/rens-fleetmanager/install/fleetmanager_interfaces/lib/libfleetmanager_interfaces__rosidl_typesupport_c.so" to ""
[3.696s] -- Up-to-date: /home/hein/dev/rens-fleetmanager/install/fleetmanager_interfaces/include/fleetmanager_interfaces/fleetmanager_interfaces
[3.696s] -- Up-to-date: /home/hein/dev/rens-fleetmanager/install/fleetmanager_interfaces/include/fleetmanager_interfaces/fleetmanager_interfaces/msg
[3.696s] -- Installing: /home/hein/dev/rens-fleetmanager/install/fleetmanager_interfaces/include/fleetmanager_interfaces/fleetmanager_interfaces/msg/location.hpp
[3.696s] -- Installing: /home/hein/dev/rens-fleetmanager/install/fleetmanager_interfaces/include/fleetmanager_interfaces/fleetmanager_interfaces/msg/status.hpp
[3.696s] -- Installing: /home/hein/dev/rens-fleetmanager/install/fleetmanager_interfaces/include/fleetmanager_interfaces/fleetmanager_interfaces/msg/error.hpp
[3.696s] -- Installing: /home/hein/dev/rens-fleetmanager/install/fleetmanager_interfaces/include/fleetmanager_interfaces/fleetmanager_interfaces/msg/task_move_to.hpp
[3.696s] -- Up-to-date: /home/hein/dev/rens-fleetmanager/install/fleetmanager_interfaces/include/fleetmanager_interfaces/fleetmanager_interfaces/msg/detail
[3.696s] -- Installing: /home/hein/dev/rens-fleetmanager/install/fleetmanager_interfaces/include/fleetmanager_interfaces/fleetmanager_interfaces/msg/detail/location__struct.hpp
[3.696s] -- Installing: /home/hein/dev/rens-fleetmanager/install/fleetmanager_interfaces/include/fleetmanager_interfaces/fleetmanager_interfaces/msg/detail/task_move_to__type_support.hpp
[3.696s] -- Installing: /home/hein/dev/rens-fleetmanager/install/fleetmanager_interfaces/include/fleetmanager_interfaces/fleetmanager_interfaces/msg/detail/task_move_to__traits.hpp
[3.696s] -- Installing: /home/hein/dev/rens-fleetmanager/install/fleetmanager_interfaces/include/fleetmanager_interfaces/fleetmanager_interfaces/msg/detail/status__struct.hpp
[3.696s] -- Installing: /home/hein/dev/rens-fleetmanager/install/fleetmanager_interfaces/include/fleetmanager_interfaces/fleetmanager_interfaces/msg/detail/error__type_support.hpp
[3.696s] -- Installing: /home/hein/dev/rens-fleetmanager/install/fleetmanager_interfaces/include/fleetmanager_interfaces/fleetmanager_interfaces/msg/detail/status__builder.hpp
[3.696s] -- Installing: /home/hein/dev/rens-fleetmanager/install/fleetmanager_interfaces/include/fleetmanager_interfaces/fleetmanager_interfaces/msg/detail/error__struct.hpp
[3.696s] -- Installing: /home/hein/dev/rens-fleetmanager/install/fleetmanager_interfaces/include/fleetmanager_interfaces/fleetmanager_interfaces/msg/detail/status__type_support.hpp
[3.696s] -- Installing: /home/hein/dev/rens-fleetmanager/install/fleetmanager_interfaces/include/fleetmanager_interfaces/fleetmanager_interfaces/msg/detail/location__type_support.hpp
[3.697s] -- Installing: /home/hein/dev/rens-fleetmanager/install/fleetmanager_interfaces/include/fleetmanager_interfaces/fleetmanager_interfaces/msg/detail/location__builder.hpp
[3.697s] -- Installing: /home/hein/dev/rens-fleetmanager/install/fleetmanager_interfaces/include/fleetmanager_interfaces/fleetmanager_interfaces/msg/detail/status__traits.hpp
[3.697s] -- Installing: /home/hein/dev/rens-fleetmanager/install/fleetmanager_interfaces/include/fleetmanager_interfaces/fleetmanager_interfaces/msg/detail/error__builder.hpp
[3.697s] -- Installing: /home/hein/dev/rens-fleetmanager/install/fleetmanager_interfaces/include/fleetmanager_interfaces/fleetmanager_interfaces/msg/detail/task_move_to__builder.hpp
[3.697s] -- Installing: /home/hein/dev/rens-fleetmanager/install/fleetmanager_interfaces/include/fleetmanager_interfaces/fleetmanager_interfaces/msg/detail/map_request__builder.hpp
[3.697s] -- Installing: /home/hein/dev/rens-fleetmanager/install/fleetmanager_interfaces/include/fleetmanager_interfaces/fleetmanager_interfaces/msg/detail/map_request__traits.hpp
[3.697s] -- Installing: /home/hein/dev/rens-fleetmanager/install/fleetmanager_interfaces/include/fleetmanager_interfaces/fleetmanager_interfaces/msg/detail/map_request__struct.hpp
[3.697s] -- Installing: /home/hein/dev/rens-fleetmanager/install/fleetmanager_interfaces/include/fleetmanager_interfaces/fleetmanager_interfaces/msg/detail/error__traits.hpp
[3.697s] -- Installing: /home/hein/dev/rens-fleetmanager/install/fleetmanager_interfaces/include/fleetmanager_interfaces/fleetmanager_interfaces/msg/detail/map_request__type_support.hpp
[3.697s] -- Installing: /home/hein/dev/rens-fleetmanager/install/fleetmanager_interfaces/include/fleetmanager_interfaces/fleetmanager_interfaces/msg/detail/task_move_to__struct.hpp
[3.697s] -- Installing: /home/hein/dev/rens-fleetmanager/install/fleetmanager_interfaces/include/fleetmanager_interfaces/fleetmanager_interfaces/msg/detail/location__traits.hpp
[3.697s] -- Installing: /home/hein/dev/rens-fleetmanager/install/fleetmanager_interfaces/include/fleetmanager_interfaces/fleetmanager_interfaces/msg/rosidl_generator_cpp__visibility_control.hpp
[3.697s] -- Installing: /home/hein/dev/rens-fleetmanager/install/fleetmanager_interfaces/include/fleetmanager_interfaces/fleetmanager_interfaces/msg/map_request.hpp
[3.697s] -- Up-to-date: /home/hein/dev/rens-fleetmanager/install/fleetmanager_interfaces/include/fleetmanager_interfaces/fleetmanager_interfaces
[3.697s] -- Up-to-date: /home/hein/dev/rens-fleetmanager/install/fleetmanager_interfaces/include/fleetmanager_interfaces/fleetmanager_interfaces/msg
[3.697s] -- Up-to-date: /home/hein/dev/rens-fleetmanager/install/fleetmanager_interfaces/include/fleetmanager_interfaces/fleetmanager_interfaces/msg/detail
[3.697s] -- Installing: /home/hein/dev/rens-fleetmanager/install/fleetmanager_interfaces/include/fleetmanager_interfaces/fleetmanager_interfaces/msg/detail/status__rosidl_typesupport_fastrtps_cpp.hpp
[3.697s] -- Installing: /home/hein/dev/rens-fleetmanager/install/fleetmanager_interfaces/include/fleetmanager_interfaces/fleetmanager_interfaces/msg/detail/dds_fastrtps
[3.697s] -- Installing: /home/hein/dev/rens-fleetmanager/install/fleetmanager_interfaces/include/fleetmanager_interfaces/fleetmanager_interfaces/msg/detail/task_move_to__rosidl_typesupport_fastrtps_cpp.hpp
[3.697s] -- Installing: /home/hein/dev/rens-fleetmanager/install/fleetmanager_interfaces/include/fleetmanager_interfaces/fleetmanager_interfaces/msg/detail/error__rosidl_typesupport_fastrtps_cpp.hpp
[3.697s] -- Installing: /home/hein/dev/rens-fleetmanager/install/fleetmanager_interfaces/include/fleetmanager_interfaces/fleetmanager_interfaces/msg/detail/location__rosidl_typesupport_fastrtps_cpp.hpp
[3.697s] -- Installing: /home/hein/dev/rens-fleetmanager/install/fleetmanager_interfaces/include/fleetmanager_interfaces/fleetmanager_interfaces/msg/detail/map_request__rosidl_typesupport_fastrtps_cpp.hpp
[3.697s] -- Installing: /home/hein/dev/rens-fleetmanager/install/fleetmanager_interfaces/include/fleetmanager_interfaces/fleetmanager_interfaces/msg/rosidl_typesupport_fastrtps_cpp__visibility_control.h
[3.697s] -- Installing: /home/hein/dev/rens-fleetmanager/install/fleetmanager_interfaces/lib/libfleetmanager_interfaces__rosidl_typesupport_fastrtps_cpp.so
[3.697s] -- Set non-toolchain portion of runtime path of "/home/hein/dev/rens-fleetmanager/install/fleetmanager_interfaces/lib/libfleetmanager_interfaces__rosidl_typesupport_fastrtps_cpp.so" to ""
[3.697s] -- Up-to-date: /home/hein/dev/rens-fleetmanager/install/fleetmanager_interfaces/include/fleetmanager_interfaces/fleetmanager_interfaces
[3.697s] -- Up-to-date: /home/hein/dev/rens-fleetmanager/install/fleetmanager_interfaces/include/fleetmanager_interfaces/fleetmanager_interfaces/msg
[3.697s] -- Up-to-date: /home/hein/dev/rens-fleetmanager/install/fleetmanager_interfaces/include/fleetmanager_interfaces/fleetmanager_interfaces/msg/detail
[3.698s] -- Installing: /home/hein/dev/rens-fleetmanager/install/fleetmanager_interfaces/include/fleetmanager_interfaces/fleetmanager_interfaces/msg/detail/status__rosidl_typesupport_introspection_cpp.hpp
[3.698s] -- Installing: /home/hein/dev/rens-fleetmanager/install/fleetmanager_interfaces/include/fleetmanager_interfaces/fleetmanager_interfaces/msg/detail/status__type_support.cpp
[3.698s] -- Installing: /home/hein/dev/rens-fleetmanager/install/fleetmanager_interfaces/include/fleetmanager_interfaces/fleetmanager_interfaces/msg/detail/error__type_support.cpp
[3.698s] -- Installing: /home/hein/dev/rens-fleetmanager/install/fleetmanager_interfaces/include/fleetmanager_interfaces/fleetmanager_interfaces/msg/detail/map_request__type_support.cpp
[3.698s] -- Installing: /home/hein/dev/rens-fleetmanager/install/fleetmanager_interfaces/include/fleetmanager_interfaces/fleetmanager_interfaces/msg/detail/map_request__rosidl_typesupport_introspection_cpp.hpp
[3.698s] -- Installing: /home/hein/dev/rens-fleetmanager/install/fleetmanager_interfaces/include/fleetmanager_interfaces/fleetmanager_interfaces/msg/detail/task_move_to__rosidl_typesupport_introspection_cpp.hpp
[3.698s] -- Installing: /home/hein/dev/rens-fleetmanager/install/fleetmanager_interfaces/include/fleetmanager_interfaces/fleetmanager_interfaces/msg/detail/error__rosidl_typesupport_introspection_cpp.hpp
[3.698s] -- Installing: /home/hein/dev/rens-fleetmanager/install/fleetmanager_interfaces/include/fleetmanager_interfaces/fleetmanager_interfaces/msg/detail/location__rosidl_typesupport_introspection_cpp.hpp
[3.698s] -- Installing: /home/hein/dev/rens-fleetmanager/install/fleetmanager_interfaces/include/fleetmanager_interfaces/fleetmanager_interfaces/msg/detail/location__type_support.cpp
[3.698s] -- Installing: /home/hein/dev/rens-fleetmanager/install/fleetmanager_interfaces/include/fleetmanager_interfaces/fleetmanager_interfaces/msg/detail/task_move_to__type_support.cpp
[3.698s] -- Installing: /home/hein/dev/rens-fleetmanager/install/fleetmanager_interfaces/lib/libfleetmanager_interfaces__rosidl_typesupport_introspection_cpp.so
[3.698s] -- Set non-toolchain portion of runtime path of "/home/hein/dev/rens-fleetmanager/install/fleetmanager_interfaces/lib/libfleetmanager_interfaces__rosidl_typesupport_introspection_cpp.so" to ""
[3.698s] -- Installing: /home/hein/dev/rens-fleetmanager/install/fleetmanager_interfaces/lib/libfleetmanager_interfaces__rosidl_typesupport_cpp.so
[3.698s] -- Set non-toolchain portion of runtime path of "/home/hein/dev/rens-fleetmanager/install/fleetmanager_interfaces/lib/libfleetmanager_interfaces__rosidl_typesupport_cpp.so" to ""
[3.698s] -- Installing: /home/hein/dev/rens-fleetmanager/install/fleetmanager_interfaces/share/fleetmanager_interfaces/environment/pythonpath.sh
[3.698s] -- Installing: /home/hein/dev/rens-fleetmanager/install/fleetmanager_interfaces/share/fleetmanager_interfaces/environment/pythonpath.dsv
[3.698s] -- Installing: /home/hein/dev/rens-fleetmanager/install/fleetmanager_interfaces/lib/python3.12/site-packages/fleetmanager_interfaces-0.0.0-py3.12.egg-info
[3.698s] -- Installing: /home/hein/dev/rens-fleetmanager/install/fleetmanager_interfaces/lib/python3.12/site-packages/fleetmanager_interfaces-0.0.0-py3.12.egg-info/PKG-INFO
[3.698s] -- Installing: /home/hein/dev/rens-fleetmanager/install/fleetmanager_interfaces/lib/python3.12/site-packages/fleetmanager_interfaces-0.0.0-py3.12.egg-info/SOURCES.txt
[3.698s] -- Installing: /home/hein/dev/rens-fleetmanager/install/fleetmanager_interfaces/lib/python3.12/site-packages/fleetmanager_interfaces-0.0.0-py3.12.egg-info/top_level.txt
[3.698s] -- Installing: /home/hein/dev/rens-fleetmanager/install/fleetmanager_interfaces/lib/python3.12/site-packages/fleetmanager_interfaces-0.0.0-py3.12.egg-info/dependency_links.txt
[3.698s] -- Installing: /home/hein/dev/rens-fleetmanager/install/fleetmanager_interfaces/lib/python3.12/site-packages/fleetmanager_interfaces
[3.698s] -- Installing: /home/hein/dev/rens-fleetmanager/install/fleetmanager_interfaces/lib/python3.12/site-packages/fleetmanager_interfaces/_fleetmanager_interfaces_s.ep.rosidl_typesupport_fastrtps_c.c
[3.698s] -- Installing: /home/hein/dev/rens-fleetmanager/install/fleetmanager_interfaces/lib/python3.12/site-packages/fleetmanager_interfaces/fleetmanager_interfaces_s__rosidl_typesupport_c.so
[3.699s] -- Installing: /home/hein/dev/rens-fleetmanager/install/fleetmanager_interfaces/lib/python3.12/site-packages/fleetmanager_interfaces/_fleetmanager_interfaces_s.ep.rosidl_typesupport_introspection_c.c
[3.699s] -- Installing: /home/hein/dev/rens-fleetmanager/install/fleetmanager_interfaces/lib/python3.12/site-packages/fleetmanager_interfaces/__init__.py
[3.699s] -- Installing: /home/hein/dev/rens-fleetmanager/install/fleetmanager_interfaces/lib/python3.12/site-packages/fleetmanager_interfaces/msg
[3.699s] -- Installing: /home/hein/dev/rens-fleetmanager/install/fleetmanager_interfaces/lib/python3.12/site-packages/fleetmanager_interfaces/msg/_location_s.c
[3.699s] -- Installing: /home/hein/dev/rens-fleetmanager/install/fleetmanager_interfaces/lib/python3.12/site-packages/fleetmanager_interfaces/msg/_error_s.c
[3.699s] -- Installing: /home/hein/dev/rens-fleetmanager/install/fleetmanager_interfaces/lib/python3.12/site-packages/fleetmanager_interfaces/msg/_task_move_to.py
[3.699s] -- Installing: /home/hein/dev/rens-fleetmanager/install/fleetmanager_interfaces/lib/python3.12/site-packages/fleetmanager_interfaces/msg/_map_request.py
[3.699s] -- Installing: /home/hein/dev/rens-fleetmanager/install/fleetmanager_interfaces/lib/python3.12/site-packages/fleetmanager_interfaces/msg/_status_s.c
[3.699s] -- Installing: /home/hein/dev/rens-fleetmanager/install/fleetmanager_interfaces/lib/python3.12/site-packages/fleetmanager_interfaces/msg/_error.py
[3.699s] -- Installing: /home/hein/dev/rens-fleetmanager/install/fleetmanager_interfaces/lib/python3.12/site-packages/fleetmanager_interfaces/msg/__init__.py
[3.699s] -- Installing: /home/hein/dev/rens-fleetmanager/install/fleetmanager_interfaces/lib/python3.12/site-packages/fleetmanager_interfaces/msg/_task_move_to_s.c
[3.699s] -- Installing: /home/hein/dev/rens-fleetmanager/install/fleetmanager_interfaces/lib/python3.12/site-packages/fleetmanager_interfaces/msg/_map_request_s.c
[3.699s] -- Installing: /home/hein/dev/rens-fleetmanager/install/fleetmanager_interfaces/lib/python3.12/site-packages/fleetmanager_interfaces/msg/_location.py
[3.699s] -- Installing: /home/hein/dev/rens-fleetmanager/install/fleetmanager_interfaces/lib/python3.12/site-packages/fleetmanager_interfaces/msg/_status.py
[3.699s] -- Installing: /home/hein/dev/rens-fleetmanager/install/fleetmanager_interfaces/lib/python3.12/site-packages/fleetmanager_interfaces/fleetmanager_interfaces_s__rosidl_typesupport_introspection_c.so
[3.699s] -- Installing: /home/hein/dev/rens-fleetmanager/install/fleetmanager_interfaces/lib/python3.12/site-packages/fleetmanager_interfaces/fleetmanager_interfaces_s__rosidl_typesupport_fastrtps_c.so
[3.699s] -- Installing: /home/hein/dev/rens-fleetmanager/install/fleetmanager_interfaces/lib/python3.12/site-packages/fleetmanager_interfaces/_fleetmanager_interfaces_s.ep.rosidl_typesupport_c.c
[3.724s] Listing '/home/hein/dev/rens-fleetmanager/install/fleetmanager_interfaces/lib/python3.12/site-packages/fleetmanager_interfaces'...
[3.725s] Compiling '/home/hein/dev/rens-fleetmanager/install/fleetmanager_interfaces/lib/python3.12/site-packages/fleetmanager_interfaces/__init__.py'...
[3.725s] Listing '/home/hein/dev/rens-fleetmanager/install/fleetmanager_interfaces/lib/python3.12/site-packages/fleetmanager_interfaces/msg'...
[3.725s] Compiling '/home/hein/dev/rens-fleetmanager/install/fleetmanager_interfaces/lib/python3.12/site-packages/fleetmanager_interfaces/msg/__init__.py'...
[3.725s] Compiling '/home/hein/dev/rens-fleetmanager/install/fleetmanager_interfaces/lib/python3.12/site-packages/fleetmanager_interfaces/msg/_error.py'...
[3.725s] Compiling '/home/hein/dev/rens-fleetmanager/install/fleetmanager_interfaces/lib/python3.12/site-packages/fleetmanager_interfaces/msg/_location.py'...
[3.725s] Compiling '/home/hein/dev/rens-fleetmanager/install/fleetmanager_interfaces/lib/python3.12/site-packages/fleetmanager_interfaces/msg/_map_request.py'...
[3.725s] Compiling '/home/hein/dev/rens-fleetmanager/install/fleetmanager_interfaces/lib/python3.12/site-packages/fleetmanager_interfaces/msg/_status.py'...
[3.725s] Compiling '/home/hein/dev/rens-fleetmanager/install/fleetmanager_interfaces/lib/python3.12/site-packages/fleetmanager_interfaces/msg/_task_move_to.py'...
[3.729s] -- Installing: /home/hein/dev/rens-fleetmanager/install/fleetmanager_interfaces/lib/python3.12/site-packages/fleetmanager_interfaces/fleetmanager_interfaces_s__rosidl_typesupport_fastrtps_c.so
[3.729s] -- Set non-toolchain portion of runtime path of "/home/hein/dev/rens-fleetmanager/install/fleetmanager_interfaces/lib/python3.12/site-packages/fleetmanager_interfaces/fleetmanager_interfaces_s__rosidl_typesupport_fastrtps_c.so" to ""
[3.729s] -- Installing: /home/hein/dev/rens-fleetmanager/install/fleetmanager_interfaces/lib/python3.12/site-packages/fleetmanager_interfaces/fleetmanager_interfaces_s__rosidl_typesupport_introspection_c.so
[3.729s] -- Set non-toolchain portion of runtime path of "/home/hein/dev/rens-fleetmanager/install/fleetmanager_interfaces/lib/python3.12/site-packages/fleetmanager_interfaces/fleetmanager_interfaces_s__rosidl_typesupport_introspection_c.so" to ""
[3.729s] -- Installing: /home/hein/dev/rens-fleetmanager/install/fleetmanager_interfaces/lib/python3.12/site-packages/fleetmanager_interfaces/fleetmanager_interfaces_s__rosidl_typesupport_c.so
[3.729s] -- Set non-toolchain portion of runtime path of "/home/hein/dev/rens-fleetmanager/install/fleetmanager_interfaces/lib/python3.12/site-packages/fleetmanager_interfaces/fleetmanager_interfaces_s__rosidl_typesupport_c.so" to ""
[3.729s] -- Installing: /home/hein/dev/rens-fleetmanager/install/fleetmanager_interfaces/lib/libfleetmanager_interfaces__rosidl_generator_py.so
[3.729s] -- Set non-toolchain portion of runtime path of "/home/hein/dev/rens-fleetmanager/install/fleetmanager_interfaces/lib/libfleetmanager_interfaces__rosidl_generator_py.so" to ""
[3.729s] -- Installing: /home/hein/dev/rens-fleetmanager/install/fleetmanager_interfaces/share/fleetmanager_interfaces/msg/Error.idl
[3.729s] -- Installing: /home/hein/dev/rens-fleetmanager/install/fleetmanager_interfaces/share/fleetmanager_interfaces/msg/Location.idl
[3.729s] -- Installing: /home/hein/dev/rens-fleetmanager/install/fleetmanager_interfaces/share/fleetmanager_interfaces/msg/MapRequest.idl
[3.729s] -- Installing: /home/hein/dev/rens-fleetmanager/install/fleetmanager_interfaces/share/fleetmanager_interfaces/msg/Status.idl
[3.729s] -- Installing: /home/hein/dev/rens-fleetmanager/install/fleetmanager_interfaces/share/fleetmanager_interfaces/msg/TaskMoveTo.idl
[3.730s] -- Installing: /home/hein/dev/rens-fleetmanager/install/fleetmanager_interfaces/share/fleetmanager_interfaces/msg/Error.msg
[3.730s] -- Installing: /home/hein/dev/rens-fleetmanager/install/fleetmanager_interfaces/share/fleetmanager_interfaces/msg/Location.msg
[3.730s] -- Installing: /home/hein/dev/rens-fleetmanager/install/fleetmanager_interfaces/share/fleetmanager_interfaces/msg/MapRequest.msg
[3.730s] -- Installing: /home/hein/dev/rens-fleetmanager/install/fleetmanager_interfaces/share/fleetmanager_interfaces/msg/Status.msg
[3.730s] -- Installing: /home/hein/dev/rens-fleetmanager/install/fleetmanager_interfaces/share/fleetmanager_interfaces/msg/TaskMoveTo.msg
[3.730s] -- Installing: /home/hein/dev/rens-fleetmanager/install/fleetmanager_interfaces/share/ament_index/resource_index/package_run_dependencies/fleetmanager_interfaces
[3.730s] -- Installing: /home/hein/dev/rens-fleetmanager/install/fleetmanager_interfaces/share/ament_index/resource_index/parent_prefix_path/fleetmanager_interfaces
[3.730s] -- Installing: /home/hein/dev/rens-fleetmanager/install/fleetmanager_interfaces/share/fleetmanager_interfaces/environment/ament_prefix_path.sh
[3.730s] -- Installing: /home/hein/dev/rens-fleetmanager/install/fleetmanager_interfaces/share/fleetmanager_interfaces/environment/ament_prefix_path.dsv
[3.730s] -- Installing: /home/hein/dev/rens-fleetmanager/install/fleetmanager_interfaces/share/fleetmanager_interfaces/environment/path.sh
[3.730s] -- Installing: /home/hein/dev/rens-fleetmanager/install/fleetmanager_interfaces/share/fleetmanager_interfaces/environment/path.dsv
[3.730s] -- Installing: /home/hein/dev/rens-fleetmanager/install/fleetmanager_interfaces/share/fleetmanager_interfaces/local_setup.bash
[3.730s] -- Installing: /home/hein/dev/rens-fleetmanager/install/fleetmanager_interfaces/share/fleetmanager_interfaces/local_setup.sh
[3.730s] -- Installing: /home/hein/dev/rens-fleetmanager/install/fleetmanager_interfaces/share/fleetmanager_interfaces/local_setup.zsh
[3.730s] -- Installing: /home/hein/dev/rens-fleetmanager/install/fleetmanager_interfaces/share/fleetmanager_interfaces/local_setup.dsv
[3.730s] -- Installing: /home/hein/dev/rens-fleetmanager/install/fleetmanager_interfaces/share/fleetmanager_interfaces/package.dsv
[3.730s] -- Installing: /home/hein/dev/rens-fleetmanager/install/fleetmanager_interfaces/share/ament_index/resource_index/packages/fleetmanager_interfaces
[3.730s] -- Installing: /home/hein/dev/rens-fleetmanager/install/fleetmanager_interfaces/share/fleetmanager_interfaces/cmake/export_fleetmanager_interfaces__rosidl_generator_cExport.cmake
[3.730s] -- Installing: /home/hein/dev/rens-fleetmanager/install/fleetmanager_interfaces/share/fleetmanager_interfaces/cmake/export_fleetmanager_interfaces__rosidl_generator_cExport-noconfig.cmake
[3.730s] -- Installing: /home/hein/dev/rens-fleetmanager/install/fleetmanager_interfaces/share/fleetmanager_interfaces/cmake/export_fleetmanager_interfaces__rosidl_typesupport_fastrtps_cExport.cmake
[3.730s] -- Installing: /home/hein/dev/rens-fleetmanager/install/fleetmanager_interfaces/share/fleetmanager_interfaces/cmake/export_fleetmanager_interfaces__rosidl_typesupport_fastrtps_cExport-noconfig.cmake
[3.731s] -- Installing: /home/hein/dev/rens-fleetmanager/install/fleetmanager_interfaces/share/fleetmanager_interfaces/cmake/fleetmanager_interfaces__rosidl_typesupport_introspection_cExport.cmake
[3.731s] -- Installing: /home/hein/dev/rens-fleetmanager/install/fleetmanager_interfaces/share/fleetmanager_interfaces/cmake/fleetmanager_interfaces__rosidl_typesupport_introspection_cExport-noconfig.cmake
[3.731s] -- Installing: /home/hein/dev/rens-fleetmanager/install/fleetmanager_interfaces/share/fleetmanager_interfaces/cmake/fleetmanager_interfaces__rosidl_typesupport_cExport.cmake
[3.731s] -- Installing: /home/hein/dev/rens-fleetmanager/install/fleetmanager_interfaces/share/fleetmanager_interfaces/cmake/fleetmanager_interfaces__rosidl_typesupport_cExport-noconfig.cmake
[3.731s] -- Installing: /home/hein/dev/rens-fleetmanager/install/fleetmanager_interfaces/share/fleetmanager_interfaces/cmake/export_fleetmanager_interfaces__rosidl_generator_cppExport.cmake
[3.731s] -- Installing: /home/hein/dev/rens-fleetmanager/install/fleetmanager_interfaces/share/fleetmanager_interfaces/cmake/export_fleetmanager_interfaces__rosidl_typesupport_fastrtps_cppExport.cmake
[3.731s] -- Installing: /home/hein/dev/rens-fleetmanager/install/fleetmanager_interfaces/share/fleetmanager_interfaces/cmake/export_fleetmanager_interfaces__rosidl_typesupport_fastrtps_cppExport-noconfig.cmake
[3.731s] -- Installing: /home/hein/dev/rens-fleetmanager/install/fleetmanager_interfaces/share/fleetmanager_interfaces/cmake/fleetmanager_interfaces__rosidl_typesupport_introspection_cppExport.cmake
[3.731s] -- Installing: /home/hein/dev/rens-fleetmanager/install/fleetmanager_interfaces/share/fleetmanager_interfaces/cmake/fleetmanager_interfaces__rosidl_typesupport_introspection_cppExport-noconfig.cmake
[3.731s] -- Installing: /home/hein/dev/rens-fleetmanager/install/fleetmanager_interfaces/share/fleetmanager_interfaces/cmake/fleetmanager_interfaces__rosidl_typesupport_cppExport.cmake
[3.731s] -- Installing: /home/hein/dev/rens-fleetmanager/install/fleetmanager_interfaces/share/fleetmanager_interfaces/cmake/fleetmanager_interfaces__rosidl_typesupport_cppExport-noconfig.cmake
[3.731s] -- Installing: /home/hein/dev/rens-fleetmanager/install/fleetmanager_interfaces/share/fleetmanager_interfaces/cmake/export_fleetmanager_interfaces__rosidl_generator_pyExport.cmake
[3.731s] -- Installing: /home/hein/dev/rens-fleetmanager/install/fleetmanager_interfaces/share/fleetmanager_interfaces/cmake/export_fleetmanager_interfaces__rosidl_generator_pyExport-noconfig.cmake
[3.731s] -- Installing: /home/hein/dev/rens-fleetmanager/install/fleetmanager_interfaces/share/fleetmanager_interfaces/cmake/rosidl_cmake-extras.cmake
[3.731s] -- Installing: /home/hein/dev/rens-fleetmanager/install/fleetmanager_interfaces/share/fleetmanager_interfaces/cmake/ament_cmake_export_include_directories-extras.cmake
[3.731s] -- Installing: /home/hein/dev/rens-fleetmanager/install/fleetmanager_interfaces/share/fleetmanager_interfaces/cmake/ament_cmake_export_libraries-extras.cmake
[3.731s] -- Installing: /home/hein/dev/rens-fleetmanager/install/fleetmanager_interfaces/share/fleetmanager_interfaces/cmake/ament_cmake_export_targets-extras.cmake
[3.731s] -- Installing: /home/hein/dev/rens-fleetmanager/install/fleetmanager_interfaces/share/fleetmanager_interfaces/cmake/rosidl_cmake_export_typesupport_targets-extras.cmake
[3.731s] -- Installing: /home/hein/dev/rens-fleetmanager/install/fleetmanager_interfaces/share/fleetmanager_interfaces/cmake/ament_cmake_export_dependencies-extras.cmake
[3.731s] -- Installing: /home/hein/dev/rens-fleetmanager/install/fleetmanager_interfaces/share/fleetmanager_interfaces/cmake/rosidl_cmake_export_typesupport_libraries-extras.cmake
[3.731s] -- Installing: /home/hein/dev/rens-fleetmanager/install/fleetmanager_interfaces/share/fleetmanager_interfaces/cmake/fleetmanager_interfacesConfig.cmake
[3.731s] -- Installing: /home/hein/dev/rens-fleetmanager/install/fleetmanager_interfaces/share/fleetmanager_interfaces/cmake/fleetmanager_interfacesConfig-version.cmake
[3.732s] -- Installing: /home/hein/dev/rens-fleetmanager/install/fleetmanager_interfaces/share/fleetmanager_interfaces/package.xml
[3.733s] Invoked command in '/home/hein/dev/rens-fleetmanager/build/fleetmanager_interfaces' returned '0': CMAKE_PREFIX_PATH=${CMAKE_PREFIX_PATH}:/opt/ros/jazzy DEBUGINFOD_URLS=https://debuginfod.ubuntu.com /usr/bin/cmake --install /home/hein/dev/rens-fleetmanager/build/fleetmanager_interfaces
