[0.007s] Invoking command in '/home/hein/dev/rens-fleetmanager/build/fleetmanager': AMENT_PREFIX_PATH=/home/hein/dev/rens-fleetmanager/install/fleetmanager_interfaces:${AMENT_PREFIX_PATH} CMAKE_PREFIX_PATH=/home/hein/dev/rens-fleetmanager/install/fleetmanager_interfaces:/opt/ros/jazzy/opt/sdformat_vendor:/opt/ros/jazzy/opt/gz_math_vendor:/opt/ros/jazzy/opt/gz_utils_vendor:/opt/ros/jazzy/opt/gz_tools_vendor:/opt/ros/jazzy/opt/gz_cmake_vendor:/opt/ros/jazzy DEBUGINFOD_URLS=https://debuginfod.ubuntu.com LD_LIBRARY_PATH=/home/hein/dev/rens-fleetmanager/install/fleetmanager_interfaces/lib:${LD_LIBRARY_PATH} PYTHONPATH=/home/hein/dev/rens-fleetmanager/install/fleetmanager_interfaces/lib/python3.12/site-packages:${PYTHONPATH} /usr/bin/cmake --build /home/hein/dev/rens-fleetmanager/build/fleetmanager -- -j16 -l16
[0.054s] [ 33%] [32mBuilding CXX object CMakeFiles/rens_fleetmanager.dir/src/fleetmanager.cpp.o[0m
[2.144s] [ 66%] [32m[1mLinking CXX executable rens_fleetmanager[0m
[2.241s] [100%] Built target rens_fleetmanager
[2.249s] Invoked command in '/home/hein/dev/rens-fleetmanager/build/fleetmanager' returned '0': AMENT_PREFIX_PATH=/home/hein/dev/rens-fleetmanager/install/fleetmanager_interfaces:${AMENT_PREFIX_PATH} CMAKE_PREFIX_PATH=/home/hein/dev/rens-fleetmanager/install/fleetmanager_interfaces:/opt/ros/jazzy/opt/sdformat_vendor:/opt/ros/jazzy/opt/gz_math_vendor:/opt/ros/jazzy/opt/gz_utils_vendor:/opt/ros/jazzy/opt/gz_tools_vendor:/opt/ros/jazzy/opt/gz_cmake_vendor:/opt/ros/jazzy DEBUGINFOD_URLS=https://debuginfod.ubuntu.com LD_LIBRARY_PATH=/home/hein/dev/rens-fleetmanager/install/fleetmanager_interfaces/lib:${LD_LIBRARY_PATH} PYTHONPATH=/home/hein/dev/rens-fleetmanager/install/fleetmanager_interfaces/lib/python3.12/site-packages:${PYTHONPATH} /usr/bin/cmake --build /home/hein/dev/rens-fleetmanager/build/fleetmanager -- -j16 -l16
[2.256s] Invoking command in '/home/hein/dev/rens-fleetmanager/build/fleetmanager': AMENT_PREFIX_PATH=/home/hein/dev/rens-fleetmanager/install/fleetmanager_interfaces:${AMENT_PREFIX_PATH} CMAKE_PREFIX_PATH=/home/hein/dev/rens-fleetmanager/install/fleetmanager_interfaces:/opt/ros/jazzy/opt/sdformat_vendor:/opt/ros/jazzy/opt/gz_math_vendor:/opt/ros/jazzy/opt/gz_utils_vendor:/opt/ros/jazzy/opt/gz_tools_vendor:/opt/ros/jazzy/opt/gz_cmake_vendor:/opt/ros/jazzy DEBUGINFOD_URLS=https://debuginfod.ubuntu.com LD_LIBRARY_PATH=/home/hein/dev/rens-fleetmanager/install/fleetmanager_interfaces/lib:${LD_LIBRARY_PATH} PYTHONPATH=/home/hein/dev/rens-fleetmanager/install/fleetmanager_interfaces/lib/python3.12/site-packages:${PYTHONPATH} /usr/bin/cmake --install /home/hein/dev/rens-fleetmanager/build/fleetmanager
[2.261s] -- Install configuration: ""
[2.261s] -- Installing: /home/hein/dev/rens-fleetmanager/install/fleetmanager/lib/fleetmanager/rens_fleetmanager
[2.261s] -- Set non-toolchain portion of runtime path of "/home/hein/dev/rens-fleetmanager/install/fleetmanager/lib/fleetmanager/rens_fleetmanager" to ""
[2.262s] -- Installing: /home/hein/dev/rens-fleetmanager/install/fleetmanager/share/ament_index/resource_index/package_run_dependencies/fleetmanager
[2.262s] -- Installing: /home/hein/dev/rens-fleetmanager/install/fleetmanager/share/ament_index/resource_index/parent_prefix_path/fleetmanager
[2.262s] -- Installing: /home/hein/dev/rens-fleetmanager/install/fleetmanager/share/fleetmanager/environment/ament_prefix_path.sh
[2.262s] -- Installing: /home/hein/dev/rens-fleetmanager/install/fleetmanager/share/fleetmanager/environment/ament_prefix_path.dsv
[2.262s] -- Installing: /home/hein/dev/rens-fleetmanager/install/fleetmanager/share/fleetmanager/environment/path.sh
[2.262s] -- Installing: /home/hein/dev/rens-fleetmanager/install/fleetmanager/share/fleetmanager/environment/path.dsv
[2.262s] -- Installing: /home/hein/dev/rens-fleetmanager/install/fleetmanager/share/fleetmanager/local_setup.bash
[2.262s] -- Installing: /home/hein/dev/rens-fleetmanager/install/fleetmanager/share/fleetmanager/local_setup.sh
[2.262s] -- Installing: /home/hein/dev/rens-fleetmanager/install/fleetmanager/share/fleetmanager/local_setup.zsh
[2.262s] -- Installing: /home/hein/dev/rens-fleetmanager/install/fleetmanager/share/fleetmanager/local_setup.dsv
[2.262s] -- Installing: /home/hein/dev/rens-fleetmanager/install/fleetmanager/share/fleetmanager/package.dsv
[2.262s] -- Installing: /home/hein/dev/rens-fleetmanager/install/fleetmanager/share/ament_index/resource_index/packages/fleetmanager
[2.263s] -- Installing: /home/hein/dev/rens-fleetmanager/install/fleetmanager/share/fleetmanager/cmake/fleetmanagerConfig.cmake
[2.263s] -- Installing: /home/hein/dev/rens-fleetmanager/install/fleetmanager/share/fleetmanager/cmake/fleetmanagerConfig-version.cmake
[2.263s] -- Installing: /home/hein/dev/rens-fleetmanager/install/fleetmanager/share/fleetmanager/package.xml
[2.263s] Invoked command in '/home/hein/dev/rens-fleetmanager/build/fleetmanager' returned '0': AMENT_PREFIX_PATH=/home/hein/dev/rens-fleetmanager/install/fleetmanager_interfaces:${AMENT_PREFIX_PATH} CMAKE_PREFIX_PATH=/home/hein/dev/rens-fleetmanager/install/fleetmanager_interfaces:/opt/ros/jazzy/opt/sdformat_vendor:/opt/ros/jazzy/opt/gz_math_vendor:/opt/ros/jazzy/opt/gz_utils_vendor:/opt/ros/jazzy/opt/gz_tools_vendor:/opt/ros/jazzy/opt/gz_cmake_vendor:/opt/ros/jazzy DEBUGINFOD_URLS=https://debuginfod.ubuntu.com LD_LIBRARY_PATH=/home/hein/dev/rens-fleetmanager/install/fleetmanager_interfaces/lib:${LD_LIBRARY_PATH} PYTHONPATH=/home/hein/dev/rens-fleetmanager/install/fleetmanager_interfaces/lib/python3.12/site-packages:${PYTHONPATH} /usr/bin/cmake --install /home/hein/dev/rens-fleetmanager/build/fleetmanager
