[ 33%] [32mBuilding CXX object CMakeFiles/rens_fleetmanager.dir/src/main.cpp.o[0m
[ 66%] [32mBuilding CXX object CMakeFiles/rens_fleetmanager.dir/src/fleetmanager.cpp.o[0m
[01m[K/home/hein/dev/rens-fleetmanager/packages/fleetmanager/src/fleetmanager.cpp:[m[K In member function ‘[01m[Kvoid fleetmanager::fleetmanager::[01;32m[Kupdate[m[K()[m[K’:
[01m[K/home/hein/dev/rens-fleetmanager/packages/fleetmanager/src/fleetmanager.cpp:24:85:[m[K [01;31m[Kerror: [m[Kno matching function for call to ‘[01m[Kduration_cast<std::chrono::seconds>(std::chrono::_V2::steady_clock::time_point)[m[K’
   24 | [01;31m[Khrono::duration_cast<std::chrono::seconds>(std::chrono::steady_clock::now())[m[K;
      | [01;31m[K~~~~~~~~~~~~~~~~~~~~~~~~~~~~~~~~~~~~~~~~~~^~~~~~~~~~~~~~~~~~~~~~~~~~~~~~~~~~[m[K

In file included from [01m[K/usr/include/c++/13/chrono:41[m[K,
                 from [01m[K/opt/ros/jazzy/include/rclcpp/rclcpp/utilities.hpp:18[m[K,
                 from [01m[K/opt/ros/jazzy/include/rclcpp/rclcpp/logging.hpp:25[m[K,
                 from [01m[K/opt/ros/jazzy/include/rclcpp/rclcpp/copy_all_parameter_values.hpp:27[m[K,
                 from [01m[K/opt/ros/jazzy/include/rclcpp/rclcpp/rclcpp.hpp:171[m[K,
                 from [01m[K/home/hein/dev/rens-fleetmanager/packages/fleetmanager/src/./fleetmanager.hpp:3[m[K,
                 from [01m[K/home/hein/dev/rens-fleetmanager/packages/fleetmanager/src/fleetmanager.cpp:1[m[K:
[01m[K/usr/include/c++/13/bits/chrono.h:273:7:[m[K [01;36m[Knote: [m[Kcandidate: ‘[01m[Ktemplate<class _ToDur, class _Rep, class _Period> constexpr std::chrono::__enable_if_is_duration<_ToDur> std::chrono::[01;32m[Kduration_cast[m[K(const duration<_Rep, _Period>&)[m[K’
  273 |       [01;36m[Kduration_cast[m[K(const duration<_Rep, _Period>& __d)
      |       [01;36m[K^~~~~~~~~~~~~[m[K
[01m[K/usr/include/c++/13/bits/chrono.h:273:7:[m[K [01;36m[Knote: [m[K  template argument deduction/substitution failed:
[01m[K/home/hein/dev/rens-fleetmanager/packages/fleetmanager/src/fleetmanager.cpp:24:85:[m[K [01;36m[Knote: [m[K  ‘[01m[Kstd::chrono::_V2::steady_clock::time_point[m[K’ {aka ‘[01m[Kstd::chrono::time_point<std::chrono::_V2::steady_clock, std::chrono::duration<long int, std::ratio<1, 1000000000> > >[m[K’} is not derived from ‘[01m[Kconst std::chrono::duration<_Rep, _Period>[m[K’
   24 | [01;36m[Khrono::duration_cast<std::chrono::seconds>(std::chrono::steady_clock::now())[m[K;
      | [01;36m[K~~~~~~~~~~~~~~~~~~~~~~~~~~~~~~~~~~~~~~~~~~^~~~~~~~~~~~~~~~~~~~~~~~~~~~~~~~~~[m[K

gmake[2]: *** [CMakeFiles/rens_fleetmanager.dir/build.make:76: CMakeFiles/rens_fleetmanager.dir/src/fleetmanager.cpp.o] Error 1
gmake[1]: *** [CMakeFiles/Makefile2:137: CMakeFiles/rens_fleetmanager.dir/all] Error 2
gmake: *** [Makefile:146: all] Error 2
