-- Found rosidl_default_generators: 1.6.0 (/opt/ros/jazzy/share/rosidl_default_generators/cmake)
-- Found Python3: /usr/bin/python3 (found version "3.12.3") found components: Interpreter 
-- Using all available rosidl_typesupport_c: rosidl_typesupport_fastrtps_c;rosidl_typesupport_introspection_c
-- Using all available rosidl_typesupport_cpp: rosidl_typesupport_fastrtps_cpp;rosidl_typesupport_introspection_cpp
-- Found rosidl_adapter: 4.6.6 (/opt/ros/jazzy/share/rosidl_adapter/cmake)
-- Found ament_cmake_ros: 0.12.0 (/opt/ros/jazzy/share/ament_cmake_ros/cmake)
-- Using all available rosidl_typesupport_c: rosidl_typesupport_fastrtps_c;rosidl_typesupport_introspection_c
-- Using all available rosidl_typesupport_cpp: rosidl_typesupport_fastrtps_cpp;rosidl_typesupport_introspection_cpp
-- Found python_cmake_module: 0.11.1 (/opt/ros/jazzy/share/python_cmake_module/cmake)
-- Found Python3: /usr/bin/python3 (found version "3.12.3") found components: Interpreter Development NumPy Development.Module Development.Embed 
-- Configuring done (0.6s)
-- Generating done (0.0s)
-- Build files have been written to: /home/hein/dev/rens-fleetmanager/build/fleetmanager_interfaces
[  1%] Built target fleetmanager_interfaces__rosidl_generator_type_description
[  1%] Built target ament_cmake_python_copy_fleetmanager_interfaces
[  2%] Built target fleetmanager_interfaces__cpp
[ 25%] Built target fleetmanager_interfaces__rosidl_generator_c
[ 35%] Built target fleetmanager_interfaces__rosidl_typesupport_cpp
[ 44%] Built target fleetmanager_interfaces__rosidl_typesupport_fastrtps_cpp
[ 54%] Built target fleetmanager_interfaces__rosidl_typesupport_introspection_c
[ 63%] Built target fleetmanager_interfaces__rosidl_typesupport_c
[ 72%] Built target fleetmanager_interfaces__rosidl_typesupport_introspection_cpp
[ 82%] Built target fleetmanager_interfaces__rosidl_typesupport_fastrtps_c
[ 82%] Built target fleetmanager_interfaces
[ 83%] Built target fleetmanager_interfaces__py
[ 91%] Built target fleetmanager_interfaces__rosidl_generator_py
[ 94%] Built target fleetmanager_interfaces_s__rosidl_typesupport_introspection_c
[ 97%] Built target fleetmanager_interfaces_s__rosidl_typesupport_fastrtps_c
[100%] Built target fleetmanager_interfaces_s__rosidl_typesupport_c
running egg_info
writing fleetmanager_interfaces.egg-info/PKG-INFO
writing dependency_links to fleetmanager_interfaces.egg-info/dependency_links.txt
writing top-level names to fleetmanager_interfaces.egg-info/top_level.txt
reading manifest file 'fleetmanager_interfaces.egg-info/SOURCES.txt'
writing manifest file 'fleetmanager_interfaces.egg-info/SOURCES.txt'
[100%] Built target ament_cmake_python_build_fleetmanager_interfaces_egg
-- Install configuration: ""
-- Up-to-date: /home/hein/dev/rens-fleetmanager/install/fleetmanager_interfaces/share/ament_index/resource_index/rosidl_interfaces/fleetmanager_interfaces
-- Up-to-date: /home/hein/dev/rens-fleetmanager/install/fleetmanager_interfaces/share/fleetmanager_interfaces/msg/Error.json
-- Up-to-date: /home/hein/dev/rens-fleetmanager/install/fleetmanager_interfaces/share/fleetmanager_interfaces/msg/Location.json
-- Up-to-date: /home/hein/dev/rens-fleetmanager/install/fleetmanager_interfaces/share/fleetmanager_interfaces/msg/MapRequest.json
-- Up-to-date: /home/hein/dev/rens-fleetmanager/install/fleetmanager_interfaces/share/fleetmanager_interfaces/msg/Status.json
-- Up-to-date: /home/hein/dev/rens-fleetmanager/install/fleetmanager_interfaces/share/fleetmanager_interfaces/msg/TaskMoveTo.json
-- Up-to-date: /home/hein/dev/rens-fleetmanager/install/fleetmanager_interfaces/include/fleetmanager_interfaces/fleetmanager_interfaces
-- Up-to-date: /home/hein/dev/rens-fleetmanager/install/fleetmanager_interfaces/include/fleetmanager_interfaces/fleetmanager_interfaces/msg
-- Up-to-date: /home/hein/dev/rens-fleetmanager/install/fleetmanager_interfaces/include/fleetmanager_interfaces/fleetmanager_interfaces/msg/status.h
-- Up-to-date: /home/hein/dev/rens-fleetmanager/install/fleetmanager_interfaces/include/fleetmanager_interfaces/fleetmanager_interfaces/msg/location.h
-- Up-to-date: /home/hein/dev/rens-fleetmanager/install/fleetmanager_interfaces/include/fleetmanager_interfaces/fleetmanager_interfaces/msg/rosidl_generator_c__visibility_control.h
-- Up-to-date: /home/hein/dev/rens-fleetmanager/install/fleetmanager_interfaces/include/fleetmanager_interfaces/fleetmanager_interfaces/msg/detail
-- Up-to-date: /home/hein/dev/rens-fleetmanager/install/fleetmanager_interfaces/include/fleetmanager_interfaces/fleetmanager_interfaces/msg/detail/task_move_to__type_support.c
-- Up-to-date: /home/hein/dev/rens-fleetmanager/install/fleetmanager_interfaces/include/fleetmanager_interfaces/fleetmanager_interfaces/msg/detail/task_move_to__description.c
-- Up-to-date: /home/hein/dev/rens-fleetmanager/install/fleetmanager_interfaces/include/fleetmanager_interfaces/fleetmanager_interfaces/msg/detail/error__description.c
-- Up-to-date: /home/hein/dev/rens-fleetmanager/install/fleetmanager_interfaces/include/fleetmanager_interfaces/fleetmanager_interfaces/msg/detail/location__description.c
-- Up-to-date: /home/hein/dev/rens-fleetmanager/install/fleetmanager_interfaces/include/fleetmanager_interfaces/fleetmanager_interfaces/msg/detail/error__type_support.c
-- Up-to-date: /home/hein/dev/rens-fleetmanager/install/fleetmanager_interfaces/include/fleetmanager_interfaces/fleetmanager_interfaces/msg/detail/map_request__description.c
-- Up-to-date: /home/hein/dev/rens-fleetmanager/install/fleetmanager_interfaces/include/fleetmanager_interfaces/fleetmanager_interfaces/msg/detail/status__type_support.h
-- Up-to-date: /home/hein/dev/rens-fleetmanager/install/fleetmanager_interfaces/include/fleetmanager_interfaces/fleetmanager_interfaces/msg/detail/task_move_to__struct.h
-- Up-to-date: /home/hein/dev/rens-fleetmanager/install/fleetmanager_interfaces/include/fleetmanager_interfaces/fleetmanager_interfaces/msg/detail/location__type_support.c
-- Up-to-date: /home/hein/dev/rens-fleetmanager/install/fleetmanager_interfaces/include/fleetmanager_interfaces/fleetmanager_interfaces/msg/detail/map_request__struct.h
-- Up-to-date: /home/hein/dev/rens-fleetmanager/install/fleetmanager_interfaces/include/fleetmanager_interfaces/fleetmanager_interfaces/msg/detail/location__type_support.h
-- Up-to-date: /home/hein/dev/rens-fleetmanager/install/fleetmanager_interfaces/include/fleetmanager_interfaces/fleetmanager_interfaces/msg/detail/status__type_support.c
-- Up-to-date: /home/hein/dev/rens-fleetmanager/install/fleetmanager_interfaces/include/fleetmanager_interfaces/fleetmanager_interfaces/msg/detail/task_move_to__functions.h
-- Up-to-date: /home/hein/dev/rens-fleetmanager/install/fleetmanager_interfaces/include/fleetmanager_interfaces/fleetmanager_interfaces/msg/detail/status__functions.h
-- Up-to-date: /home/hein/dev/rens-fleetmanager/install/fleetmanager_interfaces/include/fleetmanager_interfaces/fleetmanager_interfaces/msg/detail/map_request__functions.h
-- Up-to-date: /home/hein/dev/rens-fleetmanager/install/fleetmanager_interfaces/include/fleetmanager_interfaces/fleetmanager_interfaces/msg/detail/error__functions.h
-- Up-to-date: /home/hein/dev/rens-fleetmanager/install/fleetmanager_interfaces/include/fleetmanager_interfaces/fleetmanager_interfaces/msg/detail/task_move_to__type_support.h
-- Up-to-date: /home/hein/dev/rens-fleetmanager/install/fleetmanager_interfaces/include/fleetmanager_interfaces/fleetmanager_interfaces/msg/detail/map_request__functions.c
-- Up-to-date: /home/hein/dev/rens-fleetmanager/install/fleetmanager_interfaces/include/fleetmanager_interfaces/fleetmanager_interfaces/msg/detail/map_request__type_support.c
-- Up-to-date: /home/hein/dev/rens-fleetmanager/install/fleetmanager_interfaces/include/fleetmanager_interfaces/fleetmanager_interfaces/msg/detail/task_move_to__functions.c
-- Up-to-date: /home/hein/dev/rens-fleetmanager/install/fleetmanager_interfaces/include/fleetmanager_interfaces/fleetmanager_interfaces/msg/detail/location__functions.c
-- Up-to-date: /home/hein/dev/rens-fleetmanager/install/fleetmanager_interfaces/include/fleetmanager_interfaces/fleetmanager_interfaces/msg/detail/location__functions.h
-- Up-to-date: /home/hein/dev/rens-fleetmanager/install/fleetmanager_interfaces/include/fleetmanager_interfaces/fleetmanager_interfaces/msg/detail/location__struct.h
-- Up-to-date: /home/hein/dev/rens-fleetmanager/install/fleetmanager_interfaces/include/fleetmanager_interfaces/fleetmanager_interfaces/msg/detail/map_request__type_support.h
-- Up-to-date: /home/hein/dev/rens-fleetmanager/install/fleetmanager_interfaces/include/fleetmanager_interfaces/fleetmanager_interfaces/msg/detail/error__type_support.h
-- Up-to-date: /home/hein/dev/rens-fleetmanager/install/fleetmanager_interfaces/include/fleetmanager_interfaces/fleetmanager_interfaces/msg/detail/error__struct.h
-- Up-to-date: /home/hein/dev/rens-fleetmanager/install/fleetmanager_interfaces/include/fleetmanager_interfaces/fleetmanager_interfaces/msg/detail/status__functions.c
-- Up-to-date: /home/hein/dev/rens-fleetmanager/install/fleetmanager_interfaces/include/fleetmanager_interfaces/fleetmanager_interfaces/msg/detail/error__functions.c
-- Up-to-date: /home/hein/dev/rens-fleetmanager/install/fleetmanager_interfaces/include/fleetmanager_interfaces/fleetmanager_interfaces/msg/detail/status__struct.h
-- Up-to-date: /home/hein/dev/rens-fleetmanager/install/fleetmanager_interfaces/include/fleetmanager_interfaces/fleetmanager_interfaces/msg/detail/status__description.c
-- Up-to-date: /home/hein/dev/rens-fleetmanager/install/fleetmanager_interfaces/include/fleetmanager_interfaces/fleetmanager_interfaces/msg/error.h
-- Up-to-date: /home/hein/dev/rens-fleetmanager/install/fleetmanager_interfaces/include/fleetmanager_interfaces/fleetmanager_interfaces/msg/map_request.h
-- Up-to-date: /home/hein/dev/rens-fleetmanager/install/fleetmanager_interfaces/include/fleetmanager_interfaces/fleetmanager_interfaces/msg/task_move_to.h
-- Up-to-date: /home/hein/dev/rens-fleetmanager/install/fleetmanager_interfaces/share/fleetmanager_interfaces/environment/library_path.sh
-- Up-to-date: /home/hein/dev/rens-fleetmanager/install/fleetmanager_interfaces/share/fleetmanager_interfaces/environment/library_path.dsv
-- Up-to-date: /home/hein/dev/rens-fleetmanager/install/fleetmanager_interfaces/lib/libfleetmanager_interfaces__rosidl_generator_c.so
-- Up-to-date: /home/hein/dev/rens-fleetmanager/install/fleetmanager_interfaces/include/fleetmanager_interfaces/fleetmanager_interfaces
-- Up-to-date: /home/hein/dev/rens-fleetmanager/install/fleetmanager_interfaces/include/fleetmanager_interfaces/fleetmanager_interfaces/msg
-- Up-to-date: /home/hein/dev/rens-fleetmanager/install/fleetmanager_interfaces/include/fleetmanager_interfaces/fleetmanager_interfaces/msg/rosidl_typesupport_fastrtps_c__visibility_control.h
-- Up-to-date: /home/hein/dev/rens-fleetmanager/install/fleetmanager_interfaces/include/fleetmanager_interfaces/fleetmanager_interfaces/msg/detail
-- Up-to-date: /home/hein/dev/rens-fleetmanager/install/fleetmanager_interfaces/include/fleetmanager_interfaces/fleetmanager_interfaces/msg/detail/task_move_to__rosidl_typesupport_fastrtps_c.h
-- Up-to-date: /home/hein/dev/rens-fleetmanager/install/fleetmanager_interfaces/include/fleetmanager_interfaces/fleetmanager_interfaces/msg/detail/status__rosidl_typesupport_fastrtps_c.h
-- Up-to-date: /home/hein/dev/rens-fleetmanager/install/fleetmanager_interfaces/include/fleetmanager_interfaces/fleetmanager_interfaces/msg/detail/map_request__rosidl_typesupport_fastrtps_c.h
-- Up-to-date: /home/hein/dev/rens-fleetmanager/install/fleetmanager_interfaces/include/fleetmanager_interfaces/fleetmanager_interfaces/msg/detail/location__rosidl_typesupport_fastrtps_c.h
-- Up-to-date: /home/hein/dev/rens-fleetmanager/install/fleetmanager_interfaces/include/fleetmanager_interfaces/fleetmanager_interfaces/msg/detail/error__rosidl_typesupport_fastrtps_c.h
-- Up-to-date: /home/hein/dev/rens-fleetmanager/install/fleetmanager_interfaces/lib/libfleetmanager_interfaces__rosidl_typesupport_fastrtps_c.so
-- Up-to-date: /home/hein/dev/rens-fleetmanager/install/fleetmanager_interfaces/include/fleetmanager_interfaces/fleetmanager_interfaces
-- Up-to-date: /home/hein/dev/rens-fleetmanager/install/fleetmanager_interfaces/include/fleetmanager_interfaces/fleetmanager_interfaces/msg
-- Up-to-date: /home/hein/dev/rens-fleetmanager/install/fleetmanager_interfaces/include/fleetmanager_interfaces/fleetmanager_interfaces/msg/detail
-- Up-to-date: /home/hein/dev/rens-fleetmanager/install/fleetmanager_interfaces/include/fleetmanager_interfaces/fleetmanager_interfaces/msg/detail/task_move_to__type_support.c
-- Up-to-date: /home/hein/dev/rens-fleetmanager/install/fleetmanager_interfaces/include/fleetmanager_interfaces/fleetmanager_interfaces/msg/detail/error__type_support.c
-- Up-to-date: /home/hein/dev/rens-fleetmanager/install/fleetmanager_interfaces/include/fleetmanager_interfaces/fleetmanager_interfaces/msg/detail/task_move_to__rosidl_typesupport_introspection_c.h
-- Up-to-date: /home/hein/dev/rens-fleetmanager/install/fleetmanager_interfaces/include/fleetmanager_interfaces/fleetmanager_interfaces/msg/detail/location__type_support.c
-- Up-to-date: /home/hein/dev/rens-fleetmanager/install/fleetmanager_interfaces/include/fleetmanager_interfaces/fleetmanager_interfaces/msg/detail/map_request__rosidl_typesupport_introspection_c.h
-- Up-to-date: /home/hein/dev/rens-fleetmanager/install/fleetmanager_interfaces/include/fleetmanager_interfaces/fleetmanager_interfaces/msg/detail/status__type_support.c
-- Up-to-date: /home/hein/dev/rens-fleetmanager/install/fleetmanager_interfaces/include/fleetmanager_interfaces/fleetmanager_interfaces/msg/detail/error__rosidl_typesupport_introspection_c.h
-- Up-to-date: /home/hein/dev/rens-fleetmanager/install/fleetmanager_interfaces/include/fleetmanager_interfaces/fleetmanager_interfaces/msg/detail/status__rosidl_typesupport_introspection_c.h
-- Up-to-date: /home/hein/dev/rens-fleetmanager/install/fleetmanager_interfaces/include/fleetmanager_interfaces/fleetmanager_interfaces/msg/detail/map_request__type_support.c
-- Up-to-date: /home/hein/dev/rens-fleetmanager/install/fleetmanager_interfaces/include/fleetmanager_interfaces/fleetmanager_interfaces/msg/detail/location__rosidl_typesupport_introspection_c.h
-- Up-to-date: /home/hein/dev/rens-fleetmanager/install/fleetmanager_interfaces/include/fleetmanager_interfaces/fleetmanager_interfaces/msg/rosidl_typesupport_introspection_c__visibility_control.h
-- Up-to-date: /home/hein/dev/rens-fleetmanager/install/fleetmanager_interfaces/lib/libfleetmanager_interfaces__rosidl_typesupport_introspection_c.so
-- Up-to-date: /home/hein/dev/rens-fleetmanager/install/fleetmanager_interfaces/lib/libfleetmanager_interfaces__rosidl_typesupport_c.so
-- Up-to-date: /home/hein/dev/rens-fleetmanager/install/fleetmanager_interfaces/include/fleetmanager_interfaces/fleetmanager_interfaces
-- Up-to-date: /home/hein/dev/rens-fleetmanager/install/fleetmanager_interfaces/include/fleetmanager_interfaces/fleetmanager_interfaces/msg
-- Up-to-date: /home/hein/dev/rens-fleetmanager/install/fleetmanager_interfaces/include/fleetmanager_interfaces/fleetmanager_interfaces/msg/location.hpp
-- Up-to-date: /home/hein/dev/rens-fleetmanager/install/fleetmanager_interfaces/include/fleetmanager_interfaces/fleetmanager_interfaces/msg/status.hpp
-- Up-to-date: /home/hein/dev/rens-fleetmanager/install/fleetmanager_interfaces/include/fleetmanager_interfaces/fleetmanager_interfaces/msg/error.hpp
-- Up-to-date: /home/hein/dev/rens-fleetmanager/install/fleetmanager_interfaces/include/fleetmanager_interfaces/fleetmanager_interfaces/msg/task_move_to.hpp
-- Up-to-date: /home/hein/dev/rens-fleetmanager/install/fleetmanager_interfaces/include/fleetmanager_interfaces/fleetmanager_interfaces/msg/detail
-- Up-to-date: /home/hein/dev/rens-fleetmanager/install/fleetmanager_interfaces/include/fleetmanager_interfaces/fleetmanager_interfaces/msg/detail/location__struct.hpp
-- Up-to-date: /home/hein/dev/rens-fleetmanager/install/fleetmanager_interfaces/include/fleetmanager_interfaces/fleetmanager_interfaces/msg/detail/task_move_to__type_support.hpp
-- Up-to-date: /home/hein/dev/rens-fleetmanager/install/fleetmanager_interfaces/include/fleetmanager_interfaces/fleetmanager_interfaces/msg/detail/task_move_to__traits.hpp
-- Up-to-date: /home/hein/dev/rens-fleetmanager/install/fleetmanager_interfaces/include/fleetmanager_interfaces/fleetmanager_interfaces/msg/detail/status__struct.hpp
-- Up-to-date: /home/hein/dev/rens-fleetmanager/install/fleetmanager_interfaces/include/fleetmanager_interfaces/fleetmanager_interfaces/msg/detail/error__type_support.hpp
-- Up-to-date: /home/hein/dev/rens-fleetmanager/install/fleetmanager_interfaces/include/fleetmanager_interfaces/fleetmanager_interfaces/msg/detail/status__builder.hpp
-- Up-to-date: /home/hein/dev/rens-fleetmanager/install/fleetmanager_interfaces/include/fleetmanager_interfaces/fleetmanager_interfaces/msg/detail/error__struct.hpp
-- Up-to-date: /home/hein/dev/rens-fleetmanager/install/fleetmanager_interfaces/include/fleetmanager_interfaces/fleetmanager_interfaces/msg/detail/status__type_support.hpp
-- Up-to-date: /home/hein/dev/rens-fleetmanager/install/fleetmanager_interfaces/include/fleetmanager_interfaces/fleetmanager_interfaces/msg/detail/location__type_support.hpp
-- Up-to-date: /home/hein/dev/rens-fleetmanager/install/fleetmanager_interfaces/include/fleetmanager_interfaces/fleetmanager_interfaces/msg/detail/location__builder.hpp
-- Up-to-date: /home/hein/dev/rens-fleetmanager/install/fleetmanager_interfaces/include/fleetmanager_interfaces/fleetmanager_interfaces/msg/detail/status__traits.hpp
-- Up-to-date: /home/hein/dev/rens-fleetmanager/install/fleetmanager_interfaces/include/fleetmanager_interfaces/fleetmanager_interfaces/msg/detail/error__builder.hpp
-- Up-to-date: /home/hein/dev/rens-fleetmanager/install/fleetmanager_interfaces/include/fleetmanager_interfaces/fleetmanager_interfaces/msg/detail/task_move_to__builder.hpp
-- Up-to-date: /home/hein/dev/rens-fleetmanager/install/fleetmanager_interfaces/include/fleetmanager_interfaces/fleetmanager_interfaces/msg/detail/map_request__builder.hpp
-- Up-to-date: /home/hein/dev/rens-fleetmanager/install/fleetmanager_interfaces/include/fleetmanager_interfaces/fleetmanager_interfaces/msg/detail/map_request__traits.hpp
-- Up-to-date: /home/hein/dev/rens-fleetmanager/install/fleetmanager_interfaces/include/fleetmanager_interfaces/fleetmanager_interfaces/msg/detail/map_request__struct.hpp
-- Up-to-date: /home/hein/dev/rens-fleetmanager/install/fleetmanager_interfaces/include/fleetmanager_interfaces/fleetmanager_interfaces/msg/detail/error__traits.hpp
-- Up-to-date: /home/hein/dev/rens-fleetmanager/install/fleetmanager_interfaces/include/fleetmanager_interfaces/fleetmanager_interfaces/msg/detail/map_request__type_support.hpp
-- Up-to-date: /home/hein/dev/rens-fleetmanager/install/fleetmanager_interfaces/include/fleetmanager_interfaces/fleetmanager_interfaces/msg/detail/task_move_to__struct.hpp
-- Up-to-date: /home/hein/dev/rens-fleetmanager/install/fleetmanager_interfaces/include/fleetmanager_interfaces/fleetmanager_interfaces/msg/detail/location__traits.hpp
-- Up-to-date: /home/hein/dev/rens-fleetmanager/install/fleetmanager_interfaces/include/fleetmanager_interfaces/fleetmanager_interfaces/msg/rosidl_generator_cpp__visibility_control.hpp
-- Up-to-date: /home/hein/dev/rens-fleetmanager/install/fleetmanager_interfaces/include/fleetmanager_interfaces/fleetmanager_interfaces/msg/map_request.hpp
-- Up-to-date: /home/hein/dev/rens-fleetmanager/install/fleetmanager_interfaces/include/fleetmanager_interfaces/fleetmanager_interfaces
-- Up-to-date: /home/hein/dev/rens-fleetmanager/install/fleetmanager_interfaces/include/fleetmanager_interfaces/fleetmanager_interfaces/msg
-- Up-to-date: /home/hein/dev/rens-fleetmanager/install/fleetmanager_interfaces/include/fleetmanager_interfaces/fleetmanager_interfaces/msg/detail
-- Up-to-date: /home/hein/dev/rens-fleetmanager/install/fleetmanager_interfaces/include/fleetmanager_interfaces/fleetmanager_interfaces/msg/detail/status__rosidl_typesupport_fastrtps_cpp.hpp
-- Up-to-date: /home/hein/dev/rens-fleetmanager/install/fleetmanager_interfaces/include/fleetmanager_interfaces/fleetmanager_interfaces/msg/detail/dds_fastrtps
-- Up-to-date: /home/hein/dev/rens-fleetmanager/install/fleetmanager_interfaces/include/fleetmanager_interfaces/fleetmanager_interfaces/msg/detail/task_move_to__rosidl_typesupport_fastrtps_cpp.hpp
-- Up-to-date: /home/hein/dev/rens-fleetmanager/install/fleetmanager_interfaces/include/fleetmanager_interfaces/fleetmanager_interfaces/msg/detail/error__rosidl_typesupport_fastrtps_cpp.hpp
-- Up-to-date: /home/hein/dev/rens-fleetmanager/install/fleetmanager_interfaces/include/fleetmanager_interfaces/fleetmanager_interfaces/msg/detail/location__rosidl_typesupport_fastrtps_cpp.hpp
-- Up-to-date: /home/hein/dev/rens-fleetmanager/install/fleetmanager_interfaces/include/fleetmanager_interfaces/fleetmanager_interfaces/msg/detail/map_request__rosidl_typesupport_fastrtps_cpp.hpp
-- Up-to-date: /home/hein/dev/rens-fleetmanager/install/fleetmanager_interfaces/include/fleetmanager_interfaces/fleetmanager_interfaces/msg/rosidl_typesupport_fastrtps_cpp__visibility_control.h
-- Up-to-date: /home/hein/dev/rens-fleetmanager/install/fleetmanager_interfaces/lib/libfleetmanager_interfaces__rosidl_typesupport_fastrtps_cpp.so
-- Up-to-date: /home/hein/dev/rens-fleetmanager/install/fleetmanager_interfaces/include/fleetmanager_interfaces/fleetmanager_interfaces
-- Up-to-date: /home/hein/dev/rens-fleetmanager/install/fleetmanager_interfaces/include/fleetmanager_interfaces/fleetmanager_interfaces/msg
-- Up-to-date: /home/hein/dev/rens-fleetmanager/install/fleetmanager_interfaces/include/fleetmanager_interfaces/fleetmanager_interfaces/msg/detail
-- Up-to-date: /home/hein/dev/rens-fleetmanager/install/fleetmanager_interfaces/include/fleetmanager_interfaces/fleetmanager_interfaces/msg/detail/status__rosidl_typesupport_introspection_cpp.hpp
-- Up-to-date: /home/hein/dev/rens-fleetmanager/install/fleetmanager_interfaces/include/fleetmanager_interfaces/fleetmanager_interfaces/msg/detail/status__type_support.cpp
-- Up-to-date: /home/hein/dev/rens-fleetmanager/install/fleetmanager_interfaces/include/fleetmanager_interfaces/fleetmanager_interfaces/msg/detail/error__type_support.cpp
-- Up-to-date: /home/hein/dev/rens-fleetmanager/install/fleetmanager_interfaces/include/fleetmanager_interfaces/fleetmanager_interfaces/msg/detail/map_request__type_support.cpp
-- Up-to-date: /home/hein/dev/rens-fleetmanager/install/fleetmanager_interfaces/include/fleetmanager_interfaces/fleetmanager_interfaces/msg/detail/map_request__rosidl_typesupport_introspection_cpp.hpp
-- Up-to-date: /home/hein/dev/rens-fleetmanager/install/fleetmanager_interfaces/include/fleetmanager_interfaces/fleetmanager_interfaces/msg/detail/task_move_to__rosidl_typesupport_introspection_cpp.hpp
-- Up-to-date: /home/hein/dev/rens-fleetmanager/install/fleetmanager_interfaces/include/fleetmanager_interfaces/fleetmanager_interfaces/msg/detail/error__rosidl_typesupport_introspection_cpp.hpp
-- Up-to-date: /home/hein/dev/rens-fleetmanager/install/fleetmanager_interfaces/include/fleetmanager_interfaces/fleetmanager_interfaces/msg/detail/location__rosidl_typesupport_introspection_cpp.hpp
-- Up-to-date: /home/hein/dev/rens-fleetmanager/install/fleetmanager_interfaces/include/fleetmanager_interfaces/fleetmanager_interfaces/msg/detail/location__type_support.cpp
-- Up-to-date: /home/hein/dev/rens-fleetmanager/install/fleetmanager_interfaces/include/fleetmanager_interfaces/fleetmanager_interfaces/msg/detail/task_move_to__type_support.cpp
-- Up-to-date: /home/hein/dev/rens-fleetmanager/install/fleetmanager_interfaces/lib/libfleetmanager_interfaces__rosidl_typesupport_introspection_cpp.so
-- Up-to-date: /home/hein/dev/rens-fleetmanager/install/fleetmanager_interfaces/lib/libfleetmanager_interfaces__rosidl_typesupport_cpp.so
-- Up-to-date: /home/hein/dev/rens-fleetmanager/install/fleetmanager_interfaces/share/fleetmanager_interfaces/environment/pythonpath.sh
-- Up-to-date: /home/hein/dev/rens-fleetmanager/install/fleetmanager_interfaces/share/fleetmanager_interfaces/environment/pythonpath.dsv
-- Up-to-date: /home/hein/dev/rens-fleetmanager/install/fleetmanager_interfaces/lib/python3.12/site-packages/fleetmanager_interfaces-0.0.0-py3.12.egg-info
-- Installing: /home/hein/dev/rens-fleetmanager/install/fleetmanager_interfaces/lib/python3.12/site-packages/fleetmanager_interfaces-0.0.0-py3.12.egg-info/PKG-INFO
-- Installing: /home/hein/dev/rens-fleetmanager/install/fleetmanager_interfaces/lib/python3.12/site-packages/fleetmanager_interfaces-0.0.0-py3.12.egg-info/SOURCES.txt
-- Installing: /home/hein/dev/rens-fleetmanager/install/fleetmanager_interfaces/lib/python3.12/site-packages/fleetmanager_interfaces-0.0.0-py3.12.egg-info/top_level.txt
-- Installing: /home/hein/dev/rens-fleetmanager/install/fleetmanager_interfaces/lib/python3.12/site-packages/fleetmanager_interfaces-0.0.0-py3.12.egg-info/dependency_links.txt
-- Up-to-date: /home/hein/dev/rens-fleetmanager/install/fleetmanager_interfaces/lib/python3.12/site-packages/fleetmanager_interfaces
-- Up-to-date: /home/hein/dev/rens-fleetmanager/install/fleetmanager_interfaces/lib/python3.12/site-packages/fleetmanager_interfaces/_fleetmanager_interfaces_s.ep.rosidl_typesupport_fastrtps_c.c
-- Up-to-date: /home/hein/dev/rens-fleetmanager/install/fleetmanager_interfaces/lib/python3.12/site-packages/fleetmanager_interfaces/fleetmanager_interfaces_s__rosidl_typesupport_c.so
-- Up-to-date: /home/hein/dev/rens-fleetmanager/install/fleetmanager_interfaces/lib/python3.12/site-packages/fleetmanager_interfaces/_fleetmanager_interfaces_s.ep.rosidl_typesupport_introspection_c.c
-- Installing: /home/hein/dev/rens-fleetmanager/install/fleetmanager_interfaces/lib/python3.12/site-packages/fleetmanager_interfaces/__init__.py
-- Up-to-date: /home/hein/dev/rens-fleetmanager/install/fleetmanager_interfaces/lib/python3.12/site-packages/fleetmanager_interfaces/msg
-- Up-to-date: /home/hein/dev/rens-fleetmanager/install/fleetmanager_interfaces/lib/python3.12/site-packages/fleetmanager_interfaces/msg/_location_s.c
-- Up-to-date: /home/hein/dev/rens-fleetmanager/install/fleetmanager_interfaces/lib/python3.12/site-packages/fleetmanager_interfaces/msg/_error_s.c
-- Up-to-date: /home/hein/dev/rens-fleetmanager/install/fleetmanager_interfaces/lib/python3.12/site-packages/fleetmanager_interfaces/msg/_task_move_to.py
-- Up-to-date: /home/hein/dev/rens-fleetmanager/install/fleetmanager_interfaces/lib/python3.12/site-packages/fleetmanager_interfaces/msg/_map_request.py
-- Up-to-date: /home/hein/dev/rens-fleetmanager/install/fleetmanager_interfaces/lib/python3.12/site-packages/fleetmanager_interfaces/msg/_status_s.c
-- Up-to-date: /home/hein/dev/rens-fleetmanager/install/fleetmanager_interfaces/lib/python3.12/site-packages/fleetmanager_interfaces/msg/_error.py
-- Up-to-date: /home/hein/dev/rens-fleetmanager/install/fleetmanager_interfaces/lib/python3.12/site-packages/fleetmanager_interfaces/msg/__init__.py
-- Up-to-date: /home/hein/dev/rens-fleetmanager/install/fleetmanager_interfaces/lib/python3.12/site-packages/fleetmanager_interfaces/msg/_task_move_to_s.c
-- Up-to-date: /home/hein/dev/rens-fleetmanager/install/fleetmanager_interfaces/lib/python3.12/site-packages/fleetmanager_interfaces/msg/_map_request_s.c
-- Up-to-date: /home/hein/dev/rens-fleetmanager/install/fleetmanager_interfaces/lib/python3.12/site-packages/fleetmanager_interfaces/msg/_location.py
-- Up-to-date: /home/hein/dev/rens-fleetmanager/install/fleetmanager_interfaces/lib/python3.12/site-packages/fleetmanager_interfaces/msg/_status.py
-- Up-to-date: /home/hein/dev/rens-fleetmanager/install/fleetmanager_interfaces/lib/python3.12/site-packages/fleetmanager_interfaces/fleetmanager_interfaces_s__rosidl_typesupport_introspection_c.so
-- Up-to-date: /home/hein/dev/rens-fleetmanager/install/fleetmanager_interfaces/lib/python3.12/site-packages/fleetmanager_interfaces/fleetmanager_interfaces_s__rosidl_typesupport_fastrtps_c.so
-- Up-to-date: /home/hein/dev/rens-fleetmanager/install/fleetmanager_interfaces/lib/python3.12/site-packages/fleetmanager_interfaces/_fleetmanager_interfaces_s.ep.rosidl_typesupport_c.c
Listing '/home/hein/dev/rens-fleetmanager/install/fleetmanager_interfaces/lib/python3.12/site-packages/fleetmanager_interfaces'...
Compiling '/home/hein/dev/rens-fleetmanager/install/fleetmanager_interfaces/lib/python3.12/site-packages/fleetmanager_interfaces/__init__.py'...
Listing '/home/hein/dev/rens-fleetmanager/install/fleetmanager_interfaces/lib/python3.12/site-packages/fleetmanager_interfaces/msg'...
-- Up-to-date: /home/hein/dev/rens-fleetmanager/install/fleetmanager_interfaces/lib/python3.12/site-packages/fleetmanager_interfaces/fleetmanager_interfaces_s__rosidl_typesupport_fastrtps_c.so
-- Up-to-date: /home/hein/dev/rens-fleetmanager/install/fleetmanager_interfaces/lib/python3.12/site-packages/fleetmanager_interfaces/fleetmanager_interfaces_s__rosidl_typesupport_introspection_c.so
-- Up-to-date: /home/hein/dev/rens-fleetmanager/install/fleetmanager_interfaces/lib/python3.12/site-packages/fleetmanager_interfaces/fleetmanager_interfaces_s__rosidl_typesupport_c.so
-- Up-to-date: /home/hein/dev/rens-fleetmanager/install/fleetmanager_interfaces/lib/libfleetmanager_interfaces__rosidl_generator_py.so
-- Up-to-date: /home/hein/dev/rens-fleetmanager/install/fleetmanager_interfaces/share/fleetmanager_interfaces/msg/Error.idl
-- Up-to-date: /home/hein/dev/rens-fleetmanager/install/fleetmanager_interfaces/share/fleetmanager_interfaces/msg/Location.idl
-- Up-to-date: /home/hein/dev/rens-fleetmanager/install/fleetmanager_interfaces/share/fleetmanager_interfaces/msg/MapRequest.idl
-- Up-to-date: /home/hein/dev/rens-fleetmanager/install/fleetmanager_interfaces/share/fleetmanager_interfaces/msg/Status.idl
-- Up-to-date: /home/hein/dev/rens-fleetmanager/install/fleetmanager_interfaces/share/fleetmanager_interfaces/msg/TaskMoveTo.idl
-- Up-to-date: /home/hein/dev/rens-fleetmanager/install/fleetmanager_interfaces/share/fleetmanager_interfaces/msg/Error.msg
-- Up-to-date: /home/hein/dev/rens-fleetmanager/install/fleetmanager_interfaces/share/fleetmanager_interfaces/msg/Location.msg
-- Up-to-date: /home/hein/dev/rens-fleetmanager/install/fleetmanager_interfaces/share/fleetmanager_interfaces/msg/MapRequest.msg
-- Up-to-date: /home/hein/dev/rens-fleetmanager/install/fleetmanager_interfaces/share/fleetmanager_interfaces/msg/Status.msg
-- Up-to-date: /home/hein/dev/rens-fleetmanager/install/fleetmanager_interfaces/share/fleetmanager_interfaces/msg/TaskMoveTo.msg
-- Up-to-date: /home/hein/dev/rens-fleetmanager/install/fleetmanager_interfaces/share/ament_index/resource_index/package_run_dependencies/fleetmanager_interfaces
-- Up-to-date: /home/hein/dev/rens-fleetmanager/install/fleetmanager_interfaces/share/ament_index/resource_index/parent_prefix_path/fleetmanager_interfaces
-- Up-to-date: /home/hein/dev/rens-fleetmanager/install/fleetmanager_interfaces/share/fleetmanager_interfaces/environment/ament_prefix_path.sh
-- Up-to-date: /home/hein/dev/rens-fleetmanager/install/fleetmanager_interfaces/share/fleetmanager_interfaces/environment/ament_prefix_path.dsv
-- Up-to-date: /home/hein/dev/rens-fleetmanager/install/fleetmanager_interfaces/share/fleetmanager_interfaces/environment/path.sh
-- Up-to-date: /home/hein/dev/rens-fleetmanager/install/fleetmanager_interfaces/share/fleetmanager_interfaces/environment/path.dsv
-- Up-to-date: /home/hein/dev/rens-fleetmanager/install/fleetmanager_interfaces/share/fleetmanager_interfaces/local_setup.bash
-- Up-to-date: /home/hein/dev/rens-fleetmanager/install/fleetmanager_interfaces/share/fleetmanager_interfaces/local_setup.sh
-- Up-to-date: /home/hein/dev/rens-fleetmanager/install/fleetmanager_interfaces/share/fleetmanager_interfaces/local_setup.zsh
-- Up-to-date: /home/hein/dev/rens-fleetmanager/install/fleetmanager_interfaces/share/fleetmanager_interfaces/local_setup.dsv
-- Installing: /home/hein/dev/rens-fleetmanager/install/fleetmanager_interfaces/share/fleetmanager_interfaces/package.dsv
-- Up-to-date: /home/hein/dev/rens-fleetmanager/install/fleetmanager_interfaces/share/ament_index/resource_index/packages/fleetmanager_interfaces
-- Up-to-date: /home/hein/dev/rens-fleetmanager/install/fleetmanager_interfaces/share/fleetmanager_interfaces/cmake/export_fleetmanager_interfaces__rosidl_generator_cExport.cmake
-- Up-to-date: /home/hein/dev/rens-fleetmanager/install/fleetmanager_interfaces/share/fleetmanager_interfaces/cmake/export_fleetmanager_interfaces__rosidl_generator_cExport-noconfig.cmake
-- Up-to-date: /home/hein/dev/rens-fleetmanager/install/fleetmanager_interfaces/share/fleetmanager_interfaces/cmake/export_fleetmanager_interfaces__rosidl_typesupport_fastrtps_cExport.cmake
-- Up-to-date: /home/hein/dev/rens-fleetmanager/install/fleetmanager_interfaces/share/fleetmanager_interfaces/cmake/export_fleetmanager_interfaces__rosidl_typesupport_fastrtps_cExport-noconfig.cmake
-- Up-to-date: /home/hein/dev/rens-fleetmanager/install/fleetmanager_interfaces/share/fleetmanager_interfaces/cmake/fleetmanager_interfaces__rosidl_typesupport_introspection_cExport.cmake
-- Up-to-date: /home/hein/dev/rens-fleetmanager/install/fleetmanager_interfaces/share/fleetmanager_interfaces/cmake/fleetmanager_interfaces__rosidl_typesupport_introspection_cExport-noconfig.cmake
-- Up-to-date: /home/hein/dev/rens-fleetmanager/install/fleetmanager_interfaces/share/fleetmanager_interfaces/cmake/fleetmanager_interfaces__rosidl_typesupport_cExport.cmake
-- Up-to-date: /home/hein/dev/rens-fleetmanager/install/fleetmanager_interfaces/share/fleetmanager_interfaces/cmake/fleetmanager_interfaces__rosidl_typesupport_cExport-noconfig.cmake
-- Up-to-date: /home/hein/dev/rens-fleetmanager/install/fleetmanager_interfaces/share/fleetmanager_interfaces/cmake/export_fleetmanager_interfaces__rosidl_generator_cppExport.cmake
-- Up-to-date: /home/hein/dev/rens-fleetmanager/install/fleetmanager_interfaces/share/fleetmanager_interfaces/cmake/export_fleetmanager_interfaces__rosidl_typesupport_fastrtps_cppExport.cmake
-- Up-to-date: /home/hein/dev/rens-fleetmanager/install/fleetmanager_interfaces/share/fleetmanager_interfaces/cmake/export_fleetmanager_interfaces__rosidl_typesupport_fastrtps_cppExport-noconfig.cmake
-- Up-to-date: /home/hein/dev/rens-fleetmanager/install/fleetmanager_interfaces/share/fleetmanager_interfaces/cmake/fleetmanager_interfaces__rosidl_typesupport_introspection_cppExport.cmake
-- Up-to-date: /home/hein/dev/rens-fleetmanager/install/fleetmanager_interfaces/share/fleetmanager_interfaces/cmake/fleetmanager_interfaces__rosidl_typesupport_introspection_cppExport-noconfig.cmake
-- Up-to-date: /home/hein/dev/rens-fleetmanager/install/fleetmanager_interfaces/share/fleetmanager_interfaces/cmake/fleetmanager_interfaces__rosidl_typesupport_cppExport.cmake
-- Up-to-date: /home/hein/dev/rens-fleetmanager/install/fleetmanager_interfaces/share/fleetmanager_interfaces/cmake/fleetmanager_interfaces__rosidl_typesupport_cppExport-noconfig.cmake
-- Up-to-date: /home/hein/dev/rens-fleetmanager/install/fleetmanager_interfaces/share/fleetmanager_interfaces/cmake/export_fleetmanager_interfaces__rosidl_generator_pyExport.cmake
-- Up-to-date: /home/hein/dev/rens-fleetmanager/install/fleetmanager_interfaces/share/fleetmanager_interfaces/cmake/export_fleetmanager_interfaces__rosidl_generator_pyExport-noconfig.cmake
-- Up-to-date: /home/hein/dev/rens-fleetmanager/install/fleetmanager_interfaces/share/fleetmanager_interfaces/cmake/rosidl_cmake-extras.cmake
-- Up-to-date: /home/hein/dev/rens-fleetmanager/install/fleetmanager_interfaces/share/fleetmanager_interfaces/cmake/ament_cmake_export_include_directories-extras.cmake
-- Up-to-date: /home/hein/dev/rens-fleetmanager/install/fleetmanager_interfaces/share/fleetmanager_interfaces/cmake/ament_cmake_export_libraries-extras.cmake
-- Up-to-date: /home/hein/dev/rens-fleetmanager/install/fleetmanager_interfaces/share/fleetmanager_interfaces/cmake/ament_cmake_export_targets-extras.cmake
-- Up-to-date: /home/hein/dev/rens-fleetmanager/install/fleetmanager_interfaces/share/fleetmanager_interfaces/cmake/rosidl_cmake_export_typesupport_targets-extras.cmake
-- Up-to-date: /home/hein/dev/rens-fleetmanager/install/fleetmanager_interfaces/share/fleetmanager_interfaces/cmake/ament_cmake_export_dependencies-extras.cmake
-- Up-to-date: /home/hein/dev/rens-fleetmanager/install/fleetmanager_interfaces/share/fleetmanager_interfaces/cmake/rosidl_cmake_export_typesupport_libraries-extras.cmake
-- Up-to-date: /home/hein/dev/rens-fleetmanager/install/fleetmanager_interfaces/share/fleetmanager_interfaces/cmake/fleetmanager_interfacesConfig.cmake
-- Up-to-date: /home/hein/dev/rens-fleetmanager/install/fleetmanager_interfaces/share/fleetmanager_interfaces/cmake/fleetmanager_interfacesConfig-version.cmake
-- Up-to-date: /home/hein/dev/rens-fleetmanager/install/fleetmanager_interfaces/share/fleetmanager_interfaces/package.xml
