[0.068s] DEBUG:colcon:Command line arguments: ['/usr/bin/colcon', 'build', '--packages-select', 'fleetmanager']
[0.068s] DEBUG:colcon:Parsed command line arguments: Namespace(log_base=None, log_level=None, verb_name='build', build_base='build', install_base='install', merge_install=False, symlink_install=False, test_result_base=None, continue_on_error=False, executor='parallel', parallel_workers=16, event_handlers=None, ignore_user_meta=False, metas=['./colcon.meta'], base_paths=['.'], packages_ignore=None, packages_ignore_regex=None, paths=None, packages_up_to=None, packages_up_to_regex=None, packages_above=None, packages_above_and_dependencies=None, packages_above_depth=None, packages_select_by_dep=None, packages_skip_by_dep=None, packages_skip_up_to=None, packages_select_build_failed=False, packages_skip_build_finished=False, packages_select_test_failures=False, packages_skip_test_passed=False, packages_select=['fleetmanager'], packages_skip=None, packages_select_regex=None, packages_skip_regex=None, packages_start=None, packages_end=None, allow_overriding=[], cmake_args=None, cmake_target=None, cmake_target_skip_unavailable=False, cmake_clean_cache=False, cmake_clean_first=False, cmake_force_configure=False, ament_cmake_args=None, catkin_cmake_args=None, catkin_skip_building_tests=False, mixin_files=None, mixin=None, verb_parser=<colcon_mixin.mixin.mixin_argument.MixinArgumentDecorator object at 0x7b92f8ba1f70>, verb_extension=<colcon_core.verb.build.BuildVerb object at 0x7b92f8cc2960>, main=<bound method BuildVerb.main of <colcon_core.verb.build.BuildVerb object at 0x7b92f8cc2960>>, mixin_verb=('build',))
[0.093s] Level 1:colcon.colcon_core.package_discovery:discover_packages(colcon_meta) check parameters
[0.093s] Level 1:colcon.colcon_core.package_discovery:discover_packages(recursive) check parameters
[0.093s] Level 1:colcon.colcon_core.package_discovery:discover_packages(ignore) check parameters
[0.093s] Level 1:colcon.colcon_core.package_discovery:discover_packages(path) check parameters
[0.093s] Level 1:colcon.colcon_core.package_discovery:discover_packages(colcon_meta) discover
[0.094s] Level 1:colcon.colcon_core.package_discovery:discover_packages(recursive) discover
[0.094s] INFO:colcon.colcon_core.package_discovery:Crawling recursively for packages in '/home/hein/dev/rens-fleetmanager'
[0.094s] Level 1:colcon.colcon_core.package_identification:_identify(.) by extensions ['ignore', 'ignore_ament_install']
[0.094s] Level 1:colcon.colcon_core.package_identification:_identify(.) by extension 'ignore'
[0.094s] Level 1:colcon.colcon_core.package_identification:_identify(.) by extension 'ignore_ament_install'
[0.094s] Level 1:colcon.colcon_core.package_identification:_identify(.) by extensions ['colcon_pkg']
[0.094s] Level 1:colcon.colcon_core.package_identification:_identify(.) by extension 'colcon_pkg'
[0.094s] Level 1:colcon.colcon_core.package_identification:_identify(.) by extensions ['colcon_meta']
[0.094s] Level 1:colcon.colcon_core.package_identification:_identify(.) by extension 'colcon_meta'
[0.094s] Level 1:colcon.colcon_core.package_identification:_identify(.) by extensions ['ros']
[0.094s] Level 1:colcon.colcon_core.package_identification:_identify(.) by extension 'ros'
[0.112s] Level 1:colcon.colcon_core.package_identification:_identify(.) by extensions ['cmake', 'python']
[0.112s] Level 1:colcon.colcon_core.package_identification:_identify(.) by extension 'cmake'
[0.112s] Level 1:colcon.colcon_core.package_identification:_identify(.) by extension 'python'
[0.112s] Level 1:colcon.colcon_core.package_identification:_identify(.) by extensions ['python_setup_py']
[0.112s] Level 1:colcon.colcon_core.package_identification:_identify(.) by extension 'python_setup_py'
[0.112s] Level 1:colcon.colcon_core.package_identification:_identify(build) by extensions ['ignore', 'ignore_ament_install']
[0.112s] Level 1:colcon.colcon_core.package_identification:_identify(build) by extension 'ignore'
[0.112s] Level 1:colcon.colcon_core.package_identification:_identify(build) ignored
[0.112s] Level 1:colcon.colcon_core.package_identification:_identify(install) by extensions ['ignore', 'ignore_ament_install']
[0.112s] Level 1:colcon.colcon_core.package_identification:_identify(install) by extension 'ignore'
[0.112s] Level 1:colcon.colcon_core.package_identification:_identify(install) ignored
[0.112s] Level 1:colcon.colcon_core.package_identification:_identify(log) by extensions ['ignore', 'ignore_ament_install']
[0.112s] Level 1:colcon.colcon_core.package_identification:_identify(log) by extension 'ignore'
[0.112s] Level 1:colcon.colcon_core.package_identification:_identify(log) ignored
[0.112s] Level 1:colcon.colcon_core.package_identification:_identify(packages) by extensions ['ignore', 'ignore_ament_install']
[0.112s] Level 1:colcon.colcon_core.package_identification:_identify(packages) by extension 'ignore'
[0.112s] Level 1:colcon.colcon_core.package_identification:_identify(packages) by extension 'ignore_ament_install'
[0.112s] Level 1:colcon.colcon_core.package_identification:_identify(packages) by extensions ['colcon_pkg']
[0.112s] Level 1:colcon.colcon_core.package_identification:_identify(packages) by extension 'colcon_pkg'
[0.112s] Level 1:colcon.colcon_core.package_identification:_identify(packages) by extensions ['colcon_meta']
[0.112s] Level 1:colcon.colcon_core.package_identification:_identify(packages) by extension 'colcon_meta'
[0.112s] Level 1:colcon.colcon_core.package_identification:_identify(packages) by extensions ['ros']
[0.112s] Level 1:colcon.colcon_core.package_identification:_identify(packages) by extension 'ros'
[0.113s] Level 1:colcon.colcon_core.package_identification:_identify(packages) by extensions ['cmake', 'python']
[0.113s] Level 1:colcon.colcon_core.package_identification:_identify(packages) by extension 'cmake'
[0.113s] Level 1:colcon.colcon_core.package_identification:_identify(packages) by extension 'python'
[0.113s] Level 1:colcon.colcon_core.package_identification:_identify(packages) by extensions ['python_setup_py']
[0.113s] Level 1:colcon.colcon_core.package_identification:_identify(packages) by extension 'python_setup_py'
[0.113s] Level 1:colcon.colcon_core.package_identification:_identify(packages/fleetmanager) by extensions ['ignore', 'ignore_ament_install']
[0.113s] Level 1:colcon.colcon_core.package_identification:_identify(packages/fleetmanager) by extension 'ignore'
[0.113s] Level 1:colcon.colcon_core.package_identification:_identify(packages/fleetmanager) by extension 'ignore_ament_install'
[0.113s] Level 1:colcon.colcon_core.package_identification:_identify(packages/fleetmanager) by extensions ['colcon_pkg']
[0.113s] Level 1:colcon.colcon_core.package_identification:_identify(packages/fleetmanager) by extension 'colcon_pkg'
[0.113s] Level 1:colcon.colcon_core.package_identification:_identify(packages/fleetmanager) by extensions ['colcon_meta']
[0.113s] Level 1:colcon.colcon_core.package_identification:_identify(packages/fleetmanager) by extension 'colcon_meta'
[0.113s] Level 1:colcon.colcon_core.package_identification:_identify(packages/fleetmanager) by extensions ['ros']
[0.113s] Level 1:colcon.colcon_core.package_identification:_identify(packages/fleetmanager) by extension 'ros'
[0.114s] DEBUG:colcon.colcon_core.package_identification:Package 'packages/fleetmanager' with type 'ros.ament_cmake' and name 'fleetmanager'
[0.115s] Level 1:colcon.colcon_core.package_identification:_identify(packages/fleetmanager_interfaces) by extensions ['ignore', 'ignore_ament_install']
[0.115s] Level 1:colcon.colcon_core.package_identification:_identify(packages/fleetmanager_interfaces) by extension 'ignore'
[0.115s] Level 1:colcon.colcon_core.package_identification:_identify(packages/fleetmanager_interfaces) by extension 'ignore_ament_install'
[0.115s] Level 1:colcon.colcon_core.package_identification:_identify(packages/fleetmanager_interfaces) by extensions ['colcon_pkg']
[0.115s] Level 1:colcon.colcon_core.package_identification:_identify(packages/fleetmanager_interfaces) by extension 'colcon_pkg'
[0.115s] Level 1:colcon.colcon_core.package_identification:_identify(packages/fleetmanager_interfaces) by extensions ['colcon_meta']
[0.115s] Level 1:colcon.colcon_core.package_identification:_identify(packages/fleetmanager_interfaces) by extension 'colcon_meta'
[0.115s] Level 1:colcon.colcon_core.package_identification:_identify(packages/fleetmanager_interfaces) by extensions ['ros']
[0.115s] Level 1:colcon.colcon_core.package_identification:_identify(packages/fleetmanager_interfaces) by extension 'ros'
[0.115s] DEBUG:colcon.colcon_core.package_identification:Package 'packages/fleetmanager_interfaces' with type 'ros.ament_cmake' and name 'fleetmanager_interfaces'
[0.115s] Level 1:colcon.colcon_core.package_discovery:discover_packages(recursive) using defaults
[0.115s] Level 1:colcon.colcon_core.package_discovery:discover_packages(ignore) discover
[0.115s] Level 1:colcon.colcon_core.package_discovery:discover_packages(ignore) using defaults
[0.115s] Level 1:colcon.colcon_core.package_discovery:discover_packages(path) discover
[0.115s] Level 1:colcon.colcon_core.package_discovery:discover_packages(path) using defaults
[0.127s] INFO:colcon.colcon_core.package_selection:Skipping not selected package 'fleetmanager_interfaces' in 'packages/fleetmanager_interfaces'
[0.127s] Level 1:colcon.colcon_core.package_discovery:discover_packages(prefix_path) check parameters
[0.127s] Level 1:colcon.colcon_core.package_discovery:discover_packages(prefix_path) discover
[0.129s] DEBUG:colcon.colcon_installed_package_information.package_discovery:Found 338 installed packages in /opt/ros/jazzy
[0.129s] Level 1:colcon.colcon_core.package_discovery:discover_packages(prefix_path) using defaults
[0.156s] Level 5:colcon.colcon_core.verb:set package 'fleetmanager' build argument 'cmake_args' from command line to 'None'
[0.156s] Level 5:colcon.colcon_core.verb:set package 'fleetmanager' build argument 'cmake_target' from command line to 'None'
[0.156s] Level 5:colcon.colcon_core.verb:set package 'fleetmanager' build argument 'cmake_target_skip_unavailable' from command line to 'False'
[0.156s] Level 5:colcon.colcon_core.verb:set package 'fleetmanager' build argument 'cmake_clean_cache' from command line to 'False'
[0.156s] Level 5:colcon.colcon_core.verb:set package 'fleetmanager' build argument 'cmake_clean_first' from command line to 'False'
[0.156s] Level 5:colcon.colcon_core.verb:set package 'fleetmanager' build argument 'cmake_force_configure' from command line to 'False'
[0.156s] Level 5:colcon.colcon_core.verb:set package 'fleetmanager' build argument 'ament_cmake_args' from command line to 'None'
[0.156s] Level 5:colcon.colcon_core.verb:set package 'fleetmanager' build argument 'catkin_cmake_args' from command line to 'None'
[0.156s] Level 5:colcon.colcon_core.verb:set package 'fleetmanager' build argument 'catkin_skip_building_tests' from command line to 'False'
[0.156s] DEBUG:colcon.colcon_core.verb:Building package 'fleetmanager' with the following arguments: {'ament_cmake_args': None, 'build_base': '/home/hein/dev/rens-fleetmanager/build/fleetmanager', 'catkin_cmake_args': None, 'catkin_skip_building_tests': False, 'cmake_args': None, 'cmake_clean_cache': False, 'cmake_clean_first': False, 'cmake_force_configure': False, 'cmake_target': None, 'cmake_target_skip_unavailable': False, 'install_base': '/home/hein/dev/rens-fleetmanager/install/fleetmanager', 'merge_install': False, 'path': '/home/hein/dev/rens-fleetmanager/packages/fleetmanager', 'symlink_install': False, 'test_result_base': None}
[0.156s] INFO:colcon.colcon_core.executor:Executing jobs using 'parallel' executor
[0.157s] DEBUG:colcon.colcon_parallel_executor.executor.parallel:run_until_complete
[0.157s] INFO:colcon.colcon_ros.task.ament_cmake.build:Building ROS package in '/home/hein/dev/rens-fleetmanager/packages/fleetmanager' with build type 'ament_cmake'
[0.157s] INFO:colcon.colcon_cmake.task.cmake.build:Building CMake package in '/home/hein/dev/rens-fleetmanager/packages/fleetmanager'
[0.158s] INFO:colcon.colcon_core.plugin_system:Skipping extension 'colcon_core.shell.bat': Not used on non-Windows systems
[0.158s] INFO:colcon.colcon_core.shell:Skip shell extension 'powershell' for command environment: Not usable outside of PowerShell
[0.158s] DEBUG:colcon.colcon_core.shell:Skip shell extension 'dsv' for command environment
[0.168s] DEBUG:colcon.colcon_core.event_handler.log_command:Invoking command in '/home/hein/dev/rens-fleetmanager/build/fleetmanager': AMENT_PREFIX_PATH=/home/hein/dev/rens-fleetmanager/install/fleetmanager_interfaces:${AMENT_PREFIX_PATH} CMAKE_PREFIX_PATH=/home/hein/dev/rens-fleetmanager/install/fleetmanager_interfaces:/opt/ros/jazzy/opt/sdformat_vendor:/opt/ros/jazzy/opt/gz_math_vendor:/opt/ros/jazzy/opt/gz_utils_vendor:/opt/ros/jazzy/opt/gz_tools_vendor:/opt/ros/jazzy/opt/gz_cmake_vendor:/opt/ros/jazzy DEBUGINFOD_URLS=https://debuginfod.ubuntu.com LD_LIBRARY_PATH=/home/hein/dev/rens-fleetmanager/install/fleetmanager_interfaces/lib:${LD_LIBRARY_PATH} PYTHONPATH=/home/hein/dev/rens-fleetmanager/install/fleetmanager_interfaces/lib/python3.12/site-packages:${PYTHONPATH} /usr/bin/cmake --build /home/hein/dev/rens-fleetmanager/build/fleetmanager -- -j16 -l16
[0.232s] DEBUG:colcon.colcon_core.event_handler.log_command:Invoked command in '/home/hein/dev/rens-fleetmanager/build/fleetmanager' returned '0': AMENT_PREFIX_PATH=/home/hein/dev/rens-fleetmanager/install/fleetmanager_interfaces:${AMENT_PREFIX_PATH} CMAKE_PREFIX_PATH=/home/hein/dev/rens-fleetmanager/install/fleetmanager_interfaces:/opt/ros/jazzy/opt/sdformat_vendor:/opt/ros/jazzy/opt/gz_math_vendor:/opt/ros/jazzy/opt/gz_utils_vendor:/opt/ros/jazzy/opt/gz_tools_vendor:/opt/ros/jazzy/opt/gz_cmake_vendor:/opt/ros/jazzy DEBUGINFOD_URLS=https://debuginfod.ubuntu.com LD_LIBRARY_PATH=/home/hein/dev/rens-fleetmanager/install/fleetmanager_interfaces/lib:${LD_LIBRARY_PATH} PYTHONPATH=/home/hein/dev/rens-fleetmanager/install/fleetmanager_interfaces/lib/python3.12/site-packages:${PYTHONPATH} /usr/bin/cmake --build /home/hein/dev/rens-fleetmanager/build/fleetmanager -- -j16 -l16
[0.242s] DEBUG:colcon.colcon_core.event_handler.log_command:Invoking command in '/home/hein/dev/rens-fleetmanager/build/fleetmanager': AMENT_PREFIX_PATH=/home/hein/dev/rens-fleetmanager/install/fleetmanager_interfaces:${AMENT_PREFIX_PATH} CMAKE_PREFIX_PATH=/home/hein/dev/rens-fleetmanager/install/fleetmanager_interfaces:/opt/ros/jazzy/opt/sdformat_vendor:/opt/ros/jazzy/opt/gz_math_vendor:/opt/ros/jazzy/opt/gz_utils_vendor:/opt/ros/jazzy/opt/gz_tools_vendor:/opt/ros/jazzy/opt/gz_cmake_vendor:/opt/ros/jazzy DEBUGINFOD_URLS=https://debuginfod.ubuntu.com LD_LIBRARY_PATH=/home/hein/dev/rens-fleetmanager/install/fleetmanager_interfaces/lib:${LD_LIBRARY_PATH} PYTHONPATH=/home/hein/dev/rens-fleetmanager/install/fleetmanager_interfaces/lib/python3.12/site-packages:${PYTHONPATH} /usr/bin/cmake --install /home/hein/dev/rens-fleetmanager/build/fleetmanager
[0.252s] Level 1:colcon.colcon_core.environment:create_environment_scripts_only(fleetmanager)
[0.253s] DEBUG:colcon.colcon_core.event_handler.log_command:Invoked command in '/home/hein/dev/rens-fleetmanager/build/fleetmanager' returned '0': AMENT_PREFIX_PATH=/home/hein/dev/rens-fleetmanager/install/fleetmanager_interfaces:${AMENT_PREFIX_PATH} CMAKE_PREFIX_PATH=/home/hein/dev/rens-fleetmanager/install/fleetmanager_interfaces:/opt/ros/jazzy/opt/sdformat_vendor:/opt/ros/jazzy/opt/gz_math_vendor:/opt/ros/jazzy/opt/gz_utils_vendor:/opt/ros/jazzy/opt/gz_tools_vendor:/opt/ros/jazzy/opt/gz_cmake_vendor:/opt/ros/jazzy DEBUGINFOD_URLS=https://debuginfod.ubuntu.com LD_LIBRARY_PATH=/home/hein/dev/rens-fleetmanager/install/fleetmanager_interfaces/lib:${LD_LIBRARY_PATH} PYTHONPATH=/home/hein/dev/rens-fleetmanager/install/fleetmanager_interfaces/lib/python3.12/site-packages:${PYTHONPATH} /usr/bin/cmake --install /home/hein/dev/rens-fleetmanager/build/fleetmanager
[0.255s] Level 1:colcon.colcon_core.environment:checking '/home/hein/dev/rens-fleetmanager/install/fleetmanager' for CMake module files
[0.256s] Level 1:colcon.colcon_core.environment:checking '/home/hein/dev/rens-fleetmanager/install/fleetmanager' for CMake config files
[0.256s] Level 1:colcon.colcon_core.shell:create_environment_hook('fleetmanager', 'cmake_prefix_path')
[0.257s] INFO:colcon.colcon_core.shell:Creating environment hook '/home/hein/dev/rens-fleetmanager/install/fleetmanager/share/fleetmanager/hook/cmake_prefix_path.ps1'
[0.257s] INFO:colcon.colcon_core.shell:Creating environment descriptor '/home/hein/dev/rens-fleetmanager/install/fleetmanager/share/fleetmanager/hook/cmake_prefix_path.dsv'
[0.258s] INFO:colcon.colcon_core.shell:Creating environment hook '/home/hein/dev/rens-fleetmanager/install/fleetmanager/share/fleetmanager/hook/cmake_prefix_path.sh'
[0.259s] Level 1:colcon.colcon_core.environment:checking '/home/hein/dev/rens-fleetmanager/install/fleetmanager/lib'
[0.259s] Level 1:colcon.colcon_core.environment:checking '/home/hein/dev/rens-fleetmanager/install/fleetmanager/bin'
[0.259s] Level 1:colcon.colcon_core.environment:checking '/home/hein/dev/rens-fleetmanager/install/fleetmanager/lib/pkgconfig/fleetmanager.pc'
[0.259s] Level 1:colcon.colcon_core.environment:checking '/home/hein/dev/rens-fleetmanager/install/fleetmanager/lib/python3.12/site-packages'
[0.259s] Level 1:colcon.colcon_core.environment:checking '/home/hein/dev/rens-fleetmanager/install/fleetmanager/bin'
[0.259s] INFO:colcon.colcon_core.shell:Creating package script '/home/hein/dev/rens-fleetmanager/install/fleetmanager/share/fleetmanager/package.ps1'
[0.260s] INFO:colcon.colcon_core.shell:Creating package descriptor '/home/hein/dev/rens-fleetmanager/install/fleetmanager/share/fleetmanager/package.dsv'
[0.260s] INFO:colcon.colcon_core.shell:Creating package script '/home/hein/dev/rens-fleetmanager/install/fleetmanager/share/fleetmanager/package.sh'
[0.260s] INFO:colcon.colcon_core.shell:Creating package script '/home/hein/dev/rens-fleetmanager/install/fleetmanager/share/fleetmanager/package.bash'
[0.261s] INFO:colcon.colcon_core.shell:Creating package script '/home/hein/dev/rens-fleetmanager/install/fleetmanager/share/fleetmanager/package.zsh'
[0.261s] Level 1:colcon.colcon_core.environment:create_file_with_runtime_dependencies(/home/hein/dev/rens-fleetmanager/install/fleetmanager/share/colcon-core/packages/fleetmanager)
[0.261s] Level 1:colcon.colcon_core.environment:create_environment_scripts_only(fleetmanager)
[0.261s] Level 1:colcon.colcon_core.environment:checking '/home/hein/dev/rens-fleetmanager/install/fleetmanager' for CMake module files
[0.262s] Level 1:colcon.colcon_core.environment:checking '/home/hein/dev/rens-fleetmanager/install/fleetmanager' for CMake config files
[0.262s] Level 1:colcon.colcon_core.shell:create_environment_hook('fleetmanager', 'cmake_prefix_path')
[0.262s] INFO:colcon.colcon_core.shell:Creating environment hook '/home/hein/dev/rens-fleetmanager/install/fleetmanager/share/fleetmanager/hook/cmake_prefix_path.ps1'
[0.262s] INFO:colcon.colcon_core.shell:Creating environment descriptor '/home/hein/dev/rens-fleetmanager/install/fleetmanager/share/fleetmanager/hook/cmake_prefix_path.dsv'
[0.262s] INFO:colcon.colcon_core.shell:Creating environment hook '/home/hein/dev/rens-fleetmanager/install/fleetmanager/share/fleetmanager/hook/cmake_prefix_path.sh'
[0.263s] Level 1:colcon.colcon_core.environment:checking '/home/hein/dev/rens-fleetmanager/install/fleetmanager/lib'
[0.263s] Level 1:colcon.colcon_core.environment:checking '/home/hein/dev/rens-fleetmanager/install/fleetmanager/bin'
[0.263s] Level 1:colcon.colcon_core.environment:checking '/home/hein/dev/rens-fleetmanager/install/fleetmanager/lib/pkgconfig/fleetmanager.pc'
[0.263s] Level 1:colcon.colcon_core.environment:checking '/home/hein/dev/rens-fleetmanager/install/fleetmanager/lib/python3.12/site-packages'
[0.263s] Level 1:colcon.colcon_core.environment:checking '/home/hein/dev/rens-fleetmanager/install/fleetmanager/bin'
[0.263s] INFO:colcon.colcon_core.shell:Creating package script '/home/hein/dev/rens-fleetmanager/install/fleetmanager/share/fleetmanager/package.ps1'
[0.263s] INFO:colcon.colcon_core.shell:Creating package descriptor '/home/hein/dev/rens-fleetmanager/install/fleetmanager/share/fleetmanager/package.dsv'
[0.264s] INFO:colcon.colcon_core.shell:Creating package script '/home/hein/dev/rens-fleetmanager/install/fleetmanager/share/fleetmanager/package.sh'
[0.264s] INFO:colcon.colcon_core.shell:Creating package script '/home/hein/dev/rens-fleetmanager/install/fleetmanager/share/fleetmanager/package.bash'
[0.264s] INFO:colcon.colcon_core.shell:Creating package script '/home/hein/dev/rens-fleetmanager/install/fleetmanager/share/fleetmanager/package.zsh'
[0.264s] Level 1:colcon.colcon_core.environment:create_file_with_runtime_dependencies(/home/hein/dev/rens-fleetmanager/install/fleetmanager/share/colcon-core/packages/fleetmanager)
[0.264s] DEBUG:colcon.colcon_parallel_executor.executor.parallel:closing loop
[0.265s] DEBUG:colcon.colcon_parallel_executor.executor.parallel:loop closed
[0.265s] DEBUG:colcon.colcon_parallel_executor.executor.parallel:run_until_complete finished with '0'
[0.265s] DEBUG:colcon.colcon_core.event_reactor:joining thread
[0.270s] INFO:colcon.colcon_core.plugin_system:Skipping extension 'colcon_notification.desktop_notification.terminal_notifier': Not used on non-Darwin systems
[0.271s] INFO:colcon.colcon_core.plugin_system:Skipping extension 'colcon_notification.desktop_notification.win32': Not used on non-Windows systems
[0.271s] INFO:colcon.colcon_notification.desktop_notification:Sending desktop notification using 'notify2'
[0.283s] DEBUG:colcon.colcon_core.event_reactor:joined thread
[0.284s] INFO:colcon.colcon_core.shell:Creating prefix script '/home/hein/dev/rens-fleetmanager/install/local_setup.ps1'
[0.284s] INFO:colcon.colcon_core.shell:Creating prefix util module '/home/hein/dev/rens-fleetmanager/install/_local_setup_util_ps1.py'
[0.285s] INFO:colcon.colcon_core.shell:Creating prefix chain script '/home/hein/dev/rens-fleetmanager/install/setup.ps1'
[0.286s] INFO:colcon.colcon_core.shell:Creating prefix script '/home/hein/dev/rens-fleetmanager/install/local_setup.sh'
[0.286s] INFO:colcon.colcon_core.shell:Creating prefix util module '/home/hein/dev/rens-fleetmanager/install/_local_setup_util_sh.py'
[0.287s] INFO:colcon.colcon_core.shell:Creating prefix chain script '/home/hein/dev/rens-fleetmanager/install/setup.sh'
[0.287s] INFO:colcon.colcon_core.shell:Creating prefix script '/home/hein/dev/rens-fleetmanager/install/local_setup.bash'
[0.287s] INFO:colcon.colcon_core.shell:Creating prefix chain script '/home/hein/dev/rens-fleetmanager/install/setup.bash'
[0.288s] INFO:colcon.colcon_core.shell:Creating prefix script '/home/hein/dev/rens-fleetmanager/install/local_setup.zsh'
[0.288s] INFO:colcon.colcon_core.shell:Creating prefix chain script '/home/hein/dev/rens-fleetmanager/install/setup.zsh'
