[0.010s] Invoking command in '/home/hein/dev/rens-fleetmanager/build/fleetmanager': AMENT_PREFIX_PATH=/home/hein/dev/rens-fleetmanager/install/fleetmanager_interfaces:${AMENT_PREFIX_PATH} CMAKE_PREFIX_PATH=/home/hein/dev/rens-fleetmanager/install/fleetmanager_interfaces:/opt/ros/jazzy/opt/sdformat_vendor:/opt/ros/jazzy/opt/gz_math_vendor:/opt/ros/jazzy/opt/gz_utils_vendor:/opt/ros/jazzy/opt/gz_tools_vendor:/opt/ros/jazzy/opt/gz_cmake_vendor:/opt/ros/jazzy DEBUGINFOD_URLS=https://debuginfod.ubuntu.com LD_LIBRARY_PATH=/home/hein/dev/rens-fleetmanager/install/fleetmanager_interfaces/lib:${LD_LIBRARY_PATH} PYTHONPATH=/home/hein/dev/rens-fleetmanager/install/fleetmanager_interfaces/lib/python3.12/site-packages:${PYTHONPATH} /usr/bin/cmake --build /home/hein/dev/rens-fleetmanager/build/fleetmanager -- -j16 -l16
[0.067s] [100%] Built target rens_fleetmanager
[0.075s] Invoked command in '/home/hein/dev/rens-fleetmanager/build/fleetmanager' returned '0': AMENT_PREFIX_PATH=/home/hein/dev/rens-fleetmanager/install/fleetmanager_interfaces:${AMENT_PREFIX_PATH} CMAKE_PREFIX_PATH=/home/hein/dev/rens-fleetmanager/install/fleetmanager_interfaces:/opt/ros/jazzy/opt/sdformat_vendor:/opt/ros/jazzy/opt/gz_math_vendor:/opt/ros/jazzy/opt/gz_utils_vendor:/opt/ros/jazzy/opt/gz_tools_vendor:/opt/ros/jazzy/opt/gz_cmake_vendor:/opt/ros/jazzy DEBUGINFOD_URLS=https://debuginfod.ubuntu.com LD_LIBRARY_PATH=/home/hein/dev/rens-fleetmanager/install/fleetmanager_interfaces/lib:${LD_LIBRARY_PATH} PYTHONPATH=/home/hein/dev/rens-fleetmanager/install/fleetmanager_interfaces/lib/python3.12/site-packages:${PYTHONPATH} /usr/bin/cmake --build /home/hein/dev/rens-fleetmanager/build/fleetmanager -- -j16 -l16
[0.085s] Invoking command in '/home/hein/dev/rens-fleetmanager/build/fleetmanager': AMENT_PREFIX_PATH=/home/hein/dev/rens-fleetmanager/install/fleetmanager_interfaces:${AMENT_PREFIX_PATH} CMAKE_PREFIX_PATH=/home/hein/dev/rens-fleetmanager/install/fleetmanager_interfaces:/opt/ros/jazzy/opt/sdformat_vendor:/opt/ros/jazzy/opt/gz_math_vendor:/opt/ros/jazzy/opt/gz_utils_vendor:/opt/ros/jazzy/opt/gz_tools_vendor:/opt/ros/jazzy/opt/gz_cmake_vendor:/opt/ros/jazzy DEBUGINFOD_URLS=https://debuginfod.ubuntu.com LD_LIBRARY_PATH=/home/hein/dev/rens-fleetmanager/install/fleetmanager_interfaces/lib:${LD_LIBRARY_PATH} PYTHONPATH=/home/hein/dev/rens-fleetmanager/install/fleetmanager_interfaces/lib/python3.12/site-packages:${PYTHONPATH} /usr/bin/cmake --install /home/hein/dev/rens-fleetmanager/build/fleetmanager
[0.093s] -- Install configuration: ""
[0.093s] -- Up-to-date: /home/hein/dev/rens-fleetmanager/install/fleetmanager/lib/fleetmanager/rens_fleetmanager
[0.093s] -- Up-to-date: /home/hein/dev/rens-fleetmanager/install/fleetmanager/share/ament_index/resource_index/package_run_dependencies/fleetmanager
[0.093s] -- Up-to-date: /home/hein/dev/rens-fleetmanager/install/fleetmanager/share/ament_index/resource_index/parent_prefix_path/fleetmanager
[0.094s] -- Up-to-date: /home/hein/dev/rens-fleetmanager/install/fleetmanager/share/fleetmanager/environment/ament_prefix_path.sh
[0.094s] -- Up-to-date: /home/hein/dev/rens-fleetmanager/install/fleetmanager/share/fleetmanager/environment/ament_prefix_path.dsv
[0.094s] -- Up-to-date: /home/hein/dev/rens-fleetmanager/install/fleetmanager/share/fleetmanager/environment/path.sh
[0.094s] -- Up-to-date: /home/hein/dev/rens-fleetmanager/install/fleetmanager/share/fleetmanager/environment/path.dsv
[0.094s] -- Up-to-date: /home/hein/dev/rens-fleetmanager/install/fleetmanager/share/fleetmanager/local_setup.bash
[0.094s] -- Up-to-date: /home/hein/dev/rens-fleetmanager/install/fleetmanager/share/fleetmanager/local_setup.sh
[0.094s] -- Up-to-date: /home/hein/dev/rens-fleetmanager/install/fleetmanager/share/fleetmanager/local_setup.zsh
[0.094s] -- Up-to-date: /home/hein/dev/rens-fleetmanager/install/fleetmanager/share/fleetmanager/local_setup.dsv
[0.094s] -- Installing: /home/hein/dev/rens-fleetmanager/install/fleetmanager/share/fleetmanager/package.dsv
[0.094s] -- Up-to-date: /home/hein/dev/rens-fleetmanager/install/fleetmanager/share/ament_index/resource_index/packages/fleetmanager
[0.095s] -- Up-to-date: /home/hein/dev/rens-fleetmanager/install/fleetmanager/share/fleetmanager/cmake/fleetmanagerConfig.cmake
[0.095s] -- Up-to-date: /home/hein/dev/rens-fleetmanager/install/fleetmanager/share/fleetmanager/cmake/fleetmanagerConfig-version.cmake
[0.095s] -- Up-to-date: /home/hein/dev/rens-fleetmanager/install/fleetmanager/share/fleetmanager/package.xml
[0.096s] Invoked command in '/home/hein/dev/rens-fleetmanager/build/fleetmanager' returned '0': AMENT_PREFIX_PATH=/home/hein/dev/rens-fleetmanager/install/fleetmanager_interfaces:${AMENT_PREFIX_PATH} CMAKE_PREFIX_PATH=/home/hein/dev/rens-fleetmanager/install/fleetmanager_interfaces:/opt/ros/jazzy/opt/sdformat_vendor:/opt/ros/jazzy/opt/gz_math_vendor:/opt/ros/jazzy/opt/gz_utils_vendor:/opt/ros/jazzy/opt/gz_tools_vendor:/opt/ros/jazzy/opt/gz_cmake_vendor:/opt/ros/jazzy DEBUGINFOD_URLS=https://debuginfod.ubuntu.com LD_LIBRARY_PATH=/home/hein/dev/rens-fleetmanager/install/fleetmanager_interfaces/lib:${LD_LIBRARY_PATH} PYTHONPATH=/home/hein/dev/rens-fleetmanager/install/fleetmanager_interfaces/lib/python3.12/site-packages:${PYTHONPATH} /usr/bin/cmake --install /home/hein/dev/rens-fleetmanager/build/fleetmanager
