[ 66%] [32mBuilding CXX object CMakeFiles/rens_fleetmanager.dir/src/main.cpp.o[0m
[ 66%] [32mBuilding CXX object CMakeFiles/rens_fleetmanager.dir/src/fleetmanager.cpp.o[0m
In file included from [01m[K/home/hein/dev/rens-fleetmanager/packages/fleetmanager/src/fleetmanager.cpp:1[m[K:
[01m[K/home/hein/dev/rens-fleetmanager/packages/fleetmanager/src/./fleetmanager.hpp:23:49:[m[K [01;31m[Kerror: [m[Kincomplete type ‘[01m[Kfleetmanager::fleetmanager[m[K’ used in nested name specifier
   23 |                 rclcpp::Publisher<fleetmanager::[01;31m[Kmsg[m[K::Error>::SharedPtr m_publisher;
      |                                                 [01;31m[K^~~[m[K
[01m[K/home/hein/dev/rens-fleetmanager/packages/fleetmanager/src/./fleetmanager.hpp:23:59:[m[K [01;31m[Kerror: [m[Ktemplate argument 1 is invalid
   23 |                 rclcpp::Publisher<fleetmanager::msg::Error[01;31m[K>[m[K::SharedPtr m_publisher;
      |                                                           [01;31m[K^[m[K
[01m[K/home/hein/dev/rens-fleetmanager/packages/fleetmanager/src/./fleetmanager.hpp:23:62:[m[K [01;31m[Kerror: [m[Kexpected ‘[01m[K;[m[K’ at end of member declaration
   23 |                 rclcpp::Publisher<fleetmanager::msg::Error>::[01;31m[KSharedPtr[m[K m_publisher;
      |                                                              [01;31m[K^~~~~~~~~[m[K
      |                                                                       [32m[K;[m[K
In file included from [01m[K/home/hein/dev/rens-fleetmanager/packages/fleetmanager/src/main.cpp:1[m[K:
[01m[K/home/hein/dev/rens-fleetmanager/packages/fleetmanager/src/./fleetmanager.hpp:23:49:[m[K [01;31m[Kerror: [m[Kincomplete type ‘[01m[Kfleetmanager::fleetmanager[m[K’ used in nested name specifier
   23 |                 rclcpp::Publisher<fleetmanager::[01;31m[Kmsg[m[K::Error>::SharedPtr m_publisher;
      |                                                 [01;31m[K^~~[m[K
[01m[K/home/hein/dev/rens-fleetmanager/packages/fleetmanager/src/./fleetmanager.hpp:23:59:[m[K [01;31m[Kerror: [m[Ktemplate argument 1 is invalid
   23 |                 rclcpp::Publisher<fleetmanager::msg::Error[01;31m[K>[m[K::SharedPtr m_publisher;
      |                                                           [01;31m[K^[m[K
[01m[K/home/hein/dev/rens-fleetmanager/packages/fleetmanager/src/./fleetmanager.hpp:23:62:[m[K [01;31m[Kerror: [m[Kexpected ‘[01m[K;[m[K’ at end of member declaration
   23 |                 rclcpp::Publisher<fleetmanager::msg::Error>::[01;31m[KSharedPtr[m[K m_publisher;
      |                                                              [01;31m[K^~~~~~~~~[m[K
      |                                                                       [32m[K;[m[K
[01m[K/home/hein/dev/rens-fleetmanager/packages/fleetmanager/src/./fleetmanager.hpp:23:72:[m[K [01;31m[Kerror: [m[K‘[01m[Km_publisher[m[K’ does not name a type; did you mean ‘[01m[Krmw_publisher_t[m[K’?
   23 |                 rclcpp::Publisher<fleetmanager::msg::Error>::SharedPtr [01;31m[Km_publisher[m[K;
      |                                                                        [01;31m[K^~~~~~~~~~~[m[K
      |                                                                        [32m[Krmw_publisher_t[m[K
[01m[K/home/hein/dev/rens-fleetmanager/packages/fleetmanager/src/./fleetmanager.hpp:23:72:[m[K [01;31m[Kerror: [m[K‘[01m[Km_publisher[m[K’ does not name a type; did you mean ‘[01m[Krmw_publisher_t[m[K’?
   23 |                 rclcpp::Publisher<fleetmanager::msg::Error>::SharedPtr [01;31m[Km_publisher[m[K;
      |                                                                        [01;31m[K^~~~~~~~~~~[m[K
      |                                                                        [32m[Krmw_publisher_t[m[K
[01m[K/home/hein/dev/rens-fleetmanager/packages/fleetmanager/src/main.cpp:[m[K In function ‘[01m[Kint[01;32m[K main[m[K()[m[K’:
[01m[K/home/hein/dev/rens-fleetmanager/packages/fleetmanager/src/main.cpp:13:22:[m[K [01;31m[Kerror: [m[K‘[01m[Kclass fleetmanager::fleetmanager[m[K’ has no member named ‘[01m[Kstop[m[K’
   13 |         fleetmanager.[01;31m[Kstop[m[K();
      |                      [01;31m[K^~~~[m[K
[01m[K/home/hein/dev/rens-fleetmanager/packages/fleetmanager/src/fleetmanager.cpp:[m[K In constructor ‘[01m[Kfleetmanager::fleetmanager::[01;32m[Kfleetmanager[m[K()[m[K’:
[01m[K/home/hein/dev/rens-fleetmanager/packages/fleetmanager/src/fleetmanager.cpp:8:17:[m[K [01;31m[Kerror: [m[K‘[01m[Km_publisher[m[K’ was not declared in this scope; did you mean ‘[01m[Krmw_publisher_t[m[K’?
    8 |                 [01;31m[Km_publisher[m[K = create_publisher<fleetmanager::msg::Error>("error", 10);
      |                 [01;31m[K^~~~~~~~~~~[m[K
      |                 [32m[Krmw_publisher_t[m[K
[01m[K/home/hein/dev/rens-fleetmanager/packages/fleetmanager/src/fleetmanager.cpp:8:31:[m[K [01;31m[Kerror: [m[K‘[01m[Kcreate_publisher[m[K’ was not declared in this scope
    8 |                 m_publisher = [01;31m[Kcreate_publisher[m[K<fleetmanager::msg::Error>("error", 10);
      |                               [01;31m[K^~~~~~~~~~~~~~~~[m[K
[01m[K/home/hein/dev/rens-fleetmanager/packages/fleetmanager/src/fleetmanager.cpp:8:31:[m[K [01;36m[Knote: [m[Ksuggested alternatives:
In file included from [01m[K/opt/ros/jazzy/include/rclcpp/rclcpp/node_impl.hpp:41[m[K,
                 from [01m[K/opt/ros/jazzy/include/rclcpp/rclcpp/node.hpp:1663[m[K,
                 from [01m[K/opt/ros/jazzy/include/rclcpp/rclcpp/executors/single_threaded_executor.hpp:28[m[K,
                 from [01m[K/opt/ros/jazzy/include/rclcpp/rclcpp/executors.hpp:22[m[K,
                 from [01m[K/opt/ros/jazzy/include/rclcpp/rclcpp/rclcpp.hpp:172[m[K,
                 from [01m[K/home/hein/dev/rens-fleetmanager/packages/fleetmanager/src/./fleetmanager.hpp:3[m[K:
[01m[K/opt/ros/jazzy/include/rclcpp/rclcpp/create_publisher.hpp:113:1:[m[K [01;36m[Knote: [m[K  ‘[01m[Krclcpp::create_publisher[m[K’
  113 | [01;36m[Kcreate_publisher[m[K(
      | [01;36m[K^~~~~~~~~~~~~~~~[m[K
[01m[K/opt/ros/jazzy/include/rclcpp/rclcpp/create_publisher.hpp:46:1:[m[K [01;36m[Knote: [m[K  ‘[01m[Krclcpp::detail::create_publisher[m[K’
   46 | [01;36m[Kcreate_publisher[m[K(
      | [01;36m[K^~~~~~~~~~~~~~~~[m[K
[01m[K/home/hein/dev/rens-fleetmanager/packages/fleetmanager/src/fleetmanager.cpp:8:62:[m[K [01;31m[Kerror: [m[K‘[01m[Kfleetmanager::fleetmanager::msg[m[K’ has not been declared
    8 |                 m_publisher = create_publisher<fleetmanager::[01;31m[Kmsg[m[K::Error>("error", 10);
      |                                                              [01;31m[K^~~[m[K
[01m[K/home/hein/dev/rens-fleetmanager/packages/fleetmanager/src/fleetmanager.cpp:8:74:[m[K [01;35m[Kwarning: [m[Kleft operand of comma operator has no effect [[01;35m[K]8;;https://gcc.gnu.org/onlinedocs/gcc/Warning-Options.html#index-Wunused-value-Wunused-value]8;;[m[K]
    8 |                 m_publisher = create_publisher<fleetmanager::msg::Error>([01;35m[K"error"[m[K, 10);
      |                                                                          [01;35m[K^~~~~~~[m[K
In file included from [01m[K/opt/ros/jazzy/include/rclcpp/rclcpp/copy_all_parameter_values.hpp:27[m[K,
                 from [01m[K/opt/ros/jazzy/include/rclcpp/rclcpp/rclcpp.hpp:171[m[K:
[01m[K/home/hein/dev/rens-fleetmanager/packages/fleetmanager/src/fleetmanager.cpp:[m[K In member function ‘[01m[Kvoid fleetmanager::fleetmanager::[01;32m[Kstart[m[K()[m[K’:
[01m[K/home/hein/dev/rens-fleetmanager/packages/fleetmanager/src/fleetmanager.cpp:16:36:[m[K [01;31m[Kerror: [m[K‘[01m[Kget_logger[m[K’ was not declared in this scope; did you mean ‘[01m[Krclcpp::get_logger[m[K’?
   16 |                 RCLCPP_INFO_STREAM([01;31m[Kget_logger[m[K(), "Starting fleetmanager");
      |                                    [01;31m[K^~~~~~~~~~[m[K
In file included from [01m[K/opt/ros/jazzy/include/rclcpp/rclcpp/copy_all_parameter_values.hpp:26[m[K:
[01m[K/opt/ros/jazzy/include/rclcpp/rclcpp/logger.hpp:107:17:[m[K [01;36m[Knote: [m[K‘[01m[Krclcpp::get_logger[m[K’ declared here
  107 |   friend Logger [01;36m[Krclcpp[m[K::get_logger(const std::string & name);
      |                 [01;36m[K^~~~~~[m[K
[01m[K/home/hein/dev/rens-fleetmanager/packages/fleetmanager/src/fleetmanager.cpp:16:17:[m[K [01;31m[Kerror: [m[Ktemplate argument 1 is invalid
   16 |                 [01;31m[KRCLCPP_INFO_STREAM[m[K(get_logger(), "Starting fleetmanager");
      |                 [01;31m[K^~~~~~~~~~~~~~~~~~[m[K
[01m[K/home/hein/dev/rens-fleetmanager/packages/fleetmanager/src/fleetmanager.cpp:[m[K In member function ‘[01m[Kvoid fleetmanager::fleetmanager::[01;32m[Kupdate[m[K()[m[K’:
[01m[K/home/hein/dev/rens-fleetmanager/packages/fleetmanager/src/fleetmanager.cpp:20:31:[m[K [01;31m[Kerror: [m[K‘[01m[Kfleetmanager::fleetmanager::msg[m[K’ has not been declared
   20 |                 fleetmanager::[01;31m[Kmsg[m[K::Error message;
      |                               [01;31m[K^~~[m[K
[01m[K/home/hein/dev/rens-fleetmanager/packages/fleetmanager/src/fleetmanager.cpp:21:17:[m[K [01;31m[Kerror: [m[K‘[01m[Kmessage[m[K’ was not declared in this scope
   21 |                 [01;31m[Kmessage[m[K.severity = ((uint32_t)error_severity::info);
      |                 [01;31m[K^~~~~~~[m[K
[01m[K/home/hein/dev/rens-fleetmanager/packages/fleetmanager/src/fleetmanager.cpp:22:85:[m[K [01;31m[Kerror: [m[Kno matching function for call to ‘[01m[Kduration_cast<std::chrono::seconds>(std::chrono::_V2::steady_clock::time_point)[m[K’
   22 |                 message.timepoint = [01;31m[Kstd::chrono::duration_cast<std::chrono::seconds>(std::chrono::steady_clock::now())[m[K;
      |                                     [01;31m[K~~~~~~~~~~~~~~~~~~~~~~~~~~~~~~~~~~~~~~~~~~~~~~~~^~~~~~~~~~~~~~~~~~~~~~~~~~~~~~~~~~[m[K
In file included from [01m[K/usr/include/c++/13/chrono:41[m[K,
                 from [01m[K/opt/ros/jazzy/include/rclcpp/rclcpp/utilities.hpp:18[m[K,
                 from [01m[K/opt/ros/jazzy/include/rclcpp/rclcpp/logging.hpp:25[m[K:
[01m[K/usr/include/c++/13/bits/chrono.h:273:7:[m[K [01;36m[Knote: [m[Kcandidate: ‘[01m[Ktemplate<class _ToDur, class _Rep, class _Period> constexpr std::chrono::__enable_if_is_duration<_ToDur> std::chrono::[01;32m[Kduration_cast[m[K(const duration<_Rep, _Period>&)[m[K’
  273 |       [01;36m[Kduration_cast[m[K(const duration<_Rep, _Period>& __d)
      |       [01;36m[K^~~~~~~~~~~~~[m[K
[01m[K/usr/include/c++/13/bits/chrono.h:273:7:[m[K [01;36m[Knote: [m[K  template argument deduction/substitution failed:
[01m[K/home/hein/dev/rens-fleetmanager/packages/fleetmanager/src/fleetmanager.cpp:22:85:[m[K [01;36m[Knote: [m[K  ‘[01m[Kstd::chrono::_V2::steady_clock::time_point[m[K’ {aka ‘[01m[Kstd::chrono::time_point<std::chrono::_V2::steady_clock, std::chrono::duration<long int, std::ratio<1, 1000000000> > >[m[K’} is not derived from ‘[01m[Kconst std::chrono::duration<_Rep, _Period>[m[K’
   22 |                 message.timepoint = [01;36m[Kstd::chrono::duration_cast<std::chrono::seconds>(std::chrono::steady_clock::now())[m[K;
      |                                     [01;36m[K~~~~~~~~~~~~~~~~~~~~~~~~~~~~~~~~~~~~~~~~~~~~~~~~^~~~~~~~~~~~~~~~~~~~~~~~~~~~~~~~~~[m[K
[01m[K/home/hein/dev/rens-fleetmanager/packages/fleetmanager/src/fleetmanager.cpp:25:17:[m[K [01;31m[Kerror: [m[K‘[01m[Km_publisher[m[K’ was not declared in this scope; did you mean ‘[01m[Krmw_publisher_t[m[K’?
   25 |                 [01;31m[Km_publisher[m[K->publish(message);
      |                 [01;31m[K^~~~~~~~~~~[m[K
      |                 [32m[Krmw_publisher_t[m[K
gmake[2]: *** [CMakeFiles/rens_fleetmanager.dir/build.make:90: CMakeFiles/rens_fleetmanager.dir/src/main.cpp.o] Error 1
gmake[2]: *** Waiting for unfinished jobs....
gmake[2]: *** [CMakeFiles/rens_fleetmanager.dir/build.make:76: CMakeFiles/rens_fleetmanager.dir/src/fleetmanager.cpp.o] Error 1
gmake[1]: *** [CMakeFiles/Makefile2:137: CMakeFiles/rens_fleetmanager.dir/all] Error 2
gmake: *** [Makefile:146: all] Error 2
