[01m[K/home/hein/dev/rens-fleetmanager/packages/fleetmanager/src/fleetmanager.cpp:[m[K In constructor ‘[01m[Kfleetmanager::fleetmanager::[01;32m[Kfleetmanager[m[K()[m[K’:
[01m[K/home/hein/dev/rens-fleetmanager/packages/fleetmanager/src/fleetmanager.cpp:7:36:[m[K [01;31m[Kerror: [m[Kno matching function for call to ‘[01m[Krclcpp::Node::Node()[m[K’
    7 |         fleetmanager::fleetmanager([01;31m[K)[m[K {
      |                                    [01;31m[K^[m[K
In file included from [01m[K/opt/ros/jazzy/include/rclcpp/rclcpp/executors/single_threaded_executor.hpp:28[m[K,
                 from [01m[K/opt/ros/jazzy/include/rclcpp/rclcpp/executors.hpp:22[m[K,
                 from [01m[K/opt/ros/jazzy/include/rclcpp/rclcpp/rclcpp.hpp:172[m[K,
                 from [01m[K/home/hein/dev/rens-fleetmanager/packages/fleetmanager/src/./fleetmanager.hpp:3[m[K,
                 from [01m[K/home/hein/dev/rens-fleetmanager/packages/fleetmanager/src/fleetmanager.cpp:1[m[K:
[01m[K/opt/ros/jazzy/include/rclcpp/rclcpp/node.hpp:1629:3:[m[K [01;36m[Knote: [m[Kcandidate: ‘[01m[Krclcpp::Node::[01;32m[KNode[m[K(const rclcpp::Node&, const std::string&)[m[K’
 1629 |   [01;36m[KNode[m[K(
      |   [01;36m[K^~~~[m[K
[01m[K/opt/ros/jazzy/include/rclcpp/rclcpp/node.hpp:1629:3:[m[K [01;36m[Knote: [m[K  candidate expects 2 arguments, 0 provided
[01m[K/opt/ros/jazzy/include/rclcpp/rclcpp/node.hpp:103:12:[m[K [01;36m[Knote: [m[Kcandidate: ‘[01m[Krclcpp::Node::[01;32m[KNode[m[K(const std::string&, const std::string&, const rclcpp::NodeOptions&)[m[K’
  103 |   explicit [01;36m[KNode[m[K(
      |            [01;36m[K^~~~[m[K
[01m[K/opt/ros/jazzy/include/rclcpp/rclcpp/node.hpp:103:12:[m[K [01;36m[Knote: [m[K  candidate expects 3 arguments, 0 provided
[01m[K/opt/ros/jazzy/include/rclcpp/rclcpp/node.hpp:91:12:[m[K [01;36m[Knote: [m[Kcandidate: ‘[01m[Krclcpp::Node::[01;32m[KNode[m[K(const std::string&, const rclcpp::NodeOptions&)[m[K’
   91 |   explicit [01;36m[KNode[m[K(
      |            [01;36m[K^~~~[m[K
[01m[K/opt/ros/jazzy/include/rclcpp/rclcpp/node.hpp:91:12:[m[K [01;36m[Knote: [m[K  candidate expects 2 arguments, 0 provided
[01m[K/home/hein/dev/rens-fleetmanager/packages/fleetmanager/src/fleetmanager.cpp:[m[K In member function ‘[01m[Kvoid fleetmanager::fleetmanager::[01;32m[Kupdate[m[K()[m[K’:
[01m[K/home/hein/dev/rens-fleetmanager/packages/fleetmanager/src/fleetmanager.cpp:22:85:[m[K [01;31m[Kerror: [m[Kno matching function for call to ‘[01m[Kduration_cast<std::chrono::seconds>(std::chrono::_V2::steady_clock::time_point)[m[K’
   22 |                 message.timepoint = [01;31m[Kstd::chrono::duration_cast<std::chrono::seconds>(std::chrono::steady_clock::now())[m[K;
      |                                     [01;31m[K~~~~~~~~~~~~~~~~~~~~~~~~~~~~~~~~~~~~~~~~~~~~~~~~^~~~~~~~~~~~~~~~~~~~~~~~~~~~~~~~~~[m[K
In file included from [01m[K/usr/include/c++/13/chrono:41[m[K,
                 from [01m[K/opt/ros/jazzy/include/rclcpp/rclcpp/utilities.hpp:18[m[K,
                 from [01m[K/opt/ros/jazzy/include/rclcpp/rclcpp/logging.hpp:25[m[K,
                 from [01m[K/opt/ros/jazzy/include/rclcpp/rclcpp/copy_all_parameter_values.hpp:27[m[K,
                 from [01m[K/opt/ros/jazzy/include/rclcpp/rclcpp/rclcpp.hpp:171[m[K:
[01m[K/usr/include/c++/13/bits/chrono.h:273:7:[m[K [01;36m[Knote: [m[Kcandidate: ‘[01m[Ktemplate<class _ToDur, class _Rep, class _Period> constexpr std::chrono::__enable_if_is_duration<_ToDur> std::chrono::[01;32m[Kduration_cast[m[K(const duration<_Rep, _Period>&)[m[K’
  273 |       [01;36m[Kduration_cast[m[K(const duration<_Rep, _Period>& __d)
      |       [01;36m[K^~~~~~~~~~~~~[m[K
[01m[K/usr/include/c++/13/bits/chrono.h:273:7:[m[K [01;36m[Knote: [m[K  template argument deduction/substitution failed:
[01m[K/home/hein/dev/rens-fleetmanager/packages/fleetmanager/src/fleetmanager.cpp:22:85:[m[K [01;36m[Knote: [m[K  ‘[01m[Kstd::chrono::_V2::steady_clock::time_point[m[K’ {aka ‘[01m[Kstd::chrono::time_point<std::chrono::_V2::steady_clock, std::chrono::duration<long int, std::ratio<1, 1000000000> > >[m[K’} is not derived from ‘[01m[Kconst std::chrono::duration<_Rep, _Period>[m[K’
   22 |                 message.timepoint = [01;36m[Kstd::chrono::duration_cast<std::chrono::seconds>(std::chrono::steady_clock::now())[m[K;
      |                                     [01;36m[K~~~~~~~~~~~~~~~~~~~~~~~~~~~~~~~~~~~~~~~~~~~~~~~~^~~~~~~~~~~~~~~~~~~~~~~~~~~~~~~~~~[m[K
[01m[K/home/hein/dev/rens-fleetmanager/packages/fleetmanager/src/main.cpp:[m[K In function ‘[01m[Kint[01;32m[K main[m[K()[m[K’:
[01m[K/home/hein/dev/rens-fleetmanager/packages/fleetmanager/src/main.cpp:13:22:[m[K [01;31m[Kerror: [m[K‘[01m[Kclass fleetmanager::fleetmanager[m[K’ has no member named ‘[01m[Kstop[m[K’
   13 |         fleetmanager.[01;31m[Kstop[m[K();
      |                      [01;31m[K^~~~[m[K
gmake[2]: *** [CMakeFiles/rens_fleetmanager.dir/build.make:90: CMakeFiles/rens_fleetmanager.dir/src/main.cpp.o] Error 1
gmake[2]: *** Waiting for unfinished jobs....
gmake[2]: *** [CMakeFiles/rens_fleetmanager.dir/build.make:76: CMakeFiles/rens_fleetmanager.dir/src/fleetmanager.cpp.o] Error 1
gmake[1]: *** [CMakeFiles/Makefile2:137: CMakeFiles/rens_fleetmanager.dir/all] Error 2
gmake: *** [Makefile:146: all] Error 2
