[0.053s] DEBUG:colcon:Command line arguments: ['/usr/bin/colcon', 'build', '--packages-select', 'fleetmanager_interfaces']
[0.053s] DEBUG:colcon:Parsed command line arguments: Namespace(log_base=None, log_level=None, verb_name='build', build_base='build', install_base='install', merge_install=False, symlink_install=False, test_result_base=None, continue_on_error=False, executor='parallel', parallel_workers=16, event_handlers=None, ignore_user_meta=False, metas=['./colcon.meta'], base_paths=['.'], packages_ignore=None, packages_ignore_regex=None, paths=None, packages_up_to=None, packages_up_to_regex=None, packages_above=None, packages_above_and_dependencies=None, packages_above_depth=None, packages_select_by_dep=None, packages_skip_by_dep=None, packages_skip_up_to=None, packages_select_build_failed=False, packages_skip_build_finished=False, packages_select_test_failures=False, packages_skip_test_passed=False, packages_select=['fleetmanager_interfaces'], packages_skip=None, packages_select_regex=None, packages_skip_regex=None, packages_start=None, packages_end=None, allow_overriding=[], cmake_args=None, cmake_target=None, cmake_target_skip_unavailable=False, cmake_clean_cache=False, cmake_clean_first=False, cmake_force_configure=False, ament_cmake_args=None, catkin_cmake_args=None, catkin_skip_building_tests=False, mixin_files=None, mixin=None, verb_parser=<colcon_mixin.mixin.mixin_argument.MixinArgumentDecorator object at 0x7aac8eaaa2a0>, verb_extension=<colcon_core.verb.build.BuildVerb object at 0x7aac8ebce1b0>, main=<bound method BuildVerb.main of <colcon_core.verb.build.BuildVerb object at 0x7aac8ebce1b0>>, mixin_verb=('build',))
[0.072s] Level 1:colcon.colcon_core.package_discovery:discover_packages(colcon_meta) check parameters
[0.072s] Level 1:colcon.colcon_core.package_discovery:discover_packages(recursive) check parameters
[0.072s] Level 1:colcon.colcon_core.package_discovery:discover_packages(ignore) check parameters
[0.072s] Level 1:colcon.colcon_core.package_discovery:discover_packages(path) check parameters
[0.072s] Level 1:colcon.colcon_core.package_discovery:discover_packages(colcon_meta) discover
[0.072s] Level 1:colcon.colcon_core.package_discovery:discover_packages(recursive) discover
[0.072s] INFO:colcon.colcon_core.package_discovery:Crawling recursively for packages in '/home/hein/dev/rens-fleetmanager'
[0.072s] Level 1:colcon.colcon_core.package_identification:_identify(.) by extensions ['ignore', 'ignore_ament_install']
[0.073s] Level 1:colcon.colcon_core.package_identification:_identify(.) by extension 'ignore'
[0.073s] Level 1:colcon.colcon_core.package_identification:_identify(.) by extension 'ignore_ament_install'
[0.073s] Level 1:colcon.colcon_core.package_identification:_identify(.) by extensions ['colcon_pkg']
[0.073s] Level 1:colcon.colcon_core.package_identification:_identify(.) by extension 'colcon_pkg'
[0.073s] Level 1:colcon.colcon_core.package_identification:_identify(.) by extensions ['colcon_meta']
[0.073s] Level 1:colcon.colcon_core.package_identification:_identify(.) by extension 'colcon_meta'
[0.073s] Level 1:colcon.colcon_core.package_identification:_identify(.) by extensions ['ros']
[0.073s] Level 1:colcon.colcon_core.package_identification:_identify(.) by extension 'ros'
[0.086s] Level 1:colcon.colcon_core.package_identification:_identify(.) by extensions ['cmake', 'python']
[0.086s] Level 1:colcon.colcon_core.package_identification:_identify(.) by extension 'cmake'
[0.086s] Level 1:colcon.colcon_core.package_identification:_identify(.) by extension 'python'
[0.086s] Level 1:colcon.colcon_core.package_identification:_identify(.) by extensions ['python_setup_py']
[0.086s] Level 1:colcon.colcon_core.package_identification:_identify(.) by extension 'python_setup_py'
[0.086s] Level 1:colcon.colcon_core.package_identification:_identify(build) by extensions ['ignore', 'ignore_ament_install']
[0.086s] Level 1:colcon.colcon_core.package_identification:_identify(build) by extension 'ignore'
[0.086s] Level 1:colcon.colcon_core.package_identification:_identify(build) ignored
[0.086s] Level 1:colcon.colcon_core.package_identification:_identify(install) by extensions ['ignore', 'ignore_ament_install']
[0.086s] Level 1:colcon.colcon_core.package_identification:_identify(install) by extension 'ignore'
[0.087s] Level 1:colcon.colcon_core.package_identification:_identify(install) ignored
[0.087s] Level 1:colcon.colcon_core.package_identification:_identify(log) by extensions ['ignore', 'ignore_ament_install']
[0.087s] Level 1:colcon.colcon_core.package_identification:_identify(log) by extension 'ignore'
[0.087s] Level 1:colcon.colcon_core.package_identification:_identify(log) ignored
[0.087s] Level 1:colcon.colcon_core.package_identification:_identify(packages) by extensions ['ignore', 'ignore_ament_install']
[0.087s] Level 1:colcon.colcon_core.package_identification:_identify(packages) by extension 'ignore'
[0.087s] Level 1:colcon.colcon_core.package_identification:_identify(packages) by extension 'ignore_ament_install'
[0.087s] Level 1:colcon.colcon_core.package_identification:_identify(packages) by extensions ['colcon_pkg']
[0.087s] Level 1:colcon.colcon_core.package_identification:_identify(packages) by extension 'colcon_pkg'
[0.087s] Level 1:colcon.colcon_core.package_identification:_identify(packages) by extensions ['colcon_meta']
[0.087s] Level 1:colcon.colcon_core.package_identification:_identify(packages) by extension 'colcon_meta'
[0.087s] Level 1:colcon.colcon_core.package_identification:_identify(packages) by extensions ['ros']
[0.087s] Level 1:colcon.colcon_core.package_identification:_identify(packages) by extension 'ros'
[0.087s] Level 1:colcon.colcon_core.package_identification:_identify(packages) by extensions ['cmake', 'python']
[0.087s] Level 1:colcon.colcon_core.package_identification:_identify(packages) by extension 'cmake'
[0.087s] Level 1:colcon.colcon_core.package_identification:_identify(packages) by extension 'python'
[0.087s] Level 1:colcon.colcon_core.package_identification:_identify(packages) by extensions ['python_setup_py']
[0.087s] Level 1:colcon.colcon_core.package_identification:_identify(packages) by extension 'python_setup_py'
[0.087s] Level 1:colcon.colcon_core.package_identification:_identify(packages/fleetmanager) by extensions ['ignore', 'ignore_ament_install']
[0.087s] Level 1:colcon.colcon_core.package_identification:_identify(packages/fleetmanager) by extension 'ignore'
[0.087s] Level 1:colcon.colcon_core.package_identification:_identify(packages/fleetmanager) by extension 'ignore_ament_install'
[0.087s] Level 1:colcon.colcon_core.package_identification:_identify(packages/fleetmanager) by extensions ['colcon_pkg']
[0.087s] Level 1:colcon.colcon_core.package_identification:_identify(packages/fleetmanager) by extension 'colcon_pkg'
[0.087s] Level 1:colcon.colcon_core.package_identification:_identify(packages/fleetmanager) by extensions ['colcon_meta']
[0.087s] Level 1:colcon.colcon_core.package_identification:_identify(packages/fleetmanager) by extension 'colcon_meta'
[0.087s] Level 1:colcon.colcon_core.package_identification:_identify(packages/fleetmanager) by extensions ['ros']
[0.087s] Level 1:colcon.colcon_core.package_identification:_identify(packages/fleetmanager) by extension 'ros'
[0.088s] DEBUG:colcon.colcon_core.package_identification:Package 'packages/fleetmanager' with type 'ros.ament_cmake' and name 'fleetmanager'
[0.088s] Level 1:colcon.colcon_core.package_identification:_identify(packages/fleetmanager_interfaces) by extensions ['ignore', 'ignore_ament_install']
[0.088s] Level 1:colcon.colcon_core.package_identification:_identify(packages/fleetmanager_interfaces) by extension 'ignore'
[0.088s] Level 1:colcon.colcon_core.package_identification:_identify(packages/fleetmanager_interfaces) by extension 'ignore_ament_install'
[0.088s] Level 1:colcon.colcon_core.package_identification:_identify(packages/fleetmanager_interfaces) by extensions ['colcon_pkg']
[0.088s] Level 1:colcon.colcon_core.package_identification:_identify(packages/fleetmanager_interfaces) by extension 'colcon_pkg'
[0.089s] Level 1:colcon.colcon_core.package_identification:_identify(packages/fleetmanager_interfaces) by extensions ['colcon_meta']
[0.089s] Level 1:colcon.colcon_core.package_identification:_identify(packages/fleetmanager_interfaces) by extension 'colcon_meta'
[0.089s] Level 1:colcon.colcon_core.package_identification:_identify(packages/fleetmanager_interfaces) by extensions ['ros']
[0.089s] Level 1:colcon.colcon_core.package_identification:_identify(packages/fleetmanager_interfaces) by extension 'ros'
[0.089s] DEBUG:colcon.colcon_core.package_identification:Package 'packages/fleetmanager_interfaces' with type 'ros.ament_cmake' and name 'fleetmanager_interfaces'
[0.089s] Level 1:colcon.colcon_core.package_discovery:discover_packages(recursive) using defaults
[0.089s] Level 1:colcon.colcon_core.package_discovery:discover_packages(ignore) discover
[0.089s] Level 1:colcon.colcon_core.package_discovery:discover_packages(ignore) using defaults
[0.089s] Level 1:colcon.colcon_core.package_discovery:discover_packages(path) discover
[0.089s] Level 1:colcon.colcon_core.package_discovery:discover_packages(path) using defaults
[0.098s] INFO:colcon.colcon_core.package_selection:Skipping not selected package 'fleetmanager' in 'packages/fleetmanager'
[0.098s] Level 1:colcon.colcon_core.package_discovery:discover_packages(prefix_path) check parameters
[0.098s] Level 1:colcon.colcon_core.package_discovery:discover_packages(prefix_path) discover
[0.099s] DEBUG:colcon.colcon_installed_package_information.package_discovery:Found 338 installed packages in /opt/ros/jazzy
[0.100s] Level 1:colcon.colcon_core.package_discovery:discover_packages(prefix_path) using defaults
[0.120s] Level 5:colcon.colcon_core.verb:set package 'fleetmanager_interfaces' build argument 'cmake_args' from command line to 'None'
[0.120s] Level 5:colcon.colcon_core.verb:set package 'fleetmanager_interfaces' build argument 'cmake_target' from command line to 'None'
[0.120s] Level 5:colcon.colcon_core.verb:set package 'fleetmanager_interfaces' build argument 'cmake_target_skip_unavailable' from command line to 'False'
[0.120s] Level 5:colcon.colcon_core.verb:set package 'fleetmanager_interfaces' build argument 'cmake_clean_cache' from command line to 'False'
[0.120s] Level 5:colcon.colcon_core.verb:set package 'fleetmanager_interfaces' build argument 'cmake_clean_first' from command line to 'False'
[0.120s] Level 5:colcon.colcon_core.verb:set package 'fleetmanager_interfaces' build argument 'cmake_force_configure' from command line to 'False'
[0.120s] Level 5:colcon.colcon_core.verb:set package 'fleetmanager_interfaces' build argument 'ament_cmake_args' from command line to 'None'
[0.120s] Level 5:colcon.colcon_core.verb:set package 'fleetmanager_interfaces' build argument 'catkin_cmake_args' from command line to 'None'
[0.120s] Level 5:colcon.colcon_core.verb:set package 'fleetmanager_interfaces' build argument 'catkin_skip_building_tests' from command line to 'False'
[0.120s] DEBUG:colcon.colcon_core.verb:Building package 'fleetmanager_interfaces' with the following arguments: {'ament_cmake_args': None, 'build_base': '/home/hein/dev/rens-fleetmanager/build/fleetmanager_interfaces', 'catkin_cmake_args': None, 'catkin_skip_building_tests': False, 'cmake_args': None, 'cmake_clean_cache': False, 'cmake_clean_first': False, 'cmake_force_configure': False, 'cmake_target': None, 'cmake_target_skip_unavailable': False, 'install_base': '/home/hein/dev/rens-fleetmanager/install/fleetmanager_interfaces', 'merge_install': False, 'path': '/home/hein/dev/rens-fleetmanager/packages/fleetmanager_interfaces', 'symlink_install': False, 'test_result_base': None}
[0.120s] INFO:colcon.colcon_core.executor:Executing jobs using 'parallel' executor
[0.121s] DEBUG:colcon.colcon_parallel_executor.executor.parallel:run_until_complete
[0.121s] INFO:colcon.colcon_ros.task.ament_cmake.build:Building ROS package in '/home/hein/dev/rens-fleetmanager/packages/fleetmanager_interfaces' with build type 'ament_cmake'
[0.121s] INFO:colcon.colcon_cmake.task.cmake.build:Building CMake package in '/home/hein/dev/rens-fleetmanager/packages/fleetmanager_interfaces'
[0.122s] INFO:colcon.colcon_core.plugin_system:Skipping extension 'colcon_core.shell.bat': Not used on non-Windows systems
[0.122s] INFO:colcon.colcon_core.shell:Skip shell extension 'powershell' for command environment: Not usable outside of PowerShell
[0.122s] DEBUG:colcon.colcon_core.shell:Skip shell extension 'dsv' for command environment
[0.127s] DEBUG:colcon.colcon_core.event_handler.log_command:Invoking command in '/home/hein/dev/rens-fleetmanager/build/fleetmanager_interfaces': CMAKE_PREFIX_PATH=${CMAKE_PREFIX_PATH}:/opt/ros/jazzy DEBUGINFOD_URLS=https://debuginfod.ubuntu.com /usr/bin/cmake --build /home/hein/dev/rens-fleetmanager/build/fleetmanager_interfaces -- -j16 -l16
[0.357s] DEBUG:colcon.colcon_core.event_handler.log_command:Invoked command in '/home/hein/dev/rens-fleetmanager/build/fleetmanager_interfaces' returned '0': CMAKE_PREFIX_PATH=${CMAKE_PREFIX_PATH}:/opt/ros/jazzy DEBUGINFOD_URLS=https://debuginfod.ubuntu.com /usr/bin/cmake --build /home/hein/dev/rens-fleetmanager/build/fleetmanager_interfaces -- -j16 -l16
[0.363s] DEBUG:colcon.colcon_core.event_handler.log_command:Invoking command in '/home/hein/dev/rens-fleetmanager/build/fleetmanager_interfaces': CMAKE_PREFIX_PATH=${CMAKE_PREFIX_PATH}:/opt/ros/jazzy DEBUGINFOD_URLS=https://debuginfod.ubuntu.com /usr/bin/cmake --install /home/hein/dev/rens-fleetmanager/build/fleetmanager_interfaces
[0.396s] Level 1:colcon.colcon_core.environment:create_environment_scripts_only(fleetmanager_interfaces)
[0.396s] DEBUG:colcon.colcon_core.event_handler.log_command:Invoked command in '/home/hein/dev/rens-fleetmanager/build/fleetmanager_interfaces' returned '0': CMAKE_PREFIX_PATH=${CMAKE_PREFIX_PATH}:/opt/ros/jazzy DEBUGINFOD_URLS=https://debuginfod.ubuntu.com /usr/bin/cmake --install /home/hein/dev/rens-fleetmanager/build/fleetmanager_interfaces
[0.397s] Level 1:colcon.colcon_core.environment:checking '/home/hein/dev/rens-fleetmanager/install/fleetmanager_interfaces' for CMake module files
[0.398s] Level 1:colcon.colcon_core.environment:checking '/home/hein/dev/rens-fleetmanager/install/fleetmanager_interfaces' for CMake config files
[0.398s] Level 1:colcon.colcon_core.shell:create_environment_hook('fleetmanager_interfaces', 'cmake_prefix_path')
[0.398s] INFO:colcon.colcon_core.shell:Creating environment hook '/home/hein/dev/rens-fleetmanager/install/fleetmanager_interfaces/share/fleetmanager_interfaces/hook/cmake_prefix_path.ps1'
[0.398s] INFO:colcon.colcon_core.shell:Creating environment descriptor '/home/hein/dev/rens-fleetmanager/install/fleetmanager_interfaces/share/fleetmanager_interfaces/hook/cmake_prefix_path.dsv'
[0.398s] INFO:colcon.colcon_core.shell:Creating environment hook '/home/hein/dev/rens-fleetmanager/install/fleetmanager_interfaces/share/fleetmanager_interfaces/hook/cmake_prefix_path.sh'
[0.399s] Level 1:colcon.colcon_core.environment:checking '/home/hein/dev/rens-fleetmanager/install/fleetmanager_interfaces/lib'
[0.399s] Level 1:colcon.colcon_core.shell:create_environment_hook('fleetmanager_interfaces', 'ld_library_path_lib')
[0.399s] INFO:colcon.colcon_core.shell:Creating environment hook '/home/hein/dev/rens-fleetmanager/install/fleetmanager_interfaces/share/fleetmanager_interfaces/hook/ld_library_path_lib.ps1'
[0.399s] INFO:colcon.colcon_core.shell:Creating environment descriptor '/home/hein/dev/rens-fleetmanager/install/fleetmanager_interfaces/share/fleetmanager_interfaces/hook/ld_library_path_lib.dsv'
[0.399s] INFO:colcon.colcon_core.shell:Creating environment hook '/home/hein/dev/rens-fleetmanager/install/fleetmanager_interfaces/share/fleetmanager_interfaces/hook/ld_library_path_lib.sh'
[0.400s] Level 1:colcon.colcon_core.environment:checking '/home/hein/dev/rens-fleetmanager/install/fleetmanager_interfaces/bin'
[0.400s] Level 1:colcon.colcon_core.environment:checking '/home/hein/dev/rens-fleetmanager/install/fleetmanager_interfaces/lib/pkgconfig/fleetmanager_interfaces.pc'
[0.400s] Level 1:colcon.colcon_core.environment:checking '/home/hein/dev/rens-fleetmanager/install/fleetmanager_interfaces/lib/python3.12/site-packages'
[0.400s] Level 1:colcon.colcon_core.shell:create_environment_hook('fleetmanager_interfaces', 'pythonpath')
[0.400s] INFO:colcon.colcon_core.shell:Creating environment hook '/home/hein/dev/rens-fleetmanager/install/fleetmanager_interfaces/share/fleetmanager_interfaces/hook/pythonpath.ps1'
[0.400s] INFO:colcon.colcon_core.shell:Creating environment descriptor '/home/hein/dev/rens-fleetmanager/install/fleetmanager_interfaces/share/fleetmanager_interfaces/hook/pythonpath.dsv'
[0.400s] INFO:colcon.colcon_core.shell:Creating environment hook '/home/hein/dev/rens-fleetmanager/install/fleetmanager_interfaces/share/fleetmanager_interfaces/hook/pythonpath.sh'
[0.401s] Level 1:colcon.colcon_core.environment:checking '/home/hein/dev/rens-fleetmanager/install/fleetmanager_interfaces/bin'
[0.401s] INFO:colcon.colcon_core.shell:Creating package script '/home/hein/dev/rens-fleetmanager/install/fleetmanager_interfaces/share/fleetmanager_interfaces/package.ps1'
[0.401s] INFO:colcon.colcon_core.shell:Creating package descriptor '/home/hein/dev/rens-fleetmanager/install/fleetmanager_interfaces/share/fleetmanager_interfaces/package.dsv'
[0.401s] INFO:colcon.colcon_core.shell:Creating package script '/home/hein/dev/rens-fleetmanager/install/fleetmanager_interfaces/share/fleetmanager_interfaces/package.sh'
[0.402s] INFO:colcon.colcon_core.shell:Creating package script '/home/hein/dev/rens-fleetmanager/install/fleetmanager_interfaces/share/fleetmanager_interfaces/package.bash'
[0.402s] INFO:colcon.colcon_core.shell:Creating package script '/home/hein/dev/rens-fleetmanager/install/fleetmanager_interfaces/share/fleetmanager_interfaces/package.zsh'
[0.402s] Level 1:colcon.colcon_core.environment:create_file_with_runtime_dependencies(/home/hein/dev/rens-fleetmanager/install/fleetmanager_interfaces/share/colcon-core/packages/fleetmanager_interfaces)
[0.402s] Level 1:colcon.colcon_core.environment:create_environment_scripts_only(fleetmanager_interfaces)
[0.403s] Level 1:colcon.colcon_core.environment:checking '/home/hein/dev/rens-fleetmanager/install/fleetmanager_interfaces' for CMake module files
[0.403s] Level 1:colcon.colcon_core.environment:checking '/home/hein/dev/rens-fleetmanager/install/fleetmanager_interfaces' for CMake config files
[0.403s] Level 1:colcon.colcon_core.shell:create_environment_hook('fleetmanager_interfaces', 'cmake_prefix_path')
[0.403s] INFO:colcon.colcon_core.shell:Creating environment hook '/home/hein/dev/rens-fleetmanager/install/fleetmanager_interfaces/share/fleetmanager_interfaces/hook/cmake_prefix_path.ps1'
[0.403s] INFO:colcon.colcon_core.shell:Creating environment descriptor '/home/hein/dev/rens-fleetmanager/install/fleetmanager_interfaces/share/fleetmanager_interfaces/hook/cmake_prefix_path.dsv'
[0.403s] INFO:colcon.colcon_core.shell:Creating environment hook '/home/hein/dev/rens-fleetmanager/install/fleetmanager_interfaces/share/fleetmanager_interfaces/hook/cmake_prefix_path.sh'
[0.404s] Level 1:colcon.colcon_core.environment:checking '/home/hein/dev/rens-fleetmanager/install/fleetmanager_interfaces/lib'
[0.404s] Level 1:colcon.colcon_core.shell:create_environment_hook('fleetmanager_interfaces', 'ld_library_path_lib')
[0.404s] INFO:colcon.colcon_core.shell:Creating environment hook '/home/hein/dev/rens-fleetmanager/install/fleetmanager_interfaces/share/fleetmanager_interfaces/hook/ld_library_path_lib.ps1'
[0.404s] INFO:colcon.colcon_core.shell:Creating environment descriptor '/home/hein/dev/rens-fleetmanager/install/fleetmanager_interfaces/share/fleetmanager_interfaces/hook/ld_library_path_lib.dsv'
[0.404s] INFO:colcon.colcon_core.shell:Creating environment hook '/home/hein/dev/rens-fleetmanager/install/fleetmanager_interfaces/share/fleetmanager_interfaces/hook/ld_library_path_lib.sh'
[0.404s] Level 1:colcon.colcon_core.environment:checking '/home/hein/dev/rens-fleetmanager/install/fleetmanager_interfaces/bin'
[0.404s] Level 1:colcon.colcon_core.environment:checking '/home/hein/dev/rens-fleetmanager/install/fleetmanager_interfaces/lib/pkgconfig/fleetmanager_interfaces.pc'
[0.405s] Level 1:colcon.colcon_core.environment:checking '/home/hein/dev/rens-fleetmanager/install/fleetmanager_interfaces/lib/python3.12/site-packages'
[0.405s] Level 1:colcon.colcon_core.shell:create_environment_hook('fleetmanager_interfaces', 'pythonpath')
[0.405s] INFO:colcon.colcon_core.shell:Creating environment hook '/home/hein/dev/rens-fleetmanager/install/fleetmanager_interfaces/share/fleetmanager_interfaces/hook/pythonpath.ps1'
[0.405s] INFO:colcon.colcon_core.shell:Creating environment descriptor '/home/hein/dev/rens-fleetmanager/install/fleetmanager_interfaces/share/fleetmanager_interfaces/hook/pythonpath.dsv'
[0.405s] INFO:colcon.colcon_core.shell:Creating environment hook '/home/hein/dev/rens-fleetmanager/install/fleetmanager_interfaces/share/fleetmanager_interfaces/hook/pythonpath.sh'
[0.405s] Level 1:colcon.colcon_core.environment:checking '/home/hein/dev/rens-fleetmanager/install/fleetmanager_interfaces/bin'
[0.406s] INFO:colcon.colcon_core.shell:Creating package script '/home/hein/dev/rens-fleetmanager/install/fleetmanager_interfaces/share/fleetmanager_interfaces/package.ps1'
[0.406s] INFO:colcon.colcon_core.shell:Creating package descriptor '/home/hein/dev/rens-fleetmanager/install/fleetmanager_interfaces/share/fleetmanager_interfaces/package.dsv'
[0.406s] INFO:colcon.colcon_core.shell:Creating package script '/home/hein/dev/rens-fleetmanager/install/fleetmanager_interfaces/share/fleetmanager_interfaces/package.sh'
[0.406s] INFO:colcon.colcon_core.shell:Creating package script '/home/hein/dev/rens-fleetmanager/install/fleetmanager_interfaces/share/fleetmanager_interfaces/package.bash'
[0.406s] INFO:colcon.colcon_core.shell:Creating package script '/home/hein/dev/rens-fleetmanager/install/fleetmanager_interfaces/share/fleetmanager_interfaces/package.zsh'
[0.407s] Level 1:colcon.colcon_core.environment:create_file_with_runtime_dependencies(/home/hein/dev/rens-fleetmanager/install/fleetmanager_interfaces/share/colcon-core/packages/fleetmanager_interfaces)
[0.407s] DEBUG:colcon.colcon_parallel_executor.executor.parallel:closing loop
[0.407s] DEBUG:colcon.colcon_parallel_executor.executor.parallel:loop closed
[0.407s] DEBUG:colcon.colcon_parallel_executor.executor.parallel:run_until_complete finished with '0'
[0.407s] DEBUG:colcon.colcon_core.event_reactor:joining thread
[0.410s] INFO:colcon.colcon_core.plugin_system:Skipping extension 'colcon_notification.desktop_notification.terminal_notifier': Not used on non-Darwin systems
[0.410s] INFO:colcon.colcon_core.plugin_system:Skipping extension 'colcon_notification.desktop_notification.win32': Not used on non-Windows systems
[0.410s] INFO:colcon.colcon_notification.desktop_notification:Sending desktop notification using 'notify2'
[0.416s] DEBUG:colcon.colcon_core.event_reactor:joined thread
[0.417s] INFO:colcon.colcon_core.shell:Creating prefix script '/home/hein/dev/rens-fleetmanager/install/local_setup.ps1'
[0.417s] INFO:colcon.colcon_core.shell:Creating prefix util module '/home/hein/dev/rens-fleetmanager/install/_local_setup_util_ps1.py'
[0.418s] INFO:colcon.colcon_core.shell:Creating prefix chain script '/home/hein/dev/rens-fleetmanager/install/setup.ps1'
[0.418s] INFO:colcon.colcon_core.shell:Creating prefix script '/home/hein/dev/rens-fleetmanager/install/local_setup.sh'
[0.418s] INFO:colcon.colcon_core.shell:Creating prefix util module '/home/hein/dev/rens-fleetmanager/install/_local_setup_util_sh.py'
[0.418s] INFO:colcon.colcon_core.shell:Creating prefix chain script '/home/hein/dev/rens-fleetmanager/install/setup.sh'
[0.419s] INFO:colcon.colcon_core.shell:Creating prefix script '/home/hein/dev/rens-fleetmanager/install/local_setup.bash'
[0.419s] INFO:colcon.colcon_core.shell:Creating prefix chain script '/home/hein/dev/rens-fleetmanager/install/setup.bash'
[0.419s] INFO:colcon.colcon_core.shell:Creating prefix script '/home/hein/dev/rens-fleetmanager/install/local_setup.zsh'
[0.420s] INFO:colcon.colcon_core.shell:Creating prefix chain script '/home/hein/dev/rens-fleetmanager/install/setup.zsh'
