-- Found ament_cmake: 2.5.4 (/opt/ros/jazzy/share/ament_cmake/cmake)
-- Found rclcpp: 28.1.13 (/opt/ros/jazzy/share/rclcpp/cmake)
-- Found rosidl_generator_c: 4.6.6 (/opt/ros/jazzy/share/rosidl_generator_c/cmake)
-- Found rosidl_generator_cpp: 4.6.6 (/opt/ros/jazzy/share/rosidl_generator_cpp/cmake)
-- Using all available rosidl_typesupport_c: rosidl_typesupport_fastrtps_c;rosidl_typesupport_introspection_c
-- Using all available rosidl_typesupport_cpp: rosidl_typesupport_fastrtps_cpp;rosidl_typesupport_introspection_cpp
-- Found rmw_implementation_cmake: 7.3.2 (/opt/ros/jazzy/share/rmw_implementation_cmake/cmake)
-- Found rmw_cyclonedds_cpp: 2.2.3 (/opt/ros/jazzy/share/rmw_cyclonedds_cpp/cmake)
-- Using RMW implementation 'rmw_cyclonedds_cpp' as default
-- Found rosidl_default_generators: 1.6.0 (/opt/ros/jazzy/share/rosidl_default_generators/cmake)
-- Found rosidl_adapter: 4.6.6 (/opt/ros/jazzy/share/rosidl_adapter/cmake)
-- Found fleetmanager_interfaces: 0.0.0 (/home/hein/dev/rens-fleetmanager/install/fleetmanager_interfaces/share/fleetmanager_interfaces/cmake)
-- Configuring done (0.3s)
-- Generating done (0.0s)
-- Build files have been written to: /home/hein/dev/rens-fleetmanager/build/fleetmanager
[100%] Built target rens_fleetmanager
-- Install configuration: ""
-- Up-to-date: /home/hein/dev/rens-fleetmanager/install/fleetmanager/lib/fleetmanager/rens_fleetmanager
-- Up-to-date: /home/hein/dev/rens-fleetmanager/install/fleetmanager/share/ament_index/resource_index/package_run_dependencies/fleetmanager
-- Up-to-date: /home/hein/dev/rens-fleetmanager/install/fleetmanager/share/ament_index/resource_index/parent_prefix_path/fleetmanager
-- Up-to-date: /home/hein/dev/rens-fleetmanager/install/fleetmanager/share/fleetmanager/environment/ament_prefix_path.sh
-- Up-to-date: /home/hein/dev/rens-fleetmanager/install/fleetmanager/share/fleetmanager/environment/ament_prefix_path.dsv
-- Up-to-date: /home/hein/dev/rens-fleetmanager/install/fleetmanager/share/fleetmanager/environment/path.sh
-- Up-to-date: /home/hein/dev/rens-fleetmanager/install/fleetmanager/share/fleetmanager/environment/path.dsv
-- Up-to-date: /home/hein/dev/rens-fleetmanager/install/fleetmanager/share/fleetmanager/local_setup.bash
-- Up-to-date: /home/hein/dev/rens-fleetmanager/install/fleetmanager/share/fleetmanager/local_setup.sh
-- Up-to-date: /home/hein/dev/rens-fleetmanager/install/fleetmanager/share/fleetmanager/local_setup.zsh
-- Up-to-date: /home/hein/dev/rens-fleetmanager/install/fleetmanager/share/fleetmanager/local_setup.dsv
-- Installing: /home/hein/dev/rens-fleetmanager/install/fleetmanager/share/fleetmanager/package.dsv
-- Up-to-date: /home/hein/dev/rens-fleetmanager/install/fleetmanager/share/ament_index/resource_index/packages/fleetmanager
-- Up-to-date: /home/hein/dev/rens-fleetmanager/install/fleetmanager/share/fleetmanager/cmake/fleetmanagerConfig.cmake
-- Up-to-date: /home/hein/dev/rens-fleetmanager/install/fleetmanager/share/fleetmanager/cmake/fleetmanagerConfig-version.cmake
-- Up-to-date: /home/hein/dev/rens-fleetmanager/install/fleetmanager/share/fleetmanager/package.xml
