[0.007s] Invoking command in '/home/hein/dev/rens-fleetmanager/build/fleetmanager': AMENT_PREFIX_PATH=/home/hein/dev/rens-fleetmanager/install/fleetmanager_interfaces:${AMENT_PREFIX_PATH} CMAKE_PREFIX_PATH=/home/hein/dev/rens-fleetmanager/install/fleetmanager_interfaces:/opt/ros/jazzy/opt/sdformat_vendor:/opt/ros/jazzy/opt/gz_math_vendor:/opt/ros/jazzy/opt/gz_utils_vendor:/opt/ros/jazzy/opt/gz_tools_vendor:/opt/ros/jazzy/opt/gz_cmake_vendor:/opt/ros/jazzy DEBUGINFOD_URLS=https://debuginfod.ubuntu.com LD_LIBRARY_PATH=/home/hein/dev/rens-fleetmanager/install/fleetmanager_interfaces/lib:${LD_LIBRARY_PATH} PYTHONPATH=/home/hein/dev/rens-fleetmanager/install/fleetmanager_interfaces/lib/python3.12/site-packages:${PYTHONPATH} /usr/bin/cmake /home/hein/dev/rens-fleetmanager/packages/fleetmanager -DCMAKE_INSTALL_PREFIX=/home/hein/dev/rens-fleetmanager/install/fleetmanager
[0.019s] -- Found ament_cmake: 2.5.4 (/opt/ros/jazzy/share/ament_cmake/cmake)
[0.152s] -- Found rclcpp: 28.1.13 (/opt/ros/jazzy/share/rclcpp/cmake)
[0.167s] -- Found rosidl_generator_c: 4.6.6 (/opt/ros/jazzy/share/rosidl_generator_c/cmake)
[0.171s] -- Found rosidl_generator_cpp: 4.6.6 (/opt/ros/jazzy/share/rosidl_generator_cpp/cmake)
[0.177s] -- Using all available rosidl_typesupport_c: rosidl_typesupport_fastrtps_c;rosidl_typesupport_introspection_c
[0.184s] -- Using all available rosidl_typesupport_cpp: rosidl_typesupport_fastrtps_cpp;rosidl_typesupport_introspection_cpp
[0.218s] -- Found rmw_implementation_cmake: 7.3.2 (/opt/ros/jazzy/share/rmw_implementation_cmake/cmake)
[0.219s] -- Found rmw_cyclonedds_cpp: 2.2.3 (/opt/ros/jazzy/share/rmw_cyclonedds_cpp/cmake)
[0.231s] -- Using RMW implementation 'rmw_cyclonedds_cpp' as default
[0.263s] -- Found rosidl_default_generators: 1.6.0 (/opt/ros/jazzy/share/rosidl_default_generators/cmake)
[0.268s] -- Found rosidl_adapter: 4.6.6 (/opt/ros/jazzy/share/rosidl_adapter/cmake)
[0.269s] -- Found fleetmanager_interfaces: 0.0.0 (/home/hein/dev/rens-fleetmanager/install/fleetmanager_interfaces/share/fleetmanager_interfaces/cmake)
[0.324s] -- Configuring done (0.3s)
[0.329s] -- Generating done (0.0s)
[0.331s] -- Build files have been written to: /home/hein/dev/rens-fleetmanager/build/fleetmanager
[0.335s] Invoked command in '/home/hein/dev/rens-fleetmanager/build/fleetmanager' returned '0': AMENT_PREFIX_PATH=/home/hein/dev/rens-fleetmanager/install/fleetmanager_interfaces:${AMENT_PREFIX_PATH} CMAKE_PREFIX_PATH=/home/hein/dev/rens-fleetmanager/install/fleetmanager_interfaces:/opt/ros/jazzy/opt/sdformat_vendor:/opt/ros/jazzy/opt/gz_math_vendor:/opt/ros/jazzy/opt/gz_utils_vendor:/opt/ros/jazzy/opt/gz_tools_vendor:/opt/ros/jazzy/opt/gz_cmake_vendor:/opt/ros/jazzy DEBUGINFOD_URLS=https://debuginfod.ubuntu.com LD_LIBRARY_PATH=/home/hein/dev/rens-fleetmanager/install/fleetmanager_interfaces/lib:${LD_LIBRARY_PATH} PYTHONPATH=/home/hein/dev/rens-fleetmanager/install/fleetmanager_interfaces/lib/python3.12/site-packages:${PYTHONPATH} /usr/bin/cmake /home/hein/dev/rens-fleetmanager/packages/fleetmanager -DCMAKE_INSTALL_PREFIX=/home/hein/dev/rens-fleetmanager/install/fleetmanager
[0.336s] Invoking command in '/home/hein/dev/rens-fleetmanager/build/fleetmanager': AMENT_PREFIX_PATH=/home/hein/dev/rens-fleetmanager/install/fleetmanager_interfaces:${AMENT_PREFIX_PATH} CMAKE_PREFIX_PATH=/home/hein/dev/rens-fleetmanager/install/fleetmanager_interfaces:/opt/ros/jazzy/opt/sdformat_vendor:/opt/ros/jazzy/opt/gz_math_vendor:/opt/ros/jazzy/opt/gz_utils_vendor:/opt/ros/jazzy/opt/gz_tools_vendor:/opt/ros/jazzy/opt/gz_cmake_vendor:/opt/ros/jazzy DEBUGINFOD_URLS=https://debuginfod.ubuntu.com LD_LIBRARY_PATH=/home/hein/dev/rens-fleetmanager/install/fleetmanager_interfaces/lib:${LD_LIBRARY_PATH} PYTHONPATH=/home/hein/dev/rens-fleetmanager/install/fleetmanager_interfaces/lib/python3.12/site-packages:${PYTHONPATH} /usr/bin/cmake --build /home/hein/dev/rens-fleetmanager/build/fleetmanager -- -j16 -l16
[0.370s] [ 33%] [32mBuilding CXX object CMakeFiles/rens_fleetmanager.dir/src/main.cpp.o[0m
[0.370s] [ 66%] [32mBuilding CXX object CMakeFiles/rens_fleetmanager.dir/src/fleetmanager.cpp.o[0m
[0.533s] In file included from [01m[K/home/hein/dev/rens-fleetmanager/packages/fleetmanager/src/main.cpp:1[m[K:
[0.533s] [01m[K/home/hein/dev/rens-fleetmanager/packages/fleetmanager/src/./fleetmanager.hpp:4:10:[m[K [01;31m[Kfatal error: [m[Kfleetmanager/msg/error.hpp: No such file or directory
[0.534s]     4 | #include [01;31m[K<fleetmanager/msg/error.hpp>[m[K
[0.534s]       |          [01;31m[K^~~~~~~~~~~~~~~~~~~~~~~~~~~~[m[K
[0.534s] In file included from [01m[K/home/hein/dev/rens-fleetmanager/packages/fleetmanager/src/fleetmanager.cpp:1[m[K:
[0.534s] [01m[K/home/hein/dev/rens-fleetmanager/packages/fleetmanager/src/./fleetmanager.hpp:4:10:[m[K [01;31m[Kfatal error: [m[Kfleetmanager/msg/error.hpp: No such file or directory
[0.534s]     4 | #include [01;31m[K<fleetmanager/msg/error.hpp>[m[K
[0.534s]       |          [01;31m[K^~~~~~~~~~~~~~~~~~~~~~~~~~~~[m[K
[0.534s] compilation terminated.
[0.534s] compilation terminated.
[0.535s] gmake[2]: *** [CMakeFiles/rens_fleetmanager.dir/build.make:90: CMakeFiles/rens_fleetmanager.dir/src/main.cpp.o] Error 1
[0.535s] gmake[2]: *** Waiting for unfinished jobs....
[0.535s] gmake[2]: *** [CMakeFiles/rens_fleetmanager.dir/build.make:76: CMakeFiles/rens_fleetmanager.dir/src/fleetmanager.cpp.o] Error 1
[0.535s] gmake[1]: *** [CMakeFiles/Makefile2:137: CMakeFiles/rens_fleetmanager.dir/all] Error 2
[0.535s] gmake: *** [Makefile:146: all] Error 2
[0.538s] Invoked command in '/home/hein/dev/rens-fleetmanager/build/fleetmanager' returned '2': AMENT_PREFIX_PATH=/home/hein/dev/rens-fleetmanager/install/fleetmanager_interfaces:${AMENT_PREFIX_PATH} CMAKE_PREFIX_PATH=/home/hein/dev/rens-fleetmanager/install/fleetmanager_interfaces:/opt/ros/jazzy/opt/sdformat_vendor:/opt/ros/jazzy/opt/gz_math_vendor:/opt/ros/jazzy/opt/gz_utils_vendor:/opt/ros/jazzy/opt/gz_tools_vendor:/opt/ros/jazzy/opt/gz_cmake_vendor:/opt/ros/jazzy DEBUGINFOD_URLS=https://debuginfod.ubuntu.com LD_LIBRARY_PATH=/home/hein/dev/rens-fleetmanager/install/fleetmanager_interfaces/lib:${LD_LIBRARY_PATH} PYTHONPATH=/home/hein/dev/rens-fleetmanager/install/fleetmanager_interfaces/lib/python3.12/site-packages:${PYTHONPATH} /usr/bin/cmake --build /home/hein/dev/rens-fleetmanager/build/fleetmanager -- -j16 -l16
